Archive member included because of file (symbol)

..\..\..\libm.a(lib_a-s_atan.o)
                              ..\obj\CompFilter.o (atan)
..\..\..\libm.a(lib_a-s_fabs.o)
                              ..\..\..\libm.a(lib_a-s_atan.o) (fabs)
..\..\..\libm.a(lib_a-w_pow.o)
                              ..\obj\CompFilter.o (pow)
..\..\..\libm.a(lib_a-w_sqrt.o)
                              ..\obj\CompFilter.o (sqrt)
..\..\..\libm.a(lib_a-e_pow.o)
                              ..\..\..\libm.a(lib_a-w_pow.o) (__ieee754_pow)
..\..\..\libm.a(lib_a-e_sqrt.o)
                              ..\..\..\libm.a(lib_a-w_sqrt.o) (__ieee754_sqrt)
..\..\..\libm.a(lib_a-s_finite.o)
                              ..\..\..\libm.a(lib_a-w_pow.o) (finite)
..\..\..\libm.a(lib_a-s_fpclassify.o)
                              ..\..\..\libm.a(lib_a-w_pow.o) (__fpclassifyd)
..\..\..\libm.a(lib_a-s_lib_ver.o)
                              ..\..\..\libm.a(lib_a-w_pow.o) (__fdlib_version)
..\..\..\libm.a(lib_a-s_matherr.o)
                              ..\..\..\libm.a(lib_a-w_pow.o) (matherr)
..\..\..\libm.a(lib_a-s_nan.o)
                              ..\..\..\libm.a(lib_a-e_pow.o) (nan)
..\..\..\libm.a(lib_a-s_rint.o)
                              ..\..\..\libm.a(lib_a-w_pow.o) (rint)
..\..\..\libm.a(lib_a-s_scalbn.o)
                              ..\..\..\libm.a(lib_a-e_pow.o) (scalbn)
..\..\..\libm.a(lib_a-s_copysign.o)
                              ..\..\..\libm.a(lib_a-s_scalbn.o) (copysign)
c:/program files/gnu tools arm embedded/4.8 2013q4/bin/../lib/gcc/arm-none-eabi/4.8.3/armv7e-m/fpu\libgcc.a(_arm_addsubdf3.o)
                              ..\..\..\libm.a(lib_a-s_atan.o) (__aeabi_dsub)
c:/program files/gnu tools arm embedded/4.8 2013q4/bin/../lib/gcc/arm-none-eabi/4.8.3/armv7e-m/fpu\libgcc.a(_arm_muldivdf3.o)
                              ..\obj\CompFilter.o (__aeabi_dmul)
c:/program files/gnu tools arm embedded/4.8 2013q4/bin/../lib/gcc/arm-none-eabi/4.8.3/armv7e-m/fpu\libgcc.a(_arm_cmpdf2.o)
                              ..\..\..\libm.a(lib_a-w_pow.o) (__aeabi_dcmpeq)
c:/program files/gnu tools arm embedded/4.8 2013q4/bin/../lib/gcc/arm-none-eabi/4.8.3/armv7e-m/fpu\libgcc.a(_arm_fixunsdfsi.o)
                              ..\obj\lcd.o (__aeabi_d2uiz)
c:/program files/gnu tools arm embedded/4.8 2013q4/bin/../lib/gcc/arm-none-eabi/4.8.3/../../../../arm-none-eabi/lib/armv7e-m/fpu\libg.a(lib_a-errno.o)
                              ..\..\..\libm.a(lib_a-w_pow.o) (__errno)
c:/program files/gnu tools arm embedded/4.8 2013q4/bin/../lib/gcc/arm-none-eabi/4.8.3/../../../../arm-none-eabi/lib/armv7e-m/fpu\libg.a(lib_a-impure.o)
                              c:/program files/gnu tools arm embedded/4.8 2013q4/bin/../lib/gcc/arm-none-eabi/4.8.3/../../../../arm-none-eabi/lib/armv7e-m/fpu\libg.a(lib_a-errno.o) (_impure_ptr)
c:/program files/gnu tools arm embedded/4.8 2013q4/bin/../lib/gcc/arm-none-eabi/4.8.3/../../../../arm-none-eabi/lib/armv7e-m/fpu\libg.a(lib_a-memcpy.o)
                              ..\obj\queue.o (memcpy)
c:/program files/gnu tools arm embedded/4.8 2013q4/bin/../lib/gcc/arm-none-eabi/4.8.3/../../../../arm-none-eabi/lib/armv7e-m/fpu\libg.a(lib_a-memset.o)
                              ..\obj\tasks.o (memset)

Allocating common symbols
Common symbol       size              file

curstate            0x1               ..\obj\KeyBoard_lib.o
xQueueRegistry      0x40              ..\obj\queue.o
button              0x1               ..\obj\main.o
i                   0x1               ..\obj\main.o
GPIO_InitStructure  0x8               ..\obj\KeyBoard_lib.o
Tx_Buf              0x1               ..\obj\main.o
str                 0x40              ..\obj\main.o

Discarded input sections

 .text          0x00000000        0x0 ..\obj\heap_4.o
 .rodata        0x00000000        0x8 ..\obj\heap_4.o
 .text.xPortGetFreeHeapSize
                0x00000000       0x18 ..\obj\heap_4.o
 .text.xPortGetMinimumEverFreeHeapSize
                0x00000000       0x18 ..\obj\heap_4.o
 .text.vPortInitialiseBlocks
                0x00000000        0xc ..\obj\heap_4.o
 .text          0x00000000        0x0 ..\obj\CompFilter.o
 .data          0x00000000        0x0 ..\obj\CompFilter.o
 .bss           0x00000000        0x0 ..\obj\CompFilter.o
 .text.GetPitchAngle
                0x00000000      0x1f0 ..\obj\CompFilter.o
 .text.GetYawAngle
                0x00000000      0x1f0 ..\obj\CompFilter.o
 .debug_info    0x00000000      0x232 ..\obj\CompFilter.o
 .debug_abbrev  0x00000000       0xa3 ..\obj\CompFilter.o
 .debug_aranges
                0x00000000       0x28 ..\obj\CompFilter.o
 .debug_ranges  0x00000000       0x18 ..\obj\CompFilter.o
 .debug_line    0x00000000      0x146 ..\obj\CompFilter.o
 .debug_str     0x00000000      0x232 ..\obj\CompFilter.o
 .comment       0x00000000       0x71 ..\obj\CompFilter.o
 .ARM.attributes
                0x00000000       0x39 ..\obj\CompFilter.o
 .debug_frame   0x00000000       0x60 ..\obj\CompFilter.o
 .text          0x00000000        0x0 ..\obj\startup_stm32f4xx.o
 .data          0x00000000        0x0 ..\obj\startup_stm32f4xx.o
 .bss           0x00000000        0x0 ..\obj\startup_stm32f4xx.o
 .text          0x00000000        0x0 ..\obj\nRF24L01P.o
 .bss           0x00000000       0x44 ..\obj\nRF24L01P.o
 .text.nRF24L01_RxPacket
                0x00000000       0x44 ..\obj\nRF24L01P.o
 .text.SPI_RD_Reg
                0x00000000       0x34 ..\obj\nRF24L01P.o
 .text.SPI_Read_Buf
                0x00000000       0x5c ..\obj\nRF24L01P.o
 .text          0x00000000        0x0 ..\obj\main.o
 .data          0x00000000        0x4 ..\obj\main.o
 .bss           0x00000000       0x44 ..\obj\main.o
 .text          0x00000000        0x0 ..\obj\stm32f4xx_rcc.o
 .data          0x00000000       0x10 ..\obj\stm32f4xx_rcc.o
 .bss           0x00000000        0x0 ..\obj\stm32f4xx_rcc.o
 .text.RCC_DeInit
                0x00000000       0x50 ..\obj\stm32f4xx_rcc.o
 .text.RCC_HSEConfig
                0x00000000       0x24 ..\obj\stm32f4xx_rcc.o
 .text.RCC_WaitForHSEStartUp
                0x00000000       0x50 ..\obj\stm32f4xx_rcc.o
 .text.RCC_AdjustHSICalibrationValue
                0x00000000       0x3c ..\obj\stm32f4xx_rcc.o
 .text.RCC_HSICmd
                0x00000000       0x20 ..\obj\stm32f4xx_rcc.o
 .text.RCC_LSEConfig
                0x00000000       0x40 ..\obj\stm32f4xx_rcc.o
 .text.RCC_LSICmd
                0x00000000       0x20 ..\obj\stm32f4xx_rcc.o
 .text.RCC_PLLConfig
                0x00000000       0x3c ..\obj\stm32f4xx_rcc.o
 .text.RCC_PLLCmd
                0x00000000       0x20 ..\obj\stm32f4xx_rcc.o
 .text.RCC_PLLI2SConfig
                0x00000000       0x28 ..\obj\stm32f4xx_rcc.o
 .text.RCC_PLLI2SCmd
                0x00000000       0x20 ..\obj\stm32f4xx_rcc.o
 .text.RCC_ClockSecuritySystemCmd
                0x00000000       0x20 ..\obj\stm32f4xx_rcc.o
 .text.RCC_MCO1Config
                0x00000000       0x3c ..\obj\stm32f4xx_rcc.o
 .text.RCC_MCO2Config
                0x00000000       0x3c ..\obj\stm32f4xx_rcc.o
 .text.RCC_SYSCLKConfig
                0x00000000       0x38 ..\obj\stm32f4xx_rcc.o
 .text.RCC_GetSYSCLKSource
                0x00000000       0x20 ..\obj\stm32f4xx_rcc.o
 .text.RCC_HCLKConfig
                0x00000000       0x38 ..\obj\stm32f4xx_rcc.o
 .text.RCC_PCLK1Config
                0x00000000       0x38 ..\obj\stm32f4xx_rcc.o
 .text.RCC_PCLK2Config
                0x00000000       0x38 ..\obj\stm32f4xx_rcc.o
 .text.RCC_GetClocksFreq
                0x00000000      0x154 ..\obj\stm32f4xx_rcc.o
 .text.RCC_RTCCLKConfig
                0x00000000       0x5c ..\obj\stm32f4xx_rcc.o
 .text.RCC_RTCCLKCmd
                0x00000000       0x20 ..\obj\stm32f4xx_rcc.o
 .text.RCC_BackupResetCmd
                0x00000000       0x20 ..\obj\stm32f4xx_rcc.o
 .text.RCC_I2SCLKConfig
                0x00000000       0x1c ..\obj\stm32f4xx_rcc.o
 .text.RCC_AHB2PeriphClockCmd
                0x00000000       0x3c ..\obj\stm32f4xx_rcc.o
 .text.RCC_AHB3PeriphClockCmd
                0x00000000       0x3c ..\obj\stm32f4xx_rcc.o
 .text.RCC_APB1PeriphClockCmd
                0x00000000       0x3c ..\obj\stm32f4xx_rcc.o
 .text.RCC_AHB1PeriphResetCmd
                0x00000000       0x3c ..\obj\stm32f4xx_rcc.o
 .text.RCC_AHB2PeriphResetCmd
                0x00000000       0x3c ..\obj\stm32f4xx_rcc.o
 .text.RCC_AHB3PeriphResetCmd
                0x00000000       0x3c ..\obj\stm32f4xx_rcc.o
 .text.RCC_APB1PeriphResetCmd
                0x00000000       0x3c ..\obj\stm32f4xx_rcc.o
 .text.RCC_APB2PeriphResetCmd
                0x00000000       0x3c ..\obj\stm32f4xx_rcc.o
 .text.RCC_AHB1PeriphClockLPModeCmd
                0x00000000       0x3c ..\obj\stm32f4xx_rcc.o
 .text.RCC_AHB2PeriphClockLPModeCmd
                0x00000000       0x3c ..\obj\stm32f4xx_rcc.o
 .text.RCC_AHB3PeriphClockLPModeCmd
                0x00000000       0x3c ..\obj\stm32f4xx_rcc.o
 .text.RCC_APB1PeriphClockLPModeCmd
                0x00000000       0x3c ..\obj\stm32f4xx_rcc.o
 .text.RCC_APB2PeriphClockLPModeCmd
                0x00000000       0x3c ..\obj\stm32f4xx_rcc.o
 .text.RCC_ITConfig
                0x00000000       0x48 ..\obj\stm32f4xx_rcc.o
 .text.RCC_GetFlagStatus
                0x00000000       0x74 ..\obj\stm32f4xx_rcc.o
 .text.RCC_ClearFlag
                0x00000000       0x1c ..\obj\stm32f4xx_rcc.o
 .text.RCC_GetITStatus
                0x00000000       0x38 ..\obj\stm32f4xx_rcc.o
 .text.RCC_ClearITPendingBit
                0x00000000       0x20 ..\obj\stm32f4xx_rcc.o
 .text          0x00000000        0x0 ..\obj\timers.o
 .data          0x00000000        0x0 ..\obj\timers.o
 .text.xTimerCreate
                0x00000000       0x6c ..\obj\timers.o
 .text.xTimerIsTimerActive
                0x00000000       0x30 ..\obj\timers.o
 .text.pvTimerGetTimerID
                0x00000000       0x1c ..\obj\timers.o
 .text          0x00000000        0x0 ..\obj\tasks.o
 .text.vTaskDelete
                0x00000000       0xa4 ..\obj\tasks.o
 .text.vTaskDelay
                0x00000000       0x64 ..\obj\tasks.o
 .text.uxTaskPriorityGet
                0x00000000       0x34 ..\obj\tasks.o
 .text.vTaskPrioritySet
                0x00000000      0x124 ..\obj\tasks.o
 .text.vTaskSuspend
                0x00000000       0xb0 ..\obj\tasks.o
 .text.prvTaskIsTaskSuspended
                0x00000000       0x64 ..\obj\tasks.o
 .text.vTaskResume
                0x00000000       0x9c ..\obj\tasks.o
 .text.xTaskResumeFromISR
                0x00000000       0xb8 ..\obj\tasks.o
 .text.vTaskEndScheduler
                0x00000000       0x18 ..\obj\tasks.o
 .text.xTaskGetTickCountFromISR
                0x00000000       0x2c ..\obj\tasks.o
 .text.uxTaskGetNumberOfTasks
                0x00000000       0x18 ..\obj\tasks.o
 .text.uxTaskGetSystemState
                0x00000000       0xf8 ..\obj\tasks.o
 .text.vTaskPlaceOnUnorderedEventList
                0x00000000       0x8c ..\obj\tasks.o
 .text.xTaskRemoveFromUnorderedEventList
                0x00000000       0xb0 ..\obj\tasks.o
 .text.uxTaskGetTaskNumber
                0x00000000       0x2c ..\obj\tasks.o
 .text.vTaskSetTaskNumber
                0x00000000       0x24 ..\obj\tasks.o
 .text.prvListTaskWithinSingleList
                0x00000000      0x118 ..\obj\tasks.o
 .text.prvTaskCheckFreeStackSpace
                0x00000000       0x38 ..\obj\tasks.o
 .text.uxTaskResetEventItemValue
                0x00000000       0x30 ..\obj\tasks.o
 .text          0x00000000        0x0 ..\obj\KeyBoard_lib.o
 .data          0x00000000       0x10 ..\obj\KeyBoard_lib.o
 .bss           0x00000000        0x0 ..\obj\KeyBoard_lib.o
 .text.InitKBPinsForIn
                0x00000000       0xb8 ..\obj\KeyBoard_lib.o
 .text.KBRow_1_Out_H
                0x00000000       0x34 ..\obj\KeyBoard_lib.o
 .text.KBRow_1_Out_L
                0x00000000       0x34 ..\obj\KeyBoard_lib.o
 .text.KBRow_2_Out_H
                0x00000000       0x34 ..\obj\KeyBoard_lib.o
 .text.KBRow_2_Out_L
                0x00000000       0x34 ..\obj\KeyBoard_lib.o
 .text.KBRow_3_Out_H
                0x00000000       0x34 ..\obj\KeyBoard_lib.o
 .text.KBRow_3_Out_L
                0x00000000       0x34 ..\obj\KeyBoard_lib.o
 .text.KBRow_4_Out_H
                0x00000000       0x34 ..\obj\KeyBoard_lib.o
 .text.KBRow_4_Out_L
                0x00000000       0x34 ..\obj\KeyBoard_lib.o
 .text.getButton
                0x00000000      0x248 ..\obj\KeyBoard_lib.o
 .debug_info    0x00000000      0x35f ..\obj\KeyBoard_lib.o
 .debug_abbrev  0x00000000      0x115 ..\obj\KeyBoard_lib.o
 .debug_aranges
                0x00000000       0x68 ..\obj\KeyBoard_lib.o
 .debug_ranges  0x00000000       0x58 ..\obj\KeyBoard_lib.o
 .debug_line    0x00000000      0x2a9 ..\obj\KeyBoard_lib.o
 .debug_str     0x00000000      0x3d8 ..\obj\KeyBoard_lib.o
 .comment       0x00000000       0x71 ..\obj\KeyBoard_lib.o
 .ARM.attributes
                0x00000000       0x39 ..\obj\KeyBoard_lib.o
 .debug_frame   0x00000000      0x128 ..\obj\KeyBoard_lib.o
 COMMON         0x00000000        0xc ..\obj\KeyBoard_lib.o
 .text          0x00000000        0x0 ..\obj\stm32f4xx_gpio.o
 .data          0x00000000        0x0 ..\obj\stm32f4xx_gpio.o
 .bss           0x00000000        0x0 ..\obj\stm32f4xx_gpio.o
 .text.GPIO_DeInit
                0x00000000      0x120 ..\obj\stm32f4xx_gpio.o
 .text.GPIO_StructInit
                0x00000000       0x34 ..\obj\stm32f4xx_gpio.o
 .text.GPIO_PinLockConfig
                0x00000000       0x44 ..\obj\stm32f4xx_gpio.o
 .text.GPIO_ReadInputDataBit
                0x00000000       0x34 ..\obj\stm32f4xx_gpio.o
 .text.GPIO_ReadInputData
                0x00000000       0x1c ..\obj\stm32f4xx_gpio.o
 .text.GPIO_ReadOutputDataBit
                0x00000000       0x34 ..\obj\stm32f4xx_gpio.o
 .text.GPIO_ReadOutputData
                0x00000000       0x1c ..\obj\stm32f4xx_gpio.o
 .text.GPIO_WriteBit
                0x00000000       0x30 ..\obj\stm32f4xx_gpio.o
 .text.GPIO_Write
                0x00000000       0x1c ..\obj\stm32f4xx_gpio.o
 .text.GPIO_ToggleBits
                0x00000000       0x24 ..\obj\stm32f4xx_gpio.o
 .text          0x00000000        0x0 ..\obj\list.o
 .data          0x00000000        0x0 ..\obj\list.o
 .bss           0x00000000        0x0 ..\obj\list.o
 .text          0x00000000        0x0 ..\obj\system_stm32f4xx.o
 .data          0x00000000       0x14 ..\obj\system_stm32f4xx.o
 .bss           0x00000000        0x0 ..\obj\system_stm32f4xx.o
 .text.SystemCoreClockUpdate
                0x00000000       0xf8 ..\obj\system_stm32f4xx.o
 .text          0x00000000        0x0 ..\obj\port.o
 .rodata        0x00000000        0x4 ..\obj\port.o
 .text.vPortEndScheduler
                0x00000000       0x1c ..\obj\port.o
 .text          0x00000000        0x0 ..\obj\queue.o
 .data          0x00000000        0x0 ..\obj\queue.o
 .bss           0x00000000        0x0 ..\obj\queue.o
 .text.xQueueCreateMutex
                0x00000000       0x90 ..\obj\queue.o
 .text.xQueueGiveMutexRecursive
                0x00000000       0x58 ..\obj\queue.o
 .text.xQueueTakeMutexRecursive
                0x00000000       0x60 ..\obj\queue.o
 .text.xQueueCreateCountingSemaphore
                0x00000000       0x54 ..\obj\queue.o
 .text.xQueueReceiveFromISR
                0x00000000       0xb4 ..\obj\queue.o
 .text.xQueuePeekFromISR
                0x00000000       0x78 ..\obj\queue.o
 .text.uxQueueMessagesWaiting
                0x00000000       0x2c ..\obj\queue.o
 .text.uxQueueSpacesAvailable
                0x00000000       0x38 ..\obj\queue.o
 .text.uxQueueMessagesWaitingFromISR
                0x00000000       0x24 ..\obj\queue.o
 .text.vQueueDelete
                0x00000000       0x3c ..\obj\queue.o
 .text.uxQueueGetQueueNumber
                0x00000000       0x18 ..\obj\queue.o
 .text.vQueueSetQueueNumber
                0x00000000       0x1c ..\obj\queue.o
 .text.ucQueueGetQueueType
                0x00000000       0x1c ..\obj\queue.o
 .text.xQueueIsQueueEmptyFromISR
                0x00000000       0x30 ..\obj\queue.o
 .text.xQueueIsQueueFullFromISR
                0x00000000       0x34 ..\obj\queue.o
 .text.vQueueUnregisterQueue
                0x00000000       0x44 ..\obj\queue.o
 .text          0x00000000        0x0 ..\obj\croutine.o
 .data          0x00000000        0x0 ..\obj\croutine.o
 .bss           0x00000000       0x80 ..\obj\croutine.o
 .text.xCoRoutineCreate
                0x00000000       0xcc ..\obj\croutine.o
 .text.vCoRoutineAddToDelayedList
                0x00000000       0x84 ..\obj\croutine.o
 .text.prvCheckPendingReadyList
                0x00000000       0x78 ..\obj\croutine.o
 .text.prvCheckDelayedList
                0x00000000       0xf8 ..\obj\croutine.o
 .text.vCoRoutineSchedule
                0x00000000       0xa0 ..\obj\croutine.o
 .text.prvInitialiseCoRoutineLists
                0x00000000       0x68 ..\obj\croutine.o
 .text.xCoRoutineRemoveFromEventList
                0x00000000       0x50 ..\obj\croutine.o
 .debug_info    0x00000000      0x4a4 ..\obj\croutine.o
 .debug_abbrev  0x00000000      0x17e ..\obj\croutine.o
 .debug_aranges
                0x00000000       0x50 ..\obj\croutine.o
 .debug_ranges  0x00000000       0x40 ..\obj\croutine.o
 .debug_line    0x00000000      0x22a ..\obj\croutine.o
 .debug_str     0x00000000      0x4c8 ..\obj\croutine.o
 .comment       0x00000000       0x71 ..\obj\croutine.o
 .ARM.attributes
                0x00000000       0x39 ..\obj\croutine.o
 .debug_frame   0x00000000       0xf0 ..\obj\croutine.o
 .text          0x00000000        0x0 ..\obj\lcd.o
 .data          0x00000000        0x0 ..\obj\lcd.o
 .bss           0x00000000        0x0 ..\obj\lcd.o
 .text.lcd_clrscr
                0x00000000        0xc ..\obj\lcd.o
 .text.lcd_write_double_xx_xx
                0x00000000       0x74 ..\obj\lcd.o
 .text.lcd_write_double_xxxx
                0x00000000       0x24 ..\obj\lcd.o
 .text.lcd_write_dec_xxxxx
                0x00000000      0x160 ..\obj\lcd.o
 .text.lcd_write_dec_xxxx
                0x00000000       0xf4 ..\obj\lcd.o
 .text.lcd_write_dec_xxx
                0x00000000       0x98 ..\obj\lcd.o
 .text.lcd_write_dec_x
                0x00000000       0x20 ..\obj\lcd.o
 .text.lcd_write_dec_sign_xxxx
                0x00000000       0x94 ..\obj\lcd.o
 .text          0x00000000        0x0 ..\obj\stm32f4xx_spi.o
 .data          0x00000000        0x0 ..\obj\stm32f4xx_spi.o
 .bss           0x00000000        0x0 ..\obj\stm32f4xx_spi.o
 .text.SPI_I2S_DeInit
                0x00000000       0x74 ..\obj\stm32f4xx_spi.o
 .text.I2S_Init
                0x00000000      0x1b0 ..\obj\stm32f4xx_spi.o
 .text.SPI_StructInit
                0x00000000       0x48 ..\obj\stm32f4xx_spi.o
 .text.I2S_StructInit
                0x00000000       0x38 ..\obj\stm32f4xx_spi.o
 .text.I2S_Cmd  0x00000000       0x40 ..\obj\stm32f4xx_spi.o
 .text.SPI_DataSizeConfig
                0x00000000       0x38 ..\obj\stm32f4xx_spi.o
 .text.SPI_BiDirectionalLineConfig
                0x00000000       0x40 ..\obj\stm32f4xx_spi.o
 .text.SPI_NSSInternalSoftwareConfig
                0x00000000       0x44 ..\obj\stm32f4xx_spi.o
 .text.SPI_SSOutputCmd
                0x00000000       0x40 ..\obj\stm32f4xx_spi.o
 .text.SPI_TIModeCmd
                0x00000000       0x40 ..\obj\stm32f4xx_spi.o
 .text.I2S_FullDuplexConfig
                0x00000000       0x9c ..\obj\stm32f4xx_spi.o
 .text.SPI_TransmitCRC
                0x00000000       0x24 ..\obj\stm32f4xx_spi.o
 .text.SPI_GetCRC
                0x00000000       0x34 ..\obj\stm32f4xx_spi.o
 .text.SPI_GetCRCPolynomial
                0x00000000       0x1c ..\obj\stm32f4xx_spi.o
 .text.SPI_I2S_DMACmd
                0x00000000       0x48 ..\obj\stm32f4xx_spi.o
 .text.SPI_I2S_ITConfig
                0x00000000       0x60 ..\obj\stm32f4xx_spi.o
 .text.SPI_I2S_ClearFlag
                0x00000000       0x20 ..\obj\stm32f4xx_spi.o
 .text.SPI_I2S_GetITStatus
                0x00000000       0x78 ..\obj\stm32f4xx_spi.o
 .text.SPI_I2S_ClearITPendingBit
                0x00000000       0x34 ..\obj\stm32f4xx_spi.o
 .text          0x00000000        0x0 ..\obj\event_groups.o
 .data          0x00000000        0x0 ..\obj\event_groups.o
 .bss           0x00000000        0x0 ..\obj\event_groups.o
 .text.xEventGroupCreate
                0x00000000       0x30 ..\obj\event_groups.o
 .text.xEventGroupSync
                0x00000000      0x11c ..\obj\event_groups.o
 .text.xEventGroupWaitBits
                0x00000000      0x140 ..\obj\event_groups.o
 .text.xEventGroupClearBits
                0x00000000       0x44 ..\obj\event_groups.o
 .text.xEventGroupClearBitsFromISR
                0x00000000       0x48 ..\obj\event_groups.o
 .text.xEventGroupSetBits
                0x00000000       0xec ..\obj\event_groups.o
 .text.vEventGroupDelete
                0x00000000       0x50 ..\obj\event_groups.o
 .text.vEventGroupSetBitsCallback
                0x00000000       0x18 ..\obj\event_groups.o
 .text.prvTestWaitCondition
                0x00000000       0x44 ..\obj\event_groups.o
 .text.uxEventGroupGetNumber
                0x00000000       0x2c ..\obj\event_groups.o
 .debug_info    0x00000000      0x629 ..\obj\event_groups.o
 .debug_abbrev  0x00000000      0x135 ..\obj\event_groups.o
 .debug_aranges
                0x00000000       0x68 ..\obj\event_groups.o
 .debug_ranges  0x00000000       0x58 ..\obj\event_groups.o
 .debug_line    0x00000000      0x2c8 ..\obj\event_groups.o
 .debug_str     0x00000000      0x4cd ..\obj\event_groups.o
 .comment       0x00000000       0x71 ..\obj\event_groups.o
 .ARM.attributes
                0x00000000       0x39 ..\obj\event_groups.o
 .debug_frame   0x00000000      0x148 ..\obj\event_groups.o
 .text          0x00000000        0x0 ..\obj\stm32f4xx_i2c.o
 .data          0x00000000        0x0 ..\obj\stm32f4xx_i2c.o
 .bss           0x00000000        0x0 ..\obj\stm32f4xx_i2c.o
 .text.I2C_DeInit
                0x00000000       0x74 ..\obj\stm32f4xx_i2c.o
 .text.I2C_Init
                0x00000000      0x184 ..\obj\stm32f4xx_i2c.o
 .text.I2C_StructInit
                0x00000000       0x3c ..\obj\stm32f4xx_i2c.o
 .text.I2C_Cmd  0x00000000       0x40 ..\obj\stm32f4xx_i2c.o
 .text.I2C_GenerateSTART
                0x00000000       0x40 ..\obj\stm32f4xx_i2c.o
 .text.I2C_GenerateSTOP
                0x00000000       0x40 ..\obj\stm32f4xx_i2c.o
 .text.I2C_Send7bitAddress
                0x00000000       0x3c ..\obj\stm32f4xx_i2c.o
 .text.I2C_AcknowledgeConfig
                0x00000000       0x40 ..\obj\stm32f4xx_i2c.o
 .text.I2C_OwnAddress2Config
                0x00000000       0x40 ..\obj\stm32f4xx_i2c.o
 .text.I2C_DualAddressCmd
                0x00000000       0x40 ..\obj\stm32f4xx_i2c.o
 .text.I2C_GeneralCallCmd
                0x00000000       0x40 ..\obj\stm32f4xx_i2c.o
 .text.I2C_SoftwareResetCmd
                0x00000000       0x44 ..\obj\stm32f4xx_i2c.o
 .text.I2C_StretchClockCmd
                0x00000000       0x40 ..\obj\stm32f4xx_i2c.o
 .text.I2C_FastModeDutyCycleConfig
                0x00000000       0x40 ..\obj\stm32f4xx_i2c.o
 .text.I2C_NACKPositionConfig
                0x00000000       0x40 ..\obj\stm32f4xx_i2c.o
 .text.I2C_SMBusAlertConfig
                0x00000000       0x40 ..\obj\stm32f4xx_i2c.o
 .text.I2C_ARPCmd
                0x00000000       0x40 ..\obj\stm32f4xx_i2c.o
 .text.I2C_SendData
                0x00000000       0x20 ..\obj\stm32f4xx_i2c.o
 .text.I2C_ReceiveData
                0x00000000       0x1c ..\obj\stm32f4xx_i2c.o
 .text.I2C_TransmitPEC
                0x00000000       0x40 ..\obj\stm32f4xx_i2c.o
 .text.I2C_PECPositionConfig
                0x00000000       0x40 ..\obj\stm32f4xx_i2c.o
 .text.I2C_CalculatePEC
                0x00000000       0x40 ..\obj\stm32f4xx_i2c.o
 .text.I2C_GetPEC
                0x00000000       0x20 ..\obj\stm32f4xx_i2c.o
 .text.I2C_DMACmd
                0x00000000       0x40 ..\obj\stm32f4xx_i2c.o
 .text.I2C_DMALastTransferCmd
                0x00000000       0x40 ..\obj\stm32f4xx_i2c.o
 .text.I2C_ReadRegister
                0x00000000       0x30 ..\obj\stm32f4xx_i2c.o
 .text.I2C_ITConfig
                0x00000000       0x48 ..\obj\stm32f4xx_i2c.o
 .text.I2C_CheckEvent
                0x00000000       0x60 ..\obj\stm32f4xx_i2c.o
 .text.I2C_GetLastEvent
                0x00000000       0x44 ..\obj\stm32f4xx_i2c.o
 .text.I2C_GetFlagStatus
                0x00000000       0x68 ..\obj\stm32f4xx_i2c.o
 .text.I2C_ClearFlag
                0x00000000       0x2c ..\obj\stm32f4xx_i2c.o
 .text.I2C_GetITStatus
                0x00000000       0x5c ..\obj\stm32f4xx_i2c.o
 .text.I2C_ClearITPendingBit
                0x00000000       0x2c ..\obj\stm32f4xx_i2c.o
 .debug_info    0x00000000      0xac8 ..\obj\stm32f4xx_i2c.o
 .debug_abbrev  0x00000000      0x164 ..\obj\stm32f4xx_i2c.o
 .debug_aranges
                0x00000000      0x120 ..\obj\stm32f4xx_i2c.o
 .debug_ranges  0x00000000      0x110 ..\obj\stm32f4xx_i2c.o
 .debug_line    0x00000000      0x445 ..\obj\stm32f4xx_i2c.o
 .debug_str     0x00000000      0x651 ..\obj\stm32f4xx_i2c.o
 .comment       0x00000000       0x71 ..\obj\stm32f4xx_i2c.o
 .ARM.attributes
                0x00000000       0x39 ..\obj\stm32f4xx_i2c.o
 .debug_frame   0x00000000      0x3b4 ..\obj\stm32f4xx_i2c.o
 .text          0x00000000        0x0 ..\obj\MPU6050.o
 .data          0x00000000        0x0 ..\obj\MPU6050.o
 .bss           0x00000000        0x0 ..\obj\MPU6050.o
 .text.MPU6050_Initialize
                0x00000000       0x20 ..\obj\MPU6050.o
 .text.MPU6050_TestConnection
                0x00000000       0x18 ..\obj\MPU6050.o
 .text.MPU6050_GetDeviceID
                0x00000000       0x20 ..\obj\MPU6050.o
 .text.MPU6050_SetClockSource
                0x00000000       0x20 ..\obj\MPU6050.o
 .text.MPU6050_SetFullScaleGyroRange
                0x00000000       0x20 ..\obj\MPU6050.o
 .text.MPU6050_GetFullScaleGyroRange
                0x00000000       0x20 ..\obj\MPU6050.o
 .text.MPU6050_GetFullScaleAccelRange
                0x00000000       0x20 ..\obj\MPU6050.o
 .text.MPU6050_SetFullScaleAccelRange
                0x00000000       0x20 ..\obj\MPU6050.o
 .text.MPU6050_GetSleepModeStatus
                0x00000000       0x28 ..\obj\MPU6050.o
 .text.MPU6050_SetSleepModeStatus
                0x00000000       0x1c ..\obj\MPU6050.o
 .text.MPU6050_GetRawAccelGyro
                0x00000000       0xc0 ..\obj\MPU6050.o
 .text.MPU6050_WriteBits
                0x00000000       0x88 ..\obj\MPU6050.o
 .text.MPU6050_WriteBit
                0x00000000       0x70 ..\obj\MPU6050.o
 .text.MPU6050_ReadBits
                0x00000000       0x64 ..\obj\MPU6050.o
 .text.MPU6050_ReadBit
                0x00000000       0x48 ..\obj\MPU6050.o
 .text.MPU6050_I2C_Init
                0x00000000       0x94 ..\obj\MPU6050.o
 .text.MPU6050_I2C_ByteWrite
                0x00000000       0x98 ..\obj\MPU6050.o
 .text.MPU6050_I2C_BufferRead
                0x00000000      0x118 ..\obj\MPU6050.o
 .debug_info    0x00000000      0x846 ..\obj\MPU6050.o
 .debug_abbrev  0x00000000      0x1e9 ..\obj\MPU6050.o
 .debug_aranges
                0x00000000       0xa8 ..\obj\MPU6050.o
 .debug_ranges  0x00000000       0x98 ..\obj\MPU6050.o
 .debug_line    0x00000000      0x377 ..\obj\MPU6050.o
 .debug_str     0x00000000      0x698 ..\obj\MPU6050.o
 .comment       0x00000000       0x71 ..\obj\MPU6050.o
 .ARM.attributes
                0x00000000       0x39 ..\obj\MPU6050.o
 .debug_frame   0x00000000      0x248 ..\obj\MPU6050.o
 .text          0x00000000        0x0 ..\obj\stm32f4xx_tim.o
 .data          0x00000000        0x0 ..\obj\stm32f4xx_tim.o
 .bss           0x00000000        0x0 ..\obj\stm32f4xx_tim.o
 .text.TIM_DeInit
                0x00000000      0x1bc ..\obj\stm32f4xx_tim.o
 .text.TIM_TimeBaseInit
                0x00000000       0xd4 ..\obj\stm32f4xx_tim.o
 .text.TIM_TimeBaseStructInit
                0x00000000       0x34 ..\obj\stm32f4xx_tim.o
 .text.TIM_PrescalerConfig
                0x00000000       0x28 ..\obj\stm32f4xx_tim.o
 .text.TIM_CounterModeConfig
                0x00000000       0x38 ..\obj\stm32f4xx_tim.o
 .text.TIM_SetCounter
                0x00000000       0x1c ..\obj\stm32f4xx_tim.o
 .text.TIM_SetAutoreload
                0x00000000       0x1c ..\obj\stm32f4xx_tim.o
 .text.TIM_GetCounter
                0x00000000       0x18 ..\obj\stm32f4xx_tim.o
 .text.TIM_GetPrescaler
                0x00000000       0x1c ..\obj\stm32f4xx_tim.o
 .text.TIM_UpdateDisableConfig
                0x00000000       0x40 ..\obj\stm32f4xx_tim.o
 .text.TIM_UpdateRequestConfig
                0x00000000       0x40 ..\obj\stm32f4xx_tim.o
 .text.TIM_ARRPreloadConfig
                0x00000000       0x40 ..\obj\stm32f4xx_tim.o
 .text.TIM_SelectOnePulseMode
                0x00000000       0x38 ..\obj\stm32f4xx_tim.o
 .text.TIM_SetClockDivision
                0x00000000       0x38 ..\obj\stm32f4xx_tim.o
 .text.TIM_Cmd  0x00000000       0x40 ..\obj\stm32f4xx_tim.o
 .text.TIM_OC1Init
                0x00000000       0xf4 ..\obj\stm32f4xx_tim.o
 .text.TIM_OC2Init
                0x00000000      0x110 ..\obj\stm32f4xx_tim.o
 .text.TIM_OC3Init
                0x00000000      0x10c ..\obj\stm32f4xx_tim.o
 .text.TIM_OC4Init
                0x00000000       0xcc ..\obj\stm32f4xx_tim.o
 .text.TIM_OCStructInit
                0x00000000       0x44 ..\obj\stm32f4xx_tim.o
 .text.TIM_SelectOCxM
                0x00000000       0xac ..\obj\stm32f4xx_tim.o
 .text.TIM_SetCompare1
                0x00000000       0x1c ..\obj\stm32f4xx_tim.o
 .text.TIM_SetCompare2
                0x00000000       0x1c ..\obj\stm32f4xx_tim.o
 .text.TIM_SetCompare3
                0x00000000       0x1c ..\obj\stm32f4xx_tim.o
 .text.TIM_SetCompare4
                0x00000000       0x1c ..\obj\stm32f4xx_tim.o
 .text.TIM_ForcedOC1Config
                0x00000000       0x38 ..\obj\stm32f4xx_tim.o
 .text.TIM_ForcedOC2Config
                0x00000000       0x3c ..\obj\stm32f4xx_tim.o
 .text.TIM_ForcedOC3Config
                0x00000000       0x38 ..\obj\stm32f4xx_tim.o
 .text.TIM_ForcedOC4Config
                0x00000000       0x3c ..\obj\stm32f4xx_tim.o
 .text.TIM_OC1PreloadConfig
                0x00000000       0x38 ..\obj\stm32f4xx_tim.o
 .text.TIM_OC2PreloadConfig
                0x00000000       0x3c ..\obj\stm32f4xx_tim.o
 .text.TIM_OC3PreloadConfig
                0x00000000       0x38 ..\obj\stm32f4xx_tim.o
 .text.TIM_OC4PreloadConfig
                0x00000000       0x3c ..\obj\stm32f4xx_tim.o
 .text.TIM_OC1FastConfig
                0x00000000       0x38 ..\obj\stm32f4xx_tim.o
 .text.TIM_OC2FastConfig
                0x00000000       0x3c ..\obj\stm32f4xx_tim.o
 .text.TIM_OC3FastConfig
                0x00000000       0x38 ..\obj\stm32f4xx_tim.o
 .text.TIM_OC4FastConfig
                0x00000000       0x3c ..\obj\stm32f4xx_tim.o
 .text.TIM_ClearOC1Ref
                0x00000000       0x38 ..\obj\stm32f4xx_tim.o
 .text.TIM_ClearOC2Ref
                0x00000000       0x3c ..\obj\stm32f4xx_tim.o
 .text.TIM_ClearOC3Ref
                0x00000000       0x38 ..\obj\stm32f4xx_tim.o
 .text.TIM_ClearOC4Ref
                0x00000000       0x3c ..\obj\stm32f4xx_tim.o
 .text.TIM_OC1PolarityConfig
                0x00000000       0x38 ..\obj\stm32f4xx_tim.o
 .text.TIM_OC1NPolarityConfig
                0x00000000       0x38 ..\obj\stm32f4xx_tim.o
 .text.TIM_OC2PolarityConfig
                0x00000000       0x3c ..\obj\stm32f4xx_tim.o
 .text.TIM_OC2NPolarityConfig
                0x00000000       0x3c ..\obj\stm32f4xx_tim.o
 .text.TIM_OC3PolarityConfig
                0x00000000       0x3c ..\obj\stm32f4xx_tim.o
 .text.TIM_OC3NPolarityConfig
                0x00000000       0x3c ..\obj\stm32f4xx_tim.o
 .text.TIM_OC4PolarityConfig
                0x00000000       0x3c ..\obj\stm32f4xx_tim.o
 .text.TIM_CCxCmd
                0x00000000       0x54 ..\obj\stm32f4xx_tim.o
 .text.TIM_CCxNCmd
                0x00000000       0x54 ..\obj\stm32f4xx_tim.o
 .text.TIM_ICInit
                0x00000000       0xa8 ..\obj\stm32f4xx_tim.o
 .text.TIM_ICStructInit
                0x00000000       0x30 ..\obj\stm32f4xx_tim.o
 .text.TIM_PWMIConfig
                0x00000000       0xb8 ..\obj\stm32f4xx_tim.o
 .text.TIM_GetCapture1
                0x00000000       0x18 ..\obj\stm32f4xx_tim.o
 .text.TIM_GetCapture2
                0x00000000       0x18 ..\obj\stm32f4xx_tim.o
 .text.TIM_GetCapture3
                0x00000000       0x18 ..\obj\stm32f4xx_tim.o
 .text.TIM_GetCapture4
                0x00000000       0x18 ..\obj\stm32f4xx_tim.o
 .text.TIM_SetIC1Prescaler
                0x00000000       0x38 ..\obj\stm32f4xx_tim.o
 .text.TIM_SetIC2Prescaler
                0x00000000       0x3c ..\obj\stm32f4xx_tim.o
 .text.TIM_SetIC3Prescaler
                0x00000000       0x38 ..\obj\stm32f4xx_tim.o
 .text.TIM_SetIC4Prescaler
                0x00000000       0x3c ..\obj\stm32f4xx_tim.o
 .text.TIM_BDTRConfig
                0x00000000       0x50 ..\obj\stm32f4xx_tim.o
 .text.TIM_BDTRStructInit
                0x00000000       0x3c ..\obj\stm32f4xx_tim.o
 .text.TIM_CtrlPWMOutputs
                0x00000000       0x4c ..\obj\stm32f4xx_tim.o
 .text.TIM_SelectCOM
                0x00000000       0x40 ..\obj\stm32f4xx_tim.o
 .text.TIM_CCPreloadControl
                0x00000000       0x40 ..\obj\stm32f4xx_tim.o
 .text.TIM_ITConfig
                0x00000000       0x48 ..\obj\stm32f4xx_tim.o
 .text.TIM_GenerateEvent
                0x00000000       0x1c ..\obj\stm32f4xx_tim.o
 .text.TIM_GetFlagStatus
                0x00000000       0x38 ..\obj\stm32f4xx_tim.o
 .text.TIM_ClearFlag
                0x00000000       0x20 ..\obj\stm32f4xx_tim.o
 .text.TIM_GetITStatus
                0x00000000       0x54 ..\obj\stm32f4xx_tim.o
 .text.TIM_ClearITPendingBit
                0x00000000       0x20 ..\obj\stm32f4xx_tim.o
 .text.TIM_DMAConfig
                0x00000000       0x28 ..\obj\stm32f4xx_tim.o
 .text.TIM_DMACmd
                0x00000000       0x48 ..\obj\stm32f4xx_tim.o
 .text.TIM_SelectCCDMA
                0x00000000       0x40 ..\obj\stm32f4xx_tim.o
 .text.TIM_InternalClockConfig
                0x00000000       0x24 ..\obj\stm32f4xx_tim.o
 .text.TIM_ITRxExternalClockConfig
                0x00000000       0x2c ..\obj\stm32f4xx_tim.o
 .text.TIM_TIxExternalClockConfig
                0x00000000       0x54 ..\obj\stm32f4xx_tim.o
 .text.TIM_ETRClockMode1Config
                0x00000000       0x50 ..\obj\stm32f4xx_tim.o
 .text.TIM_ETRClockMode2Config
                0x00000000       0x30 ..\obj\stm32f4xx_tim.o
 .text.TIM_SelectInputTrigger
                0x00000000       0x38 ..\obj\stm32f4xx_tim.o
 .text.TIM_SelectOutputTrigger
                0x00000000       0x38 ..\obj\stm32f4xx_tim.o
 .text.TIM_SelectSlaveMode
                0x00000000       0x38 ..\obj\stm32f4xx_tim.o
 .text.TIM_SelectMasterSlaveMode
                0x00000000       0x38 ..\obj\stm32f4xx_tim.o
 .text.TIM_ETRConfig
                0x00000000       0x48 ..\obj\stm32f4xx_tim.o
 .text.TIM_EncoderInterfaceConfig
                0x00000000       0x8c ..\obj\stm32f4xx_tim.o
 .text.TIM_SelectHallSensor
                0x00000000       0x40 ..\obj\stm32f4xx_tim.o
 .text.TIM_RemapConfig
                0x00000000       0x20 ..\obj\stm32f4xx_tim.o
 .text.TI1_Config
                0x00000000       0x78 ..\obj\stm32f4xx_tim.o
 .text.TI2_Config
                0x00000000       0x8c ..\obj\stm32f4xx_tim.o
 .text.TI3_Config
                0x00000000       0x84 ..\obj\stm32f4xx_tim.o
 .text.TI4_Config
                0x00000000       0x90 ..\obj\stm32f4xx_tim.o
 .debug_info    0x00000000     0x1c35 ..\obj\stm32f4xx_tim.o
 .debug_abbrev  0x00000000      0x187 ..\obj\stm32f4xx_tim.o
 .debug_aranges
                0x00000000      0x2f8 ..\obj\stm32f4xx_tim.o
 .debug_ranges  0x00000000      0x2e8 ..\obj\stm32f4xx_tim.o
 .debug_line    0x00000000      0x9cf ..\obj\stm32f4xx_tim.o
 .debug_str     0x00000000      0xdbc ..\obj\stm32f4xx_tim.o
 .comment       0x00000000       0x71 ..\obj\stm32f4xx_tim.o
 .ARM.attributes
                0x00000000       0x39 ..\obj\stm32f4xx_tim.o
 .debug_frame   0x00000000      0xa3c ..\obj\stm32f4xx_tim.o
 .text          0x00000000        0x0 ..\..\..\libm.a(lib_a-s_atan.o)
 .data          0x00000000        0x0 ..\..\..\libm.a(lib_a-s_atan.o)
 .bss           0x00000000        0x0 ..\..\..\libm.a(lib_a-s_atan.o)
 .text.atan     0x00000000      0x378 ..\..\..\libm.a(lib_a-s_atan.o)
 .rodata.atanlo
                0x00000000       0x20 ..\..\..\libm.a(lib_a-s_atan.o)
 .rodata.atanhi
                0x00000000       0x20 ..\..\..\libm.a(lib_a-s_atan.o)
 .ARM.attributes
                0x00000000       0x34 ..\..\..\libm.a(lib_a-s_atan.o)
 .debug_frame   0x00000000       0x38 ..\..\..\libm.a(lib_a-s_atan.o)
 .text          0x00000000        0x0 ..\..\..\libm.a(lib_a-s_fabs.o)
 .data          0x00000000        0x0 ..\..\..\libm.a(lib_a-s_fabs.o)
 .bss           0x00000000        0x0 ..\..\..\libm.a(lib_a-s_fabs.o)
 .text.fabs     0x00000000       0x14 ..\..\..\libm.a(lib_a-s_fabs.o)
 .ARM.attributes
                0x00000000       0x34 ..\..\..\libm.a(lib_a-s_fabs.o)
 .debug_frame   0x00000000       0x20 ..\..\..\libm.a(lib_a-s_fabs.o)
 .text          0x00000000        0x0 ..\..\..\libm.a(lib_a-w_pow.o)
 .data          0x00000000        0x0 ..\..\..\libm.a(lib_a-w_pow.o)
 .bss           0x00000000        0x0 ..\..\..\libm.a(lib_a-w_pow.o)
 .text.pow      0x00000000      0x340 ..\..\..\libm.a(lib_a-w_pow.o)
 .rodata.str1.4
                0x00000000        0x4 ..\..\..\libm.a(lib_a-w_pow.o)
 .ARM.attributes
                0x00000000       0x34 ..\..\..\libm.a(lib_a-w_pow.o)
 .debug_frame   0x00000000       0x40 ..\..\..\libm.a(lib_a-w_pow.o)
 .text          0x00000000        0x0 ..\..\..\libm.a(lib_a-w_sqrt.o)
 .data          0x00000000        0x0 ..\..\..\libm.a(lib_a-w_sqrt.o)
 .bss           0x00000000        0x0 ..\..\..\libm.a(lib_a-w_sqrt.o)
 .text.sqrt     0x00000000       0xbc ..\..\..\libm.a(lib_a-w_sqrt.o)
 .rodata.str1.4
                0x00000000        0x8 ..\..\..\libm.a(lib_a-w_sqrt.o)
 .ARM.attributes
                0x00000000       0x34 ..\..\..\libm.a(lib_a-w_sqrt.o)
 .debug_frame   0x00000000       0x38 ..\..\..\libm.a(lib_a-w_sqrt.o)
 .text          0x00000000        0x0 ..\..\..\libm.a(lib_a-e_pow.o)
 .data          0x00000000        0x0 ..\..\..\libm.a(lib_a-e_pow.o)
 .bss           0x00000000        0x0 ..\..\..\libm.a(lib_a-e_pow.o)
 .text.__ieee754_pow
                0x00000000      0xae8 ..\..\..\libm.a(lib_a-e_pow.o)
 .rodata.dp_h   0x00000000       0x10 ..\..\..\libm.a(lib_a-e_pow.o)
 .rodata.dp_l   0x00000000       0x10 ..\..\..\libm.a(lib_a-e_pow.o)
 .rodata.bp     0x00000000       0x10 ..\..\..\libm.a(lib_a-e_pow.o)
 .rodata.str1.4
                0x00000000        0x4 ..\..\..\libm.a(lib_a-e_pow.o)
 .ARM.attributes
                0x00000000       0x34 ..\..\..\libm.a(lib_a-e_pow.o)
 .debug_frame   0x00000000       0x44 ..\..\..\libm.a(lib_a-e_pow.o)
 .text          0x00000000        0x0 ..\..\..\libm.a(lib_a-e_sqrt.o)
 .data          0x00000000        0x0 ..\..\..\libm.a(lib_a-e_sqrt.o)
 .bss           0x00000000        0x0 ..\..\..\libm.a(lib_a-e_sqrt.o)
 .text.__ieee754_sqrt
                0x00000000      0x198 ..\..\..\libm.a(lib_a-e_sqrt.o)
 .ARM.attributes
                0x00000000       0x34 ..\..\..\libm.a(lib_a-e_sqrt.o)
 .debug_frame   0x00000000       0x3c ..\..\..\libm.a(lib_a-e_sqrt.o)
 .text          0x00000000        0x0 ..\..\..\libm.a(lib_a-s_finite.o)
 .data          0x00000000        0x0 ..\..\..\libm.a(lib_a-s_finite.o)
 .bss           0x00000000        0x0 ..\..\..\libm.a(lib_a-s_finite.o)
 .text.finite   0x00000000       0x10 ..\..\..\libm.a(lib_a-s_finite.o)
 .ARM.attributes
                0x00000000       0x34 ..\..\..\libm.a(lib_a-s_finite.o)
 .debug_frame   0x00000000       0x20 ..\..\..\libm.a(lib_a-s_finite.o)
 .text          0x00000000        0x0 ..\..\..\libm.a(lib_a-s_fpclassify.o)
 .data          0x00000000        0x0 ..\..\..\libm.a(lib_a-s_fpclassify.o)
 .bss           0x00000000        0x0 ..\..\..\libm.a(lib_a-s_fpclassify.o)
 .text.__fpclassifyd
                0x00000000       0x54 ..\..\..\libm.a(lib_a-s_fpclassify.o)
 .ARM.attributes
                0x00000000       0x34 ..\..\..\libm.a(lib_a-s_fpclassify.o)
 .debug_frame   0x00000000       0x28 ..\..\..\libm.a(lib_a-s_fpclassify.o)
 .text          0x00000000        0x0 ..\..\..\libm.a(lib_a-s_lib_ver.o)
 .data          0x00000000        0x0 ..\..\..\libm.a(lib_a-s_lib_ver.o)
 .bss           0x00000000        0x0 ..\..\..\libm.a(lib_a-s_lib_ver.o)
 .data.__fdlib_version
                0x00000000        0x1 ..\..\..\libm.a(lib_a-s_lib_ver.o)
 .ARM.attributes
                0x00000000       0x34 ..\..\..\libm.a(lib_a-s_lib_ver.o)
 .text          0x00000000        0x0 ..\..\..\libm.a(lib_a-s_matherr.o)
 .data          0x00000000        0x0 ..\..\..\libm.a(lib_a-s_matherr.o)
 .bss           0x00000000        0x0 ..\..\..\libm.a(lib_a-s_matherr.o)
 .text.matherr  0x00000000        0x4 ..\..\..\libm.a(lib_a-s_matherr.o)
 .ARM.attributes
                0x00000000       0x34 ..\..\..\libm.a(lib_a-s_matherr.o)
 .debug_frame   0x00000000       0x20 ..\..\..\libm.a(lib_a-s_matherr.o)
 .text          0x00000000        0x0 ..\..\..\libm.a(lib_a-s_nan.o)
 .data          0x00000000        0x0 ..\..\..\libm.a(lib_a-s_nan.o)
 .bss           0x00000000        0x0 ..\..\..\libm.a(lib_a-s_nan.o)
 .text.nan      0x00000000       0x10 ..\..\..\libm.a(lib_a-s_nan.o)
 .ARM.attributes
                0x00000000       0x34 ..\..\..\libm.a(lib_a-s_nan.o)
 .debug_frame   0x00000000       0x20 ..\..\..\libm.a(lib_a-s_nan.o)
 .text          0x00000000        0x0 ..\..\..\libm.a(lib_a-s_rint.o)
 .data          0x00000000        0x0 ..\..\..\libm.a(lib_a-s_rint.o)
 .bss           0x00000000        0x0 ..\..\..\libm.a(lib_a-s_rint.o)
 .text.rint     0x00000000      0x120 ..\..\..\libm.a(lib_a-s_rint.o)
 .rodata.TWO52  0x00000000       0x10 ..\..\..\libm.a(lib_a-s_rint.o)
 .ARM.attributes
                0x00000000       0x34 ..\..\..\libm.a(lib_a-s_rint.o)
 .debug_frame   0x00000000       0x30 ..\..\..\libm.a(lib_a-s_rint.o)
 .text          0x00000000        0x0 ..\..\..\libm.a(lib_a-s_scalbn.o)
 .data          0x00000000        0x0 ..\..\..\libm.a(lib_a-s_scalbn.o)
 .bss           0x00000000        0x0 ..\..\..\libm.a(lib_a-s_scalbn.o)
 .text.scalbn   0x00000000      0x120 ..\..\..\libm.a(lib_a-s_scalbn.o)
 .ARM.attributes
                0x00000000       0x34 ..\..\..\libm.a(lib_a-s_scalbn.o)
 .debug_frame   0x00000000       0x2c ..\..\..\libm.a(lib_a-s_scalbn.o)
 .text          0x00000000        0x0 ..\..\..\libm.a(lib_a-s_copysign.o)
 .data          0x00000000        0x0 ..\..\..\libm.a(lib_a-s_copysign.o)
 .bss           0x00000000        0x0 ..\..\..\libm.a(lib_a-s_copysign.o)
 .text.copysign
                0x00000000       0x24 ..\..\..\libm.a(lib_a-s_copysign.o)
 .ARM.attributes
                0x00000000       0x34 ..\..\..\libm.a(lib_a-s_copysign.o)
 .debug_frame   0x00000000       0x28 ..\..\..\libm.a(lib_a-s_copysign.o)
 .text          0x00000000      0x370 c:/program files/gnu tools arm embedded/4.8 2013q4/bin/../lib/gcc/arm-none-eabi/4.8.3/armv7e-m/fpu\libgcc.a(_arm_addsubdf3.o)
 .data          0x00000000        0x0 c:/program files/gnu tools arm embedded/4.8 2013q4/bin/../lib/gcc/arm-none-eabi/4.8.3/armv7e-m/fpu\libgcc.a(_arm_addsubdf3.o)
 .bss           0x00000000        0x0 c:/program files/gnu tools arm embedded/4.8 2013q4/bin/../lib/gcc/arm-none-eabi/4.8.3/armv7e-m/fpu\libgcc.a(_arm_addsubdf3.o)
 .ARM.attributes
                0x00000000       0x22 c:/program files/gnu tools arm embedded/4.8 2013q4/bin/../lib/gcc/arm-none-eabi/4.8.3/armv7e-m/fpu\libgcc.a(_arm_addsubdf3.o)
 .text          0x00000000      0x424 c:/program files/gnu tools arm embedded/4.8 2013q4/bin/../lib/gcc/arm-none-eabi/4.8.3/armv7e-m/fpu\libgcc.a(_arm_muldivdf3.o)
 .data          0x00000000        0x0 c:/program files/gnu tools arm embedded/4.8 2013q4/bin/../lib/gcc/arm-none-eabi/4.8.3/armv7e-m/fpu\libgcc.a(_arm_muldivdf3.o)
 .bss           0x00000000        0x0 c:/program files/gnu tools arm embedded/4.8 2013q4/bin/../lib/gcc/arm-none-eabi/4.8.3/armv7e-m/fpu\libgcc.a(_arm_muldivdf3.o)
 .ARM.attributes
                0x00000000       0x22 c:/program files/gnu tools arm embedded/4.8 2013q4/bin/../lib/gcc/arm-none-eabi/4.8.3/armv7e-m/fpu\libgcc.a(_arm_muldivdf3.o)
 .data          0x00000000        0x0 c:/program files/gnu tools arm embedded/4.8 2013q4/bin/../lib/gcc/arm-none-eabi/4.8.3/armv7e-m/fpu\libgcc.a(_arm_cmpdf2.o)
 .bss           0x00000000        0x0 c:/program files/gnu tools arm embedded/4.8 2013q4/bin/../lib/gcc/arm-none-eabi/4.8.3/armv7e-m/fpu\libgcc.a(_arm_cmpdf2.o)
 .data          0x00000000        0x0 c:/program files/gnu tools arm embedded/4.8 2013q4/bin/../lib/gcc/arm-none-eabi/4.8.3/armv7e-m/fpu\libgcc.a(_arm_fixunsdfsi.o)
 .bss           0x00000000        0x0 c:/program files/gnu tools arm embedded/4.8 2013q4/bin/../lib/gcc/arm-none-eabi/4.8.3/armv7e-m/fpu\libgcc.a(_arm_fixunsdfsi.o)
 .text          0x00000000        0x0 c:/program files/gnu tools arm embedded/4.8 2013q4/bin/../lib/gcc/arm-none-eabi/4.8.3/../../../../arm-none-eabi/lib/armv7e-m/fpu\libg.a(lib_a-errno.o)
 .data          0x00000000        0x0 c:/program files/gnu tools arm embedded/4.8 2013q4/bin/../lib/gcc/arm-none-eabi/4.8.3/../../../../arm-none-eabi/lib/armv7e-m/fpu\libg.a(lib_a-errno.o)
 .bss           0x00000000        0x0 c:/program files/gnu tools arm embedded/4.8 2013q4/bin/../lib/gcc/arm-none-eabi/4.8.3/../../../../arm-none-eabi/lib/armv7e-m/fpu\libg.a(lib_a-errno.o)
 .text.__errno  0x00000000        0xc c:/program files/gnu tools arm embedded/4.8 2013q4/bin/../lib/gcc/arm-none-eabi/4.8.3/../../../../arm-none-eabi/lib/armv7e-m/fpu\libg.a(lib_a-errno.o)
 .ARM.attributes
                0x00000000       0x34 c:/program files/gnu tools arm embedded/4.8 2013q4/bin/../lib/gcc/arm-none-eabi/4.8.3/../../../../arm-none-eabi/lib/armv7e-m/fpu\libg.a(lib_a-errno.o)
 .debug_frame   0x00000000       0x20 c:/program files/gnu tools arm embedded/4.8 2013q4/bin/../lib/gcc/arm-none-eabi/4.8.3/../../../../arm-none-eabi/lib/armv7e-m/fpu\libg.a(lib_a-errno.o)
 .text          0x00000000        0x0 c:/program files/gnu tools arm embedded/4.8 2013q4/bin/../lib/gcc/arm-none-eabi/4.8.3/../../../../arm-none-eabi/lib/armv7e-m/fpu\libg.a(lib_a-impure.o)
 .data          0x00000000        0x0 c:/program files/gnu tools arm embedded/4.8 2013q4/bin/../lib/gcc/arm-none-eabi/4.8.3/../../../../arm-none-eabi/lib/armv7e-m/fpu\libg.a(lib_a-impure.o)
 .bss           0x00000000        0x0 c:/program files/gnu tools arm embedded/4.8 2013q4/bin/../lib/gcc/arm-none-eabi/4.8.3/../../../../arm-none-eabi/lib/armv7e-m/fpu\libg.a(lib_a-impure.o)
 .data.impure_data
                0x00000000      0x428 c:/program files/gnu tools arm embedded/4.8 2013q4/bin/../lib/gcc/arm-none-eabi/4.8.3/../../../../arm-none-eabi/lib/armv7e-m/fpu\libg.a(lib_a-impure.o)
 .data._impure_ptr
                0x00000000        0x4 c:/program files/gnu tools arm embedded/4.8 2013q4/bin/../lib/gcc/arm-none-eabi/4.8.3/../../../../arm-none-eabi/lib/armv7e-m/fpu\libg.a(lib_a-impure.o)
 .rodata.str1.4
                0x00000000        0x4 c:/program files/gnu tools arm embedded/4.8 2013q4/bin/../lib/gcc/arm-none-eabi/4.8.3/../../../../arm-none-eabi/lib/armv7e-m/fpu\libg.a(lib_a-impure.o)
 .rodata._global_impure_ptr
                0x00000000        0x4 c:/program files/gnu tools arm embedded/4.8 2013q4/bin/../lib/gcc/arm-none-eabi/4.8.3/../../../../arm-none-eabi/lib/armv7e-m/fpu\libg.a(lib_a-impure.o)
 .ARM.attributes
                0x00000000       0x34 c:/program files/gnu tools arm embedded/4.8 2013q4/bin/../lib/gcc/arm-none-eabi/4.8.3/../../../../arm-none-eabi/lib/armv7e-m/fpu\libg.a(lib_a-impure.o)
 .data          0x00000000        0x0 c:/program files/gnu tools arm embedded/4.8 2013q4/bin/../lib/gcc/arm-none-eabi/4.8.3/../../../../arm-none-eabi/lib/armv7e-m/fpu\libg.a(lib_a-memcpy.o)
 .bss           0x00000000        0x0 c:/program files/gnu tools arm embedded/4.8 2013q4/bin/../lib/gcc/arm-none-eabi/4.8.3/../../../../arm-none-eabi/lib/armv7e-m/fpu\libg.a(lib_a-memcpy.o)
 .text          0x00000000        0x0 c:/program files/gnu tools arm embedded/4.8 2013q4/bin/../lib/gcc/arm-none-eabi/4.8.3/../../../../arm-none-eabi/lib/armv7e-m/fpu\libg.a(lib_a-memset.o)
 .data          0x00000000        0x0 c:/program files/gnu tools arm embedded/4.8 2013q4/bin/../lib/gcc/arm-none-eabi/4.8.3/../../../../arm-none-eabi/lib/armv7e-m/fpu\libg.a(lib_a-memset.o)
 .bss           0x00000000        0x0 c:/program files/gnu tools arm embedded/4.8 2013q4/bin/../lib/gcc/arm-none-eabi/4.8.3/../../../../arm-none-eabi/lib/armv7e-m/fpu\libg.a(lib_a-memset.o)

Memory Configuration

Name             Origin             Length             Attributes
rom              0x08000000         0x00100000         xr
ram              0x20000000         0x00020000         xrw
ram1             0x10000000         0x00010000         xrw
*default*        0x00000000         0xffffffff

Linker script and memory map

                0x20020000                _eram = 0x20020000

.text           0x08000000     0x33d4
 *(.isr_vector)
 .isr_vector    0x08000000      0x188 ..\obj\startup_stm32f4xx.o
                0x08000000                g_pfnVectors
 *(.text*)
 .text.pvPortMalloc
                0x08000188      0x128 ..\obj\heap_4.o
                0x08000188                pvPortMalloc
 .text.vPortFree
                0x080002b0       0x94 ..\obj\heap_4.o
                0x080002b0                vPortFree
 .text.prvHeapInit
                0x08000344       0x9c ..\obj\heap_4.o
 .text.prvInsertBlockIntoFreeList
                0x080003e0       0xb0 ..\obj\heap_4.o
 .text.Default_Reset_Handler
                0x08000490       0x6c ..\obj\startup_stm32f4xx.o
                0x08000490                Default_Reset_Handler
                0x08000490                Reset_Handler
 .text.Default_Handler
                0x080004fc        0x8 ..\obj\startup_stm32f4xx.o
                0x080004fc                RTC_Alarm_IRQHandler
                0x080004fc                HASH_RNG_IRQHandler
                0x080004fc                EXTI2_IRQHandler
                0x080004fc                TIM8_CC_IRQHandler
                0x080004fc                DebugMon_Handler
                0x080004fc                TIM1_CC_IRQHandler
                0x080004fc                DMA2_Stream5_IRQHandler
                0x080004fc                HardFault_Handler
                0x080004fc                DMA1_Stream5_IRQHandler
                0x080004fc                PVD_IRQHandler
                0x080004fc                SDIO_IRQHandler
                0x080004fc                TAMP_STAMP_IRQHandler
                0x080004fc                NMI_Handler
                0x080004fc                CAN2_RX1_IRQHandler
                0x080004fc                EXTI3_IRQHandler
                0x080004fc                TIM8_TRG_COM_TIM14_IRQHandler
                0x080004fc                TIM1_UP_TIM10_IRQHandler
                0x080004fc                TIM8_UP_TIM13_IRQHandler
                0x080004fc                I2C3_ER_IRQHandler
                0x080004fc                EXTI0_IRQHandler
                0x080004fc                I2C2_EV_IRQHandler
                0x080004fc                DMA1_Stream2_IRQHandler
                0x080004fc                CAN1_RX0_IRQHandler
                0x080004fc                FPU_IRQHandler
                0x080004fc                OTG_HS_WKUP_IRQHandler
                0x080004fc                UsageFault_Handler
                0x080004fc                CAN2_SCE_IRQHandler
                0x080004fc                DMA2_Stream2_IRQHandler
                0x080004fc                SPI1_IRQHandler
                0x080004fc                TIM6_DAC_IRQHandler
                0x080004fc                TIM1_BRK_TIM9_IRQHandler
                0x080004fc                DCMI_IRQHandler
                0x080004fc                CAN2_RX0_IRQHandler
                0x080004fc                DMA2_Stream3_IRQHandler
                0x080004fc                USART6_IRQHandler
                0x080004fc                USART3_IRQHandler
                0x080004fc                CRYP_IRQHandler
                0x080004fc                CAN1_RX1_IRQHandler
                0x080004fc                UART5_IRQHandler
                0x080004fc                DMA2_Stream0_IRQHandler
                0x080004fc                TIM4_IRQHandler
                0x080004fc                I2C1_EV_IRQHandler
                0x080004fc                DMA1_Stream6_IRQHandler
                0x080004fc                DMA1_Stream1_IRQHandler
                0x080004fc                UART4_IRQHandler
                0x080004fc                TIM3_IRQHandler
                0x080004fc                RCC_IRQHandler
                0x080004fc                TIM8_BRK_TIM12_IRQHandler
                0x080004fc                EXTI15_10_IRQHandler
                0x080004fc                ADC_IRQHandler
                0x080004fc                DMA1_Stream7_IRQHandler
                0x080004fc                TIM7_IRQHandler
                0x080004fc                CAN2_TX_IRQHandler
                0x080004fc                TIM5_IRQHandler
                0x080004fc                DMA2_Stream7_IRQHandler
                0x080004fc                I2C3_EV_IRQHandler
                0x080004fc                EXTI9_5_IRQHandler
                0x080004fc                RTC_WKUP_IRQHandler
                0x080004fc                ETH_WKUP_IRQHandler
                0x080004fc                SPI2_IRQHandler
                0x080004fc                OTG_HS_EP1_IN_IRQHandler
                0x080004fc                MemManage_Handler
                0x080004fc                DMA1_Stream0_IRQHandler
                0x080004fc                CAN1_TX_IRQHandler
                0x080004fc                EXTI4_IRQHandler
                0x080004fc                FSMC_IRQHandler
                0x080004fc                ETH_IRQHandler
                0x080004fc                OTG_HS_EP1_OUT_IRQHandler
                0x080004fc                WWDG_IRQHandler
                0x080004fc                TIM2_IRQHandler
                0x080004fc                OTG_FS_WKUP_IRQHandler
                0x080004fc                TIM1_TRG_COM_TIM11_IRQHandler
                0x080004fc                OTG_HS_IRQHandler
                0x080004fc                EXTI1_IRQHandler
                0x080004fc                USART2_IRQHandler
                0x080004fc                I2C2_ER_IRQHandler
                0x080004fc                DMA2_Stream1_IRQHandler
                0x080004fc                CAN1_SCE_IRQHandler
                0x080004fc                FLASH_IRQHandler
                0x080004fc                DMA2_Stream4_IRQHandler
                0x080004fc                BusFault_Handler
                0x080004fc                USART1_IRQHandler
                0x080004fc                OTG_FS_IRQHandler
                0x080004fc                SPI3_IRQHandler
                0x080004fc                DMA1_Stream4_IRQHandler
                0x080004fc                I2C1_ER_IRQHandler
                0x080004fc                DMA2_Stream6_IRQHandler
                0x080004fc                DMA1_Stream3_IRQHandler
 .text.TX_Mode  0x08000504       0x94 ..\obj\nRF24L01P.o
                0x08000504                TX_Mode
 .text.nRF24L01_TxPacket
                0x08000598       0x60 ..\obj\nRF24L01P.o
                0x08000598                nRF24L01_TxPacket
 .text.SPI_WR_Reg
                0x080005f8       0x3c ..\obj\nRF24L01P.o
                0x080005f8                SPI_WR_Reg
 .text.SPI_Write_Buf
                0x08000634       0x5c ..\obj\nRF24L01P.o
                0x08000634                SPI_Write_Buf
 .text.nRF24L01_SPI_Send_Byte
                0x08000690       0x4c ..\obj\nRF24L01P.o
                0x08000690                nRF24L01_SPI_Send_Byte
 .text.nRF24L01_SPI_NSS_H
                0x080006dc       0x14 ..\obj\nRF24L01P.o
                0x080006dc                nRF24L01_SPI_NSS_H
 .text.nRF24L01_SPI_NSS_L
                0x080006f0       0x14 ..\obj\nRF24L01P.o
                0x080006f0                nRF24L01_SPI_NSS_L
 .text.nRF24L01_CE_L
                0x08000704       0x14 ..\obj\nRF24L01P.o
                0x08000704                nRF24L01_CE_L
 .text.nRF24L01_CE_H
                0x08000718       0x14 ..\obj\nRF24L01P.o
                0x08000718                nRF24L01_CE_H
 .text.nRF24L01_HW_Init
                0x0800072c       0xcc ..\obj\nRF24L01P.o
                0x0800072c                nRF24L01_HW_Init
 .text.nRF24L01_Delay_us
                0x080007f8       0x30 ..\obj\nRF24L01P.o
                0x080007f8                nRF24L01_Delay_us
 .text.initGPIO
                0x08000828       0x38 ..\obj\main.o
                0x08000828                initGPIO
 .text.Delay_ms
                0x08000860       0x28 ..\obj\main.o
                0x08000860                Delay_ms
 .text.vTask_Button
                0x08000888       0x28 ..\obj\main.o
                0x08000888                vTask_Button
 .text.vTask_nRF24L01
                0x080008b0       0xb8 ..\obj\main.o
                0x080008b0                vTask_nRF24L01
 .text.main     0x08000968       0x60 ..\obj\main.o
                0x08000968                main
 .text.RCC_AHB1PeriphClockCmd
                0x080009c8       0x3c ..\obj\stm32f4xx_rcc.o
                0x080009c8                RCC_AHB1PeriphClockCmd
 .text.RCC_APB2PeriphClockCmd
                0x08000a04       0x3c ..\obj\stm32f4xx_rcc.o
                0x08000a04                RCC_APB2PeriphClockCmd
 .text.xTimerCreateTimerTask
                0x08000a40       0x58 ..\obj\timers.o
                0x08000a40                xTimerCreateTimerTask
 .text.xTimerGenericCommand
                0x08000a98       0x8c ..\obj\timers.o
                0x08000a98                xTimerGenericCommand
 .text.prvProcessExpiredTimer
                0x08000b24       0x70 ..\obj\timers.o
 .text.prvTimerTask
                0x08000b94       0x24 ..\obj\timers.o
 .text.prvProcessTimerOrBlockTask
                0x08000bb8       0x6c ..\obj\timers.o
 .text.prvGetNextExpireTime
                0x08000c24       0x48 ..\obj\timers.o
 .text.prvSampleTimeNow
                0x08000c6c       0x40 ..\obj\timers.o
 .text.prvInsertTimerInActiveList
                0x08000cac       0x84 ..\obj\timers.o
 .text.prvProcessReceivedCommands
                0x08000d30      0x110 ..\obj\timers.o
 .text.prvSwitchTimerLists
                0x08000e40       0xb0 ..\obj\timers.o
 .text.prvCheckForValidListAndQueue
                0x08000ef0       0x78 ..\obj\timers.o
 .text.xTaskGenericCreate
                0x08000f68      0x168 ..\obj\tasks.o
                0x08000f68                xTaskGenericCreate
 .text.vTaskDelayUntil
                0x080010d0       0xc0 ..\obj\tasks.o
                0x080010d0                vTaskDelayUntil
 .text.vTaskStartScheduler
                0x08001190       0x70 ..\obj\tasks.o
                0x08001190                vTaskStartScheduler
 .text.vTaskSuspendAll
                0x08001200       0x1c ..\obj\tasks.o
                0x08001200                vTaskSuspendAll
 .text.xTaskResumeAll
                0x0800121c      0x10c ..\obj\tasks.o
                0x0800121c                xTaskResumeAll
 .text.xTaskGetTickCount
                0x08001328       0x24 ..\obj\tasks.o
                0x08001328                xTaskGetTickCount
 .text.xTaskIncrementTick
                0x0800134c      0x170 ..\obj\tasks.o
                0x0800134c                xTaskIncrementTick
 .text.vTaskSwitchContext
                0x080014bc       0xa4 ..\obj\tasks.o
                0x080014bc                vTaskSwitchContext
 .text.vTaskPlaceOnEventList
                0x08001560       0x6c ..\obj\tasks.o
                0x08001560                vTaskPlaceOnEventList
 .text.vTaskPlaceOnEventListRestricted
                0x080015cc       0x50 ..\obj\tasks.o
                0x080015cc                vTaskPlaceOnEventListRestricted
 .text.xTaskRemoveFromEventList
                0x0800161c       0xb8 ..\obj\tasks.o
                0x0800161c                xTaskRemoveFromEventList
 .text.vTaskSetTimeOutState
                0x080016d4       0x34 ..\obj\tasks.o
                0x080016d4                vTaskSetTimeOutState
 .text.xTaskCheckForTimeOut
                0x08001708       0xa0 ..\obj\tasks.o
                0x08001708                xTaskCheckForTimeOut
 .text.vTaskMissedYield
                0x080017a8       0x18 ..\obj\tasks.o
                0x080017a8                vTaskMissedYield
 .text.prvIdleTask
                0x080017c0       0x20 ..\obj\tasks.o
 .text.prvInitialiseTCBVariables
                0x080017e0       0x90 ..\obj\tasks.o
 .text.prvInitialiseTaskLists
                0x08001870       0x7c ..\obj\tasks.o
 .text.prvCheckTasksWaitingTermination
                0x080018ec       0x74 ..\obj\tasks.o
 .text.prvAddCurrentTaskToDelayedList
                0x08001960       0x6c ..\obj\tasks.o
 .text.prvAllocateTCBAndStack
                0x080019cc       0x64 ..\obj\tasks.o
 .text.prvDeleteTCB
                0x08001a30       0x20 ..\obj\tasks.o
 .text.prvResetNextTaskUnblockTime
                0x08001a50       0x48 ..\obj\tasks.o
 .text.xTaskGetCurrentTaskHandle
                0x08001a98       0x20 ..\obj\tasks.o
                0x08001a98                xTaskGetCurrentTaskHandle
 .text.xTaskGetSchedulerState
                0x08001ab8       0x3c ..\obj\tasks.o
                0x08001ab8                xTaskGetSchedulerState
 .text.vTaskPriorityInherit
                0x08001af4       0xbc ..\obj\tasks.o
                0x08001af4                vTaskPriorityInherit
 .text.vTaskPriorityDisinherit
                0x08001bb0       0x84 ..\obj\tasks.o
                0x08001bb0                vTaskPriorityDisinherit
 .text.GPIO_Init
                0x08001c34      0x11c ..\obj\stm32f4xx_gpio.o
                0x08001c34                GPIO_Init
 .text.GPIO_SetBits
                0x08001d50       0x1c ..\obj\stm32f4xx_gpio.o
                0x08001d50                GPIO_SetBits
 .text.GPIO_ResetBits
                0x08001d6c       0x1c ..\obj\stm32f4xx_gpio.o
                0x08001d6c                GPIO_ResetBits
 .text.GPIO_PinAFConfig
                0x08001d88       0x8c ..\obj\stm32f4xx_gpio.o
                0x08001d88                GPIO_PinAFConfig
 .text.vListInitialise
                0x08001e14       0x40 ..\obj\list.o
                0x08001e14                vListInitialise
 .text.vListInitialiseItem
                0x08001e54       0x18 ..\obj\list.o
                0x08001e54                vListInitialiseItem
 .text.vListInsertEnd
                0x08001e6c       0x48 ..\obj\list.o
                0x08001e6c                vListInsertEnd
 .text.vListInsert
                0x08001eb4       0x70 ..\obj\list.o
                0x08001eb4                vListInsert
 .text.uxListRemove
                0x08001f24       0x54 ..\obj\list.o
                0x08001f24                uxListRemove
 .text.SystemInit
                0x08001f78       0x68 ..\obj\system_stm32f4xx.o
                0x08001f78                SystemInit
 .text.SetSysClock
                0x08001fe0       0xf4 ..\obj\system_stm32f4xx.o
 .text.pxPortInitialiseStack
                0x080020d4       0x64 ..\obj\port.o
                0x080020d4                pxPortInitialiseStack
 .text.prvTaskExitError
                0x08002138       0x20 ..\obj\port.o
 .text.SVC_Handler
                0x08002158       0x20 ..\obj\port.o
                0x08002158                SVC_Handler
 .text.prvPortStartFirstTask
                0x08002178       0x1c ..\obj\port.o
 .text.xPortStartScheduler
                0x08002194       0xd0 ..\obj\port.o
                0x08002194                xPortStartScheduler
 .text.vPortYield
                0x08002264       0x20 ..\obj\port.o
                0x08002264                vPortYield
 .text.vPortEnterCritical
                0x08002284       0x20 ..\obj\port.o
                0x08002284                vPortEnterCritical
 .text.vPortExitCritical
                0x080022a4       0x30 ..\obj\port.o
                0x080022a4                vPortExitCritical
 .text.ulPortSetInterruptMask
                0x080022d4       0x14 ..\obj\port.o
                0x080022d4                ulPortSetInterruptMask
 .text.vPortClearInterruptMask
                0x080022e8        0x8 ..\obj\port.o
                0x080022e8                vPortClearInterruptMask
 .text.PendSV_Handler
                0x080022f0       0x58 ..\obj\port.o
                0x080022f0                PendSV_Handler
 .text.SysTick_Handler
                0x08002348       0x28 ..\obj\port.o
                0x08002348                SysTick_Handler
 .text.vPortSetupTimerInterrupt
                0x08002370       0x24 ..\obj\port.o
                0x08002370                vPortSetupTimerInterrupt
 .text.vPortEnableVFP
                0x08002394       0x14 ..\obj\port.o
 .text.vPortValidateInterruptPriority
                0x080023a8       0x58 ..\obj\port.o
                0x080023a8                vPortValidateInterruptPriority
 .text.xQueueGenericReset
                0x08002400       0xb0 ..\obj\queue.o
                0x08002400                xQueueGenericReset
 .text.xQueueGenericCreate
                0x080024b0       0x84 ..\obj\queue.o
                0x080024b0                xQueueGenericCreate
 .text.xQueueGenericSend
                0x08002534      0x180 ..\obj\queue.o
                0x08002534                xQueueGenericSend
 .text.xQueueGenericSendFromISR
                0x080026b4       0xd4 ..\obj\queue.o
                0x080026b4                xQueueGenericSendFromISR
 .text.xQueueGenericReceive
                0x08002788      0x1bc ..\obj\queue.o
                0x08002788                xQueueGenericReceive
 .text.prvCopyDataToQueue
                0x08002944       0xd0 ..\obj\queue.o
 .text.prvCopyDataFromQueue
                0x08002a14       0x4c ..\obj\queue.o
 .text.prvUnlockQueue
                0x08002a60       0x98 ..\obj\queue.o
 .text.prvIsQueueEmpty
                0x08002af8       0x2c ..\obj\queue.o
 .text.prvIsQueueFull
                0x08002b24       0x30 ..\obj\queue.o
 .text.vQueueAddToRegistry
                0x08002b54       0x50 ..\obj\queue.o
                0x08002b54                vQueueAddToRegistry
 .text.vQueueWaitForMessageRestricted
                0x08002ba4       0x58 ..\obj\queue.o
                0x08002ba4                vQueueWaitForMessageRestricted
 .text.delay    0x08002bfc       0x18 ..\obj\lcd.o
                0x08002bfc                delay
 .text.lcd_write_dec_xx
                0x08002c14       0x80 ..\obj\lcd.o
                0x08002c14                lcd_write_dec_xx
 .text.lcd_write_dec_str_xxx_xx_angle
                0x08002c94       0xbc ..\obj\lcd.o
                0x08002c94                lcd_write_dec_str_xxx_xx_angle
 .text.lcd_init_gpio
                0x08002d50       0x30 ..\obj\lcd.o
                0x08002d50                lcd_init_gpio
 .text.lcd_write_data
                0x08002d80       0x48 ..\obj\lcd.o
                0x08002d80                lcd_write_data
 .text.lcd_init
                0x08002dc8       0x70 ..\obj\lcd.o
                0x08002dc8                lcd_init
 .text.lcd_write_str
                0x08002e38       0x28 ..\obj\lcd.o
                0x08002e38                lcd_write_str
 .text.lcd_write_cmd
                0x08002e60       0x68 ..\obj\lcd.o
                0x08002e60                lcd_write_cmd
 .text.lcd_set_cursor
                0x08002ec8       0x30 ..\obj\lcd.o
                0x08002ec8                lcd_set_cursor
 .text.SPI_Init
                0x08002ef8       0x88 ..\obj\stm32f4xx_spi.o
                0x08002ef8                SPI_Init
 .text.SPI_Cmd  0x08002f80       0x40 ..\obj\stm32f4xx_spi.o
                0x08002f80                SPI_Cmd
 .text.SPI_I2S_ReceiveData
                0x08002fc0       0x1c ..\obj\stm32f4xx_spi.o
                0x08002fc0                SPI_I2S_ReceiveData
 .text.SPI_I2S_SendData
                0x08002fdc       0x1c ..\obj\stm32f4xx_spi.o
                0x08002fdc                SPI_I2S_SendData
 .text.SPI_CalculateCRC
                0x08002ff8       0x40 ..\obj\stm32f4xx_spi.o
                0x08002ff8                SPI_CalculateCRC
 .text.SPI_I2S_GetFlagStatus
                0x08003038       0x38 ..\obj\stm32f4xx_spi.o
                0x08003038                SPI_I2S_GetFlagStatus
 .text          0x08003070      0x110 c:/program files/gnu tools arm embedded/4.8 2013q4/bin/../lib/gcc/arm-none-eabi/4.8.3/armv7e-m/fpu\libgcc.a(_arm_cmpdf2.o)
                0x08003070                __gtdf2
                0x08003070                __gedf2
                0x08003078                __ltdf2
                0x08003078                __ledf2
                0x08003080                __nedf2
                0x08003080                __eqdf2
                0x08003080                __cmpdf2
                0x080030fc                __aeabi_cdrcmple
                0x0800310c                __aeabi_cdcmpeq
                0x0800310c                __aeabi_cdcmple
                0x0800311c                __aeabi_dcmpeq
                0x08003130                __aeabi_dcmplt
                0x08003144                __aeabi_dcmple
                0x08003158                __aeabi_dcmpge
                0x0800316c                __aeabi_dcmpgt
 .text          0x08003180       0x40 c:/program files/gnu tools arm embedded/4.8 2013q4/bin/../lib/gcc/arm-none-eabi/4.8.3/armv7e-m/fpu\libgcc.a(_arm_fixunsdfsi.o)
                0x08003180                __aeabi_d2uiz
                0x08003180                __fixunsdfsi
 .text          0x080031c0      0x134 c:/program files/gnu tools arm embedded/4.8 2013q4/bin/../lib/gcc/arm-none-eabi/4.8.3/../../../../arm-none-eabi/lib/armv7e-m/fpu\libg.a(lib_a-memcpy.o)
                0x080031c0                memcpy
 .text.memset   0x080032f4       0x94 c:/program files/gnu tools arm embedded/4.8 2013q4/bin/../lib/gcc/arm-none-eabi/4.8.3/../../../../arm-none-eabi/lib/armv7e-m/fpu\libg.a(lib_a-memset.o)
                0x080032f4                memset
 *(.init)
 *(.fini)
 *crtbegin.o(.ctors)
 *crtbegin?.o(.ctors)
 *(EXCLUDE_FILE(*crtend.o *crtend?.o) .ctors)
 *(SORT(.ctors.*))
 *(.ctors)
 *crtbegin.o(.dtors)
 *crtbegin?.o(.dtors)
 *(EXCLUDE_FILE(*crtend.o *crtend?.o) .dtors)
 *(SORT(.dtors.*))
 *(.dtors)
 *(.rodata*)
 .rodata        0x08003388       0x18 ..\obj\main.o
 .rodata        0x080033a0       0x10 ..\obj\timers.o
 .rodata        0x080033b0        0x8 ..\obj\tasks.o
 .rodata        0x080033b8       0x1c ..\obj\lcd.o
                0x080033b8                lcd_2x16_decode
 *(.eh_fram e*)

.glue_7         0x080033d4        0x0
 .glue_7        0x00000000        0x0 linker stubs

.glue_7t        0x080033d4        0x0
 .glue_7t       0x00000000        0x0 linker stubs

.vfp11_veneer   0x080033d4        0x0
 .vfp11_veneer  0x00000000        0x0 linker stubs

.v4_bx          0x080033d4        0x0
 .v4_bx         0x00000000        0x0 linker stubs

.iplt           0x080033d4        0x0
 .iplt          0x00000000        0x0 ..\obj\heap_4.o

.rel.dyn        0x080033d4        0x0
 .rel.iplt      0x00000000        0x0 ..\obj\heap_4.o

.ARM.extab
 *(.ARM.extab* .gnu.linkonce.armextab.*)
                0x080033d4                __exidx_start = .

.ARM.exidx
 *(.ARM.exidx* .gnu.linkonce.armexidx.*)
                0x080033d4                __exidx_end = .
                0x080033d4                __etext = .
                0x080033d4                _sidata = __etext

.data           0x20000000       0x20 load address 0x080033d4
                0x20000000                __data_start__ = .
                0x20000000                _sdata = __data_start__
 *(vtable)
 *(.data*)
 .data          0x20000000        0x8 ..\obj\heap_4.o
 .data          0x20000008       0x10 ..\obj\nRF24L01P.o
                0x20000008                TX_ADDRESS
                0x20000010                RX_ADDRESS
 .data          0x20000018        0x4 ..\obj\tasks.o
 .data          0x2000001c        0x4 ..\obj\port.o
                0x20000020                . = ALIGN (0x4)
                0x20000020                PROVIDE (__preinit_array_start, .)
 *(.preinit_array)
                0x20000020                PROVIDE (__preinit_array_end, .)
                0x20000020                . = ALIGN (0x4)
                0x20000020                PROVIDE (__init_array_start, .)
 *(SORT(.init_array.*))
 *(.init_array)
                0x20000020                PROVIDE (__init_array_end, .)
                0x20000020                . = ALIGN (0x4)
                0x20000020                PROVIDE (__fini_array_start, .)
 *(SORT(.fini_array.*))
 *(.fini_array)
                0x20000020                PROVIDE (__fini_array_end, .)
 *(.jcr*)
                0x20000020                . = ALIGN (0x4)
                0x20000020                __data_end__ = .
                0x20000020                _edata = __data_end__

.igot.plt       0x20000020        0x0 load address 0x080033f4
 .igot.plt      0x00000000        0x0 ..\obj\heap_4.o

.bss            0x20000020    0x12dd4 load address 0x080033f4
                0x20000020                . = ALIGN (0x4)
                0x20000020                __bss_start__ = .
                0x20000020                _sbss = __bss_start__
 *(.bss*)
 .bss           0x20000020    0x12c10 ..\obj\heap_4.o
 .bss           0x20012c30       0x38 ..\obj\timers.o
 .bss           0x20012c68       0xfc ..\obj\tasks.o
                0x20012c68                pxCurrentTCB
 .bss           0x20012d64        0x8 ..\obj\port.o
 *(COMMON)
 COMMON         0x20012d6c       0x48 ..\obj\main.o
                0x20012d6c                button
                0x20012d6d                i
                0x20012d70                Tx_Buf
                0x20012d74                str
 COMMON         0x20012db4       0x40 ..\obj\queue.o
                0x20012db4                xQueueRegistry
                0x20012df4                . = ALIGN (0x4)
                0x20012df4                __bss_end__ = .
                0x20012df4                _ebss = __bss_end__

.heap           0x20012df4        0x0
                0x20012df4                __end__ = .
                0x20012df4                _end = __end__
                0x20012df4                end = __end__
 *(.heap*)
                0x20012df4                __HeapLimit = .

.co_stack       0x20012df4      0x804 load address 0x080161c8
                0x20012df8                . = ALIGN (0x8)
 *fill*         0x20012df4        0x4 
 *(.co_stack .co_stack.*)
 .co_stack      0x20012df8      0x800 ..\obj\startup_stm32f4xx.o
                0x20012df8                pulStack
                0x20020000                __StackTop = (ORIGIN (ram) + 0x20000)
                0x2001f7fc                __StackLimit = (__StackTop - SIZEOF (.co_stack))
                0x20020000                PROVIDE (__stack, __StackTop)
                0x00000001                ASSERT ((__StackLimit >= __HeapLimit), region ram  overflowed with stack)
LOAD ..\obj\heap_4.o
LOAD ..\obj\CompFilter.o
LOAD ..\obj\startup_stm32f4xx.o
LOAD ..\obj\nRF24L01P.o
LOAD ..\obj\main.o
LOAD ..\obj\stm32f4xx_rcc.o
LOAD ..\obj\timers.o
LOAD ..\obj\tasks.o
LOAD ..\obj\KeyBoard_lib.o
LOAD ..\obj\stm32f4xx_gpio.o
LOAD ..\obj\list.o
LOAD ..\obj\system_stm32f4xx.o
LOAD ..\obj\port.o
LOAD ..\obj\queue.o
LOAD ..\obj\croutine.o
LOAD ..\obj\lcd.o
LOAD ..\obj\stm32f4xx_spi.o
LOAD ..\obj\event_groups.o
LOAD ..\obj\stm32f4xx_i2c.o
LOAD ..\obj\MPU6050.o
LOAD ..\obj\stm32f4xx_tim.o
LOAD ..\..\..\libm.a
START GROUP
LOAD c:/program files/gnu tools arm embedded/4.8 2013q4/bin/../lib/gcc/arm-none-eabi/4.8.3/armv7e-m/fpu\libgcc.a
LOAD c:/program files/gnu tools arm embedded/4.8 2013q4/bin/../lib/gcc/arm-none-eabi/4.8.3/../../../../arm-none-eabi/lib/armv7e-m/fpu\libg.a
LOAD c:/program files/gnu tools arm embedded/4.8 2013q4/bin/../lib/gcc/arm-none-eabi/4.8.3/../../../../arm-none-eabi/lib/armv7e-m/fpu\libc.a
END GROUP
OUTPUT(ControlFreeRTOS.elf elf32-littlearm)

.debug_info     0x00000000     0x6139
 .debug_info    0x00000000      0x2f4 ..\obj\heap_4.o
 .debug_info    0x000002f4       0xed ..\obj\startup_stm32f4xx.o
 .debug_info    0x000003e1      0x708 ..\obj\nRF24L01P.o
 .debug_info    0x00000ae9      0x455 ..\obj\main.o
 .debug_info    0x00000f3e      0xc21 ..\obj\stm32f4xx_rcc.o
 .debug_info    0x00001b5f      0x793 ..\obj\timers.o
 .debug_info    0x000022f2     0x1188 ..\obj\tasks.o
 .debug_info    0x0000347a      0x5d6 ..\obj\stm32f4xx_gpio.o
 .debug_info    0x00003a50      0x28e ..\obj\list.o
 .debug_info    0x00003cde      0x566 ..\obj\system_stm32f4xx.o
 .debug_info    0x00004244      0x310 ..\obj\port.o
 .debug_info    0x00004554      0xb86 ..\obj\queue.o
 .debug_info    0x000050da      0x584 ..\obj\lcd.o
 .debug_info    0x0000565e      0xadb ..\obj\stm32f4xx_spi.o

.debug_abbrev   0x00000000     0x14e4
 .debug_abbrev  0x00000000      0x16e ..\obj\heap_4.o
 .debug_abbrev  0x0000016e       0xb0 ..\obj\startup_stm32f4xx.o
 .debug_abbrev  0x0000021e      0x1e4 ..\obj\nRF24L01P.o
 .debug_abbrev  0x00000402      0x19e ..\obj\main.o
 .debug_abbrev  0x000005a0      0x1e3 ..\obj\stm32f4xx_rcc.o
 .debug_abbrev  0x00000783      0x186 ..\obj\timers.o
 .debug_abbrev  0x00000909      0x224 ..\obj\tasks.o
 .debug_abbrev  0x00000b2d      0x1a3 ..\obj\stm32f4xx_gpio.o
 .debug_abbrev  0x00000cd0       0xbc ..\obj\list.o
 .debug_abbrev  0x00000d8c      0x136 ..\obj\system_stm32f4xx.o
 .debug_abbrev  0x00000ec2      0x18a ..\obj\port.o
 .debug_abbrev  0x0000104c      0x1b8 ..\obj\queue.o
 .debug_abbrev  0x00001204      0x179 ..\obj\lcd.o
 .debug_abbrev  0x0000137d      0x167 ..\obj\stm32f4xx_spi.o

.debug_aranges  0x00000000      0x8c8
 .debug_aranges
                0x00000000       0x50 ..\obj\heap_4.o
 .debug_aranges
                0x00000050       0x28 ..\obj\startup_stm32f4xx.o
 .debug_aranges
                0x00000078       0x88 ..\obj\nRF24L01P.o
 .debug_aranges
                0x00000100       0x40 ..\obj\main.o
 .debug_aranges
                0x00000140      0x178 ..\obj\stm32f4xx_rcc.o
 .debug_aranges
                0x000002b8       0x88 ..\obj\timers.o
 .debug_aranges
                0x00000340      0x180 ..\obj\tasks.o
 .debug_aranges
                0x000004c0       0x88 ..\obj\stm32f4xx_gpio.o
 .debug_aranges
                0x00000548       0x40 ..\obj\list.o
 .debug_aranges
                0x00000588       0x30 ..\obj\system_stm32f4xx.o
 .debug_aranges
                0x000005b8       0x98 ..\obj\port.o
 .debug_aranges
                0x00000650       0xf8 ..\obj\queue.o
 .debug_aranges
                0x00000748       0xa0 ..\obj\lcd.o
 .debug_aranges
                0x000007e8       0xe0 ..\obj\stm32f4xx_spi.o

.debug_ranges   0x00000000      0x7e8
 .debug_ranges  0x00000000       0x40 ..\obj\heap_4.o
 .debug_ranges  0x00000040       0x18 ..\obj\startup_stm32f4xx.o
 .debug_ranges  0x00000058       0x78 ..\obj\nRF24L01P.o
 .debug_ranges  0x000000d0       0x30 ..\obj\main.o
 .debug_ranges  0x00000100      0x168 ..\obj\stm32f4xx_rcc.o
 .debug_ranges  0x00000268       0x78 ..\obj\timers.o
 .debug_ranges  0x000002e0      0x170 ..\obj\tasks.o
 .debug_ranges  0x00000450       0x78 ..\obj\stm32f4xx_gpio.o
 .debug_ranges  0x000004c8       0x30 ..\obj\list.o
 .debug_ranges  0x000004f8       0x20 ..\obj\system_stm32f4xx.o
 .debug_ranges  0x00000518       0x88 ..\obj\port.o
 .debug_ranges  0x000005a0       0xe8 ..\obj\queue.o
 .debug_ranges  0x00000688       0x90 ..\obj\lcd.o
 .debug_ranges  0x00000718       0xd0 ..\obj\stm32f4xx_spi.o

.debug_line     0x00000000     0x2e35
 .debug_line    0x00000000      0x20f ..\obj\heap_4.o
 .debug_line    0x0000020f       0x95 ..\obj\startup_stm32f4xx.o
 .debug_line    0x000002a4      0x2f5 ..\obj\nRF24L01P.o
 .debug_line    0x00000599      0x1ff ..\obj\main.o
 .debug_line    0x00000798      0x504 ..\obj\stm32f4xx_rcc.o
 .debug_line    0x00000c9c      0x2ed ..\obj\timers.o
 .debug_line    0x00000f89      0x975 ..\obj\tasks.o
 .debug_line    0x000018fe      0x2a9 ..\obj\stm32f4xx_gpio.o
 .debug_line    0x00001ba7      0x169 ..\obj\list.o
 .debug_line    0x00001d10      0x16c ..\obj\system_stm32f4xx.o
 .debug_line    0x00001e7c      0x270 ..\obj\port.o
 .debug_line    0x000020ec      0x6bc ..\obj\queue.o
 .debug_line    0x000027a8      0x2d1 ..\obj\lcd.o
 .debug_line    0x00002a79      0x3bc ..\obj\stm32f4xx_spi.o

.debug_str      0x00000000     0x2b23
 .debug_str     0x00000000      0x305 ..\obj\heap_4.o
                                0x33e (size before relaxing)
 .debug_str     0x00000305       0xa3 ..\obj\startup_stm32f4xx.o
                                0x15d (size before relaxing)
 .debug_str     0x000003a8      0x43c ..\obj\nRF24L01P.o
                                0x59f (size before relaxing)
 .debug_str     0x000007e4       0xeb ..\obj\main.o
                                0x3f9 (size before relaxing)
 .debug_str     0x000008cf      0x652 ..\obj\stm32f4xx_rcc.o
                                0x83c (size before relaxing)
 .debug_str     0x00000f21      0x47a ..\obj\timers.o
                                0x628 (size before relaxing)
 .debug_str     0x0000139b      0x955 ..\obj\tasks.o
                                0xbaf (size before relaxing)
 .debug_str     0x00001cf0      0x196 ..\obj\stm32f4xx_gpio.o
                                0x48f (size before relaxing)
 .debug_str     0x00001e86       0xad ..\obj\list.o
                                0x2a4 (size before relaxing)
 .debug_str     0x00001f33      0x10b ..\obj\system_stm32f4xx.o
                                0x396 (size before relaxing)
 .debug_str     0x0000203e      0x234 ..\obj\port.o
                                0x3cd (size before relaxing)
 .debug_str     0x00002272      0x464 ..\obj\queue.o
                                0x723 (size before relaxing)
 .debug_str     0x000026d6      0x150 ..\obj\lcd.o
                                0x48d (size before relaxing)
 .debug_str     0x00002826      0x2fd ..\obj\stm32f4xx_spi.o
                                0x676 (size before relaxing)

.comment        0x00000000       0x70
 .comment       0x00000000       0x70 ..\obj\heap_4.o
                                 0x71 (size before relaxing)
 .comment       0x00000000       0x71 ..\obj\startup_stm32f4xx.o
 .comment       0x00000000       0x71 ..\obj\nRF24L01P.o
 .comment       0x00000000       0x71 ..\obj\main.o
 .comment       0x00000000       0x71 ..\obj\stm32f4xx_rcc.o
 .comment       0x00000000       0x71 ..\obj\timers.o
 .comment       0x00000000       0x71 ..\obj\tasks.o
 .comment       0x00000000       0x71 ..\obj\stm32f4xx_gpio.o
 .comment       0x00000000       0x71 ..\obj\list.o
 .comment       0x00000000       0x71 ..\obj\system_stm32f4xx.o
 .comment       0x00000000       0x71 ..\obj\port.o
 .comment       0x00000000       0x71 ..\obj\queue.o
 .comment       0x00000000       0x71 ..\obj\lcd.o
 .comment       0x00000000       0x71 ..\obj\stm32f4xx_spi.o

.ARM.attributes
                0x00000000       0x37
 .ARM.attributes
                0x00000000       0x39 ..\obj\heap_4.o
 .ARM.attributes
                0x00000039       0x39 ..\obj\startup_stm32f4xx.o
 .ARM.attributes
                0x00000072       0x39 ..\obj\nRF24L01P.o
 .ARM.attributes
                0x000000ab       0x39 ..\obj\main.o
 .ARM.attributes
                0x000000e4       0x39 ..\obj\stm32f4xx_rcc.o
 .ARM.attributes
                0x0000011d       0x39 ..\obj\timers.o
 .ARM.attributes
                0x00000156       0x39 ..\obj\tasks.o
 .ARM.attributes
                0x0000018f       0x39 ..\obj\stm32f4xx_gpio.o
 .ARM.attributes
                0x000001c8       0x39 ..\obj\list.o
 .ARM.attributes
                0x00000201       0x39 ..\obj\system_stm32f4xx.o
 .ARM.attributes
                0x0000023a       0x39 ..\obj\port.o
 .ARM.attributes
                0x00000273       0x39 ..\obj\queue.o
 .ARM.attributes
                0x000002ac       0x39 ..\obj\lcd.o
 .ARM.attributes
                0x000002e5       0x39 ..\obj\stm32f4xx_spi.o
 .ARM.attributes
                0x0000031e       0x22 c:/program files/gnu tools arm embedded/4.8 2013q4/bin/../lib/gcc/arm-none-eabi/4.8.3/armv7e-m/fpu\libgcc.a(_arm_cmpdf2.o)
 .ARM.attributes
                0x00000340       0x22 c:/program files/gnu tools arm embedded/4.8 2013q4/bin/../lib/gcc/arm-none-eabi/4.8.3/armv7e-m/fpu\libgcc.a(_arm_fixunsdfsi.o)
 .ARM.attributes
                0x00000362       0x20 c:/program files/gnu tools arm embedded/4.8 2013q4/bin/../lib/gcc/arm-none-eabi/4.8.3/../../../../arm-none-eabi/lib/armv7e-m/fpu\libg.a(lib_a-memcpy.o)
 .ARM.attributes
                0x00000382       0x34 c:/program files/gnu tools arm embedded/4.8 2013q4/bin/../lib/gcc/arm-none-eabi/4.8.3/../../../../arm-none-eabi/lib/armv7e-m/fpu\libg.a(lib_a-memset.o)

.debug_frame    0x00000000     0x1c64
 .debug_frame   0x00000000       0xd4 ..\obj\heap_4.o
 .debug_frame   0x000000d4       0x48 ..\obj\startup_stm32f4xx.o
 .debug_frame   0x0000011c      0x1b8 ..\obj\nRF24L01P.o
 .debug_frame   0x000002d4       0xb0 ..\obj\main.o
 .debug_frame   0x00000384      0x4d8 ..\obj\stm32f4xx_rcc.o
 .debug_frame   0x0000085c      0x1c4 ..\obj\timers.o
 .debug_frame   0x00000a20      0x578 ..\obj\tasks.o
 .debug_frame   0x00000f98      0x19c ..\obj\stm32f4xx_gpio.o
 .debug_frame   0x00001134       0x9c ..\obj\list.o
 .debug_frame   0x000011d0       0x64 ..\obj\system_stm32f4xx.o
 .debug_frame   0x00001234      0x188 ..\obj\port.o
 .debug_frame   0x000013bc      0x37c ..\obj\queue.o
 .debug_frame   0x00001738      0x230 ..\obj\lcd.o
 .debug_frame   0x00001968      0x2d0 ..\obj\stm32f4xx_spi.o
 .debug_frame   0x00001c38       0x2c c:/program files/gnu tools arm embedded/4.8 2013q4/bin/../lib/gcc/arm-none-eabi/4.8.3/../../../../arm-none-eabi/lib/armv7e-m/fpu\libg.a(lib_a-memset.o)
