Archive member included because of file (symbol)

..\..\..\libm.a(lib_a-s_atan.o)
                              ..\obj\CompFilter.o (atan)
..\..\..\libm.a(lib_a-s_fabs.o)
                              ..\..\..\libm.a(lib_a-s_atan.o) (fabs)
..\..\..\libm.a(lib_a-w_pow.o)
                              ..\obj\CompFilter.o (pow)
..\..\..\libm.a(lib_a-w_sqrt.o)
                              ..\obj\CompFilter.o (sqrt)
..\..\..\libm.a(lib_a-e_pow.o)
                              ..\..\..\libm.a(lib_a-w_pow.o) (__ieee754_pow)
..\..\..\libm.a(lib_a-e_sqrt.o)
                              ..\..\..\libm.a(lib_a-w_sqrt.o) (__ieee754_sqrt)
..\..\..\libm.a(lib_a-s_finite.o)
                              ..\..\..\libm.a(lib_a-w_pow.o) (finite)
..\..\..\libm.a(lib_a-s_fpclassify.o)
                              ..\..\..\libm.a(lib_a-w_pow.o) (__fpclassifyd)
..\..\..\libm.a(lib_a-s_lib_ver.o)
                              ..\..\..\libm.a(lib_a-w_pow.o) (__fdlib_version)
..\..\..\libm.a(lib_a-s_matherr.o)
                              ..\..\..\libm.a(lib_a-w_pow.o) (matherr)
..\..\..\libm.a(lib_a-s_nan.o)
                              ..\..\..\libm.a(lib_a-e_pow.o) (nan)
..\..\..\libm.a(lib_a-s_rint.o)
                              ..\..\..\libm.a(lib_a-w_pow.o) (rint)
..\..\..\libm.a(lib_a-s_scalbn.o)
                              ..\..\..\libm.a(lib_a-e_pow.o) (scalbn)
..\..\..\libm.a(lib_a-s_copysign.o)
                              ..\..\..\libm.a(lib_a-s_scalbn.o) (copysign)
c:/program files (x86)/gnu tools arm embedded/4.7 2013q2/bin/../lib/gcc/arm-none-eabi/4.7.4/armv7e-m/fpu\libgcc.a(_arm_addsubdf3.o)
                              ..\obj\main.o (__aeabi_dsub)
c:/program files (x86)/gnu tools arm embedded/4.7 2013q2/bin/../lib/gcc/arm-none-eabi/4.7.4/armv7e-m/fpu\libgcc.a(_arm_muldivdf3.o)
                              ..\obj\CompFilter.o (__aeabi_dmul)
c:/program files (x86)/gnu tools arm embedded/4.7 2013q2/bin/../lib/gcc/arm-none-eabi/4.7.4/armv7e-m/fpu\libgcc.a(_arm_cmpdf2.o)
                              ..\..\..\libm.a(lib_a-w_pow.o) (__aeabi_dcmpeq)
c:/program files (x86)/gnu tools arm embedded/4.7 2013q2/bin/../lib/gcc/arm-none-eabi/4.7.4/armv7e-m/fpu\libgcc.a(_arm_fixdfsi.o)
                              ..\obj\main.o (__aeabi_d2iz)
c:/program files (x86)/gnu tools arm embedded/4.7 2013q2/bin/../lib/gcc/arm-none-eabi/4.7.4/armv7e-m/fpu\libgcc.a(_arm_fixunsdfsi.o)
                              ..\obj\lcd.o (__aeabi_d2uiz)
c:/program files (x86)/gnu tools arm embedded/4.7 2013q2/bin/../lib/gcc/arm-none-eabi/4.7.4/../../../../arm-none-eabi/lib/armv7e-m/fpu\libg.a(lib_a-errno.o)
                              ..\..\..\libm.a(lib_a-w_pow.o) (__errno)
c:/program files (x86)/gnu tools arm embedded/4.7 2013q2/bin/../lib/gcc/arm-none-eabi/4.7.4/../../../../arm-none-eabi/lib/armv7e-m/fpu\libg.a(lib_a-impure.o)
                              c:/program files (x86)/gnu tools arm embedded/4.7 2013q2/bin/../lib/gcc/arm-none-eabi/4.7.4/../../../../arm-none-eabi/lib/armv7e-m/fpu\libg.a(lib_a-errno.o) (_impure_ptr)
c:/program files (x86)/gnu tools arm embedded/4.7 2013q2/bin/../lib/gcc/arm-none-eabi/4.7.4/../../../../arm-none-eabi/lib/armv7e-m/fpu\libg.a(lib_a-memcpy.o)
                              ..\obj\queue.o (memcpy)
c:/program files (x86)/gnu tools arm embedded/4.7 2013q2/bin/../lib/gcc/arm-none-eabi/4.7.4/../../../../arm-none-eabi/lib/armv7e-m/fpu\libg.a(lib_a-memset.o)
                              ..\obj\tasks.o (memset)

Allocating common symbols
Common symbol       size              file

received_byte       0x1               ..\obj\main.o
AccY                0x2               ..\obj\main.o
GyrY                0x2               ..\obj\main.o
rx_buff             0x1               ..\obj\main.o
Temp                0x2               ..\obj\main.o
curstate            0x1               ..\obj\main.o
xQueueRegistry      0x40              ..\obj\queue.o
AccZ                0x2               ..\obj\main.o
GyrX                0x2               ..\obj\main.o
AccX                0x2               ..\obj\main.o
GyrZ                0x2               ..\obj\main.o

Discarded input sections

 .text          0x00000000        0x0 ..\obj\heap_4.o
 .text.xPortGetFreeHeapSize
                0x00000000       0x18 ..\obj\heap_4.o
 .text.xPortGetMinimumEverFreeHeapSize
                0x00000000       0x18 ..\obj\heap_4.o
 .text.vPortInitialiseBlocks
                0x00000000        0xc ..\obj\heap_4.o
 .text          0x00000000        0x0 ..\obj\pwm.o
 .data          0x00000000        0x0 ..\obj\pwm.o
 .bss           0x00000000        0x0 ..\obj\pwm.o
 .text          0x00000000        0x0 ..\obj\CompFilter.o
 .data          0x00000000        0x0 ..\obj\CompFilter.o
 .bss           0x00000000        0x0 ..\obj\CompFilter.o
 .text.GetPitchAngle
                0x00000000      0x1f0 ..\obj\CompFilter.o
 .text.GetYawAngle
                0x00000000      0x1f8 ..\obj\CompFilter.o
 .debug_info    0x00000000      0x242 ..\obj\CompFilter.o
 .debug_abbrev  0x00000000       0xa5 ..\obj\CompFilter.o
 .debug_loc     0x00000000       0x74 ..\obj\CompFilter.o
 .debug_aranges
                0x00000000       0x28 ..\obj\CompFilter.o
 .debug_ranges  0x00000000       0x18 ..\obj\CompFilter.o
 .debug_line    0x00000000      0x1a5 ..\obj\CompFilter.o
 .debug_str     0x00000000      0x1ea ..\obj\CompFilter.o
 .comment       0x00000000       0x71 ..\obj\CompFilter.o
 .ARM.attributes
                0x00000000       0x3b ..\obj\CompFilter.o
 .debug_frame   0x00000000       0x60 ..\obj\CompFilter.o
 .text          0x00000000        0x0 ..\obj\startup_stm32f4xx.o
 .data          0x00000000        0x0 ..\obj\startup_stm32f4xx.o
 .bss           0x00000000        0x0 ..\obj\startup_stm32f4xx.o
 .text          0x00000000        0x0 ..\obj\nRF24L01P.o
 .bss           0x00000000       0x40 ..\obj\nRF24L01P.o
 .text.nRF24L01_TxPacket
                0x00000000       0x34 ..\obj\nRF24L01P.o
 .text          0x00000000        0x0 ..\obj\main.o
 .text.vTaskLED1
                0x00000000        0xc ..\obj\main.o
 .text.vTaskMEMS
                0x00000000      0x560 ..\obj\main.o
 .text          0x00000000        0x0 ..\obj\stm32f4xx_rcc.o
 .data          0x00000000       0x10 ..\obj\stm32f4xx_rcc.o
 .bss           0x00000000        0x0 ..\obj\stm32f4xx_rcc.o
 .text.RCC_DeInit
                0x00000000       0x84 ..\obj\stm32f4xx_rcc.o
 .text.RCC_HSEConfig
                0x00000000       0x30 ..\obj\stm32f4xx_rcc.o
 .text.RCC_WaitForHSEStartUp
                0x00000000       0x64 ..\obj\stm32f4xx_rcc.o
 .text.RCC_AdjustHSICalibrationValue
                0x00000000       0x48 ..\obj\stm32f4xx_rcc.o
 .text.RCC_HSICmd
                0x00000000       0x20 ..\obj\stm32f4xx_rcc.o
 .text.RCC_LSEConfig
                0x00000000       0x60 ..\obj\stm32f4xx_rcc.o
 .text.RCC_LSICmd
                0x00000000       0x20 ..\obj\stm32f4xx_rcc.o
 .text.RCC_PLLConfig
                0x00000000       0x48 ..\obj\stm32f4xx_rcc.o
 .text.RCC_PLLCmd
                0x00000000       0x20 ..\obj\stm32f4xx_rcc.o
 .text.RCC_PLLI2SConfig
                0x00000000       0x30 ..\obj\stm32f4xx_rcc.o
 .text.RCC_PLLI2SCmd
                0x00000000       0x20 ..\obj\stm32f4xx_rcc.o
 .text.RCC_ClockSecuritySystemCmd
                0x00000000       0x20 ..\obj\stm32f4xx_rcc.o
 .text.RCC_MCO1Config
                0x00000000       0x48 ..\obj\stm32f4xx_rcc.o
 .text.RCC_MCO2Config
                0x00000000       0x48 ..\obj\stm32f4xx_rcc.o
 .text.RCC_SYSCLKConfig
                0x00000000       0x40 ..\obj\stm32f4xx_rcc.o
 .text.RCC_GetSYSCLKSource
                0x00000000       0x20 ..\obj\stm32f4xx_rcc.o
 .text.RCC_HCLKConfig
                0x00000000       0x40 ..\obj\stm32f4xx_rcc.o
 .text.RCC_PCLK1Config
                0x00000000       0x40 ..\obj\stm32f4xx_rcc.o
 .text.RCC_PCLK2Config
                0x00000000       0x44 ..\obj\stm32f4xx_rcc.o
 .text.RCC_GetClocksFreq
                0x00000000      0x1cc ..\obj\stm32f4xx_rcc.o
 .text.RCC_RTCCLKConfig
                0x00000000       0x74 ..\obj\stm32f4xx_rcc.o
 .text.RCC_RTCCLKCmd
                0x00000000       0x20 ..\obj\stm32f4xx_rcc.o
 .text.RCC_BackupResetCmd
                0x00000000       0x20 ..\obj\stm32f4xx_rcc.o
 .text.RCC_I2SCLKConfig
                0x00000000       0x20 ..\obj\stm32f4xx_rcc.o
 .text.RCC_AHB2PeriphClockCmd
                0x00000000       0x54 ..\obj\stm32f4xx_rcc.o
 .text.RCC_AHB3PeriphClockCmd
                0x00000000       0x54 ..\obj\stm32f4xx_rcc.o
 .text.RCC_AHB1PeriphResetCmd
                0x00000000       0x54 ..\obj\stm32f4xx_rcc.o
 .text.RCC_AHB2PeriphResetCmd
                0x00000000       0x54 ..\obj\stm32f4xx_rcc.o
 .text.RCC_AHB3PeriphResetCmd
                0x00000000       0x54 ..\obj\stm32f4xx_rcc.o
 .text.RCC_APB1PeriphResetCmd
                0x00000000       0x54 ..\obj\stm32f4xx_rcc.o
 .text.RCC_APB2PeriphResetCmd
                0x00000000       0x54 ..\obj\stm32f4xx_rcc.o
 .text.RCC_AHB1PeriphClockLPModeCmd
                0x00000000       0x54 ..\obj\stm32f4xx_rcc.o
 .text.RCC_AHB2PeriphClockLPModeCmd
                0x00000000       0x54 ..\obj\stm32f4xx_rcc.o
 .text.RCC_AHB3PeriphClockLPModeCmd
                0x00000000       0x54 ..\obj\stm32f4xx_rcc.o
 .text.RCC_APB1PeriphClockLPModeCmd
                0x00000000       0x54 ..\obj\stm32f4xx_rcc.o
 .text.RCC_APB2PeriphClockLPModeCmd
                0x00000000       0x54 ..\obj\stm32f4xx_rcc.o
 .text.RCC_ITConfig
                0x00000000       0x60 ..\obj\stm32f4xx_rcc.o
 .text.RCC_GetFlagStatus
                0x00000000       0x90 ..\obj\stm32f4xx_rcc.o
 .text.RCC_ClearFlag
                0x00000000       0x24 ..\obj\stm32f4xx_rcc.o
 .text.RCC_GetITStatus
                0x00000000       0x40 ..\obj\stm32f4xx_rcc.o
 .text.RCC_ClearITPendingBit
                0x00000000       0x20 ..\obj\stm32f4xx_rcc.o
 .text          0x00000000        0x0 ..\obj\timers.o
 .data          0x00000000        0x0 ..\obj\timers.o
 .text.xTimerCreate
                0x00000000       0x74 ..\obj\timers.o
 .text.xTimerIsTimerActive
                0x00000000       0x30 ..\obj\timers.o
 .text.pvTimerGetTimerID
                0x00000000       0x1c ..\obj\timers.o
 .text          0x00000000        0x0 ..\obj\tasks.o
 .text.vTaskDelete
                0x00000000       0xd0 ..\obj\tasks.o
 .text.vTaskDelay
                0x00000000       0x70 ..\obj\tasks.o
 .text.uxTaskPriorityGet
                0x00000000       0x38 ..\obj\tasks.o
 .text.vTaskPrioritySet
                0x00000000      0x164 ..\obj\tasks.o
 .text.vTaskSuspend
                0x00000000       0xdc ..\obj\tasks.o
 .text.prvTaskIsTaskSuspended
                0x00000000       0x74 ..\obj\tasks.o
 .text.vTaskResume
                0x00000000       0xb8 ..\obj\tasks.o
 .text.xTaskResumeFromISR
                0x00000000       0xd8 ..\obj\tasks.o
 .text.vTaskEndScheduler
                0x00000000       0x1c ..\obj\tasks.o
 .text.xTaskGetTickCountFromISR
                0x00000000       0x30 ..\obj\tasks.o
 .text.uxTaskGetNumberOfTasks
                0x00000000       0x18 ..\obj\tasks.o
 .text.uxTaskGetSystemState
                0x00000000      0x128 ..\obj\tasks.o
 .text.vTaskPlaceOnUnorderedEventList
                0x00000000       0xac ..\obj\tasks.o
 .text.xTaskRemoveFromUnorderedEventList
                0x00000000       0xd0 ..\obj\tasks.o
 .text.uxTaskGetTaskNumber
                0x00000000       0x30 ..\obj\tasks.o
 .text.vTaskSetTaskNumber
                0x00000000       0x24 ..\obj\tasks.o
 .text.prvListTaskWithinSingleList
                0x00000000      0x13c ..\obj\tasks.o
 .text.prvTaskCheckFreeStackSpace
                0x00000000       0x40 ..\obj\tasks.o
 .text.uxTaskResetEventItemValue
                0x00000000       0x40 ..\obj\tasks.o
 .text          0x00000000        0x0 ..\obj\stm32f4xx_gpio.o
 .data          0x00000000        0x0 ..\obj\stm32f4xx_gpio.o
 .bss           0x00000000        0x0 ..\obj\stm32f4xx_gpio.o
 .text.GPIO_DeInit
                0x00000000      0x178 ..\obj\stm32f4xx_gpio.o
 .text.GPIO_StructInit
                0x00000000       0x3c ..\obj\stm32f4xx_gpio.o
 .text.GPIO_PinLockConfig
                0x00000000       0x44 ..\obj\stm32f4xx_gpio.o
 .text.GPIO_ReadInputDataBit
                0x00000000       0x3c ..\obj\stm32f4xx_gpio.o
 .text.GPIO_ReadInputData
                0x00000000       0x1c ..\obj\stm32f4xx_gpio.o
 .text.GPIO_ReadOutputDataBit
                0x00000000       0x3c ..\obj\stm32f4xx_gpio.o
 .text.GPIO_ReadOutputData
                0x00000000       0x1c ..\obj\stm32f4xx_gpio.o
 .text.GPIO_WriteBit
                0x00000000       0x30 ..\obj\stm32f4xx_gpio.o
 .text.GPIO_Write
                0x00000000       0x1c ..\obj\stm32f4xx_gpio.o
 .text.GPIO_ToggleBits
                0x00000000       0x24 ..\obj\stm32f4xx_gpio.o
 .text          0x00000000        0x0 ..\obj\list.o
 .data          0x00000000        0x0 ..\obj\list.o
 .bss           0x00000000        0x0 ..\obj\list.o
 .text          0x00000000        0x0 ..\obj\system_stm32f4xx.o
 .data          0x00000000       0x14 ..\obj\system_stm32f4xx.o
 .bss           0x00000000        0x0 ..\obj\system_stm32f4xx.o
 .text.SystemInit
                0x00000000       0xb0 ..\obj\system_stm32f4xx.o
 .text.SystemCoreClockUpdate
                0x00000000      0x170 ..\obj\system_stm32f4xx.o
 .text.SetSysClock
                0x00000000      0x188 ..\obj\system_stm32f4xx.o
 .debug_info    0x00000000      0x5f5 ..\obj\system_stm32f4xx.o
 .debug_abbrev  0x00000000      0x138 ..\obj\system_stm32f4xx.o
 .debug_loc     0x00000000       0x9c ..\obj\system_stm32f4xx.o
 .debug_aranges
                0x00000000       0x30 ..\obj\system_stm32f4xx.o
 .debug_ranges  0x00000000       0x20 ..\obj\system_stm32f4xx.o
 .debug_line    0x00000000      0x1bf ..\obj\system_stm32f4xx.o
 .debug_str     0x00000000      0x34e ..\obj\system_stm32f4xx.o
 .comment       0x00000000       0x71 ..\obj\system_stm32f4xx.o
 .ARM.attributes
                0x00000000       0x3b ..\obj\system_stm32f4xx.o
 .debug_frame   0x00000000       0x64 ..\obj\system_stm32f4xx.o
 .text          0x00000000        0x0 ..\obj\port.o
 .text.vPortEndScheduler
                0x00000000       0x1c ..\obj\port.o
 .text          0x00000000        0x0 ..\obj\queue.o
 .data          0x00000000        0x0 ..\obj\queue.o
 .bss           0x00000000        0x0 ..\obj\queue.o
 .text.xQueueCreateMutex
                0x00000000       0xac ..\obj\queue.o
 .text.xQueueGiveMutexRecursive
                0x00000000       0x68 ..\obj\queue.o
 .text.xQueueTakeMutexRecursive
                0x00000000       0x6c ..\obj\queue.o
 .text.xQueueCreateCountingSemaphore
                0x00000000       0x58 ..\obj\queue.o
 .text.xQueueReceiveFromISR
                0x00000000       0xc4 ..\obj\queue.o
 .text.xQueuePeekFromISR
                0x00000000       0x84 ..\obj\queue.o
 .text.uxQueueMessagesWaiting
                0x00000000       0x30 ..\obj\queue.o
 .text.uxQueueSpacesAvailable
                0x00000000       0x38 ..\obj\queue.o
 .text.uxQueueMessagesWaitingFromISR
                0x00000000       0x28 ..\obj\queue.o
 .text.vQueueDelete
                0x00000000       0x40 ..\obj\queue.o
 .text.uxQueueGetQueueNumber
                0x00000000       0x18 ..\obj\queue.o
 .text.vQueueSetQueueNumber
                0x00000000       0x1c ..\obj\queue.o
 .text.ucQueueGetQueueType
                0x00000000       0x1c ..\obj\queue.o
 .text.xQueueIsQueueEmptyFromISR
                0x00000000       0x38 ..\obj\queue.o
 .text.xQueueIsQueueFullFromISR
                0x00000000       0x3c ..\obj\queue.o
 .text.vQueueUnregisterQueue
                0x00000000       0x54 ..\obj\queue.o
 .text          0x00000000        0x0 ..\obj\croutine.o
 .data          0x00000000        0x0 ..\obj\croutine.o
 .bss           0x00000000       0x80 ..\obj\croutine.o
 .text.xCoRoutineCreate
                0x00000000       0xf0 ..\obj\croutine.o
 .text.vCoRoutineAddToDelayedList
                0x00000000       0xb4 ..\obj\croutine.o
 .text.prvCheckPendingReadyList
                0x00000000       0x98 ..\obj\croutine.o
 .text.prvCheckDelayedList
                0x00000000      0x16c ..\obj\croutine.o
 .text.vCoRoutineSchedule
                0x00000000       0xe8 ..\obj\croutine.o
 .text.prvInitialiseCoRoutineLists
                0x00000000       0x8c ..\obj\croutine.o
 .text.xCoRoutineRemoveFromEventList
                0x00000000       0x60 ..\obj\croutine.o
 .debug_info    0x00000000      0x4ec ..\obj\croutine.o
 .debug_abbrev  0x00000000      0x180 ..\obj\croutine.o
 .debug_loc     0x00000000      0x188 ..\obj\croutine.o
 .debug_aranges
                0x00000000       0x50 ..\obj\croutine.o
 .debug_ranges  0x00000000       0x40 ..\obj\croutine.o
 .debug_line    0x00000000      0x288 ..\obj\croutine.o
 .debug_str     0x00000000      0x480 ..\obj\croutine.o
 .comment       0x00000000       0x71 ..\obj\croutine.o
 .ARM.attributes
                0x00000000       0x3b ..\obj\croutine.o
 .debug_frame   0x00000000       0xf0 ..\obj\croutine.o
 .text          0x00000000        0x0 ..\obj\lcd.o
 .data          0x00000000        0x0 ..\obj\lcd.o
 .bss           0x00000000        0x0 ..\obj\lcd.o
 .text.lcd_clrscr
                0x00000000       0x10 ..\obj\lcd.o
 .text.lcd_write_double_xx_xx
                0x00000000       0x84 ..\obj\lcd.o
 .text.lcd_write_double_xxxx
                0x00000000       0x28 ..\obj\lcd.o
 .text.lcd_write_dec_xxxxx
                0x00000000      0x1e4 ..\obj\lcd.o
 .text.lcd_write_dec_xxxx
                0x00000000      0x14c ..\obj\lcd.o
 .text.lcd_write_dec_x
                0x00000000       0x24 ..\obj\lcd.o
 .text.lcd_write_dec_str_xxx_xx_angle
                0x00000000       0xc8 ..\obj\lcd.o
 .text.lcd_write_dec_sign_xxxx
                0x00000000       0xa0 ..\obj\lcd.o
 .text          0x00000000        0x0 ..\obj\stm32f4xx_spi.o
 .data          0x00000000        0x0 ..\obj\stm32f4xx_spi.o
 .bss           0x00000000        0x0 ..\obj\stm32f4xx_spi.o
 .text.SPI_I2S_DeInit
                0x00000000       0x88 ..\obj\stm32f4xx_spi.o
 .text.I2S_Init
                0x00000000      0x214 ..\obj\stm32f4xx_spi.o
 .text.SPI_StructInit
                0x00000000       0x5c ..\obj\stm32f4xx_spi.o
 .text.I2S_StructInit
                0x00000000       0x44 ..\obj\stm32f4xx_spi.o
 .text.I2S_Cmd  0x00000000       0x40 ..\obj\stm32f4xx_spi.o
 .text.SPI_DataSizeConfig
                0x00000000       0x38 ..\obj\stm32f4xx_spi.o
 .text.SPI_BiDirectionalLineConfig
                0x00000000       0x40 ..\obj\stm32f4xx_spi.o
 .text.SPI_NSSInternalSoftwareConfig
                0x00000000       0x44 ..\obj\stm32f4xx_spi.o
 .text.SPI_TIModeCmd
                0x00000000       0x40 ..\obj\stm32f4xx_spi.o
 .text.I2S_FullDuplexConfig
                0x00000000       0xa4 ..\obj\stm32f4xx_spi.o
 .text.SPI_TransmitCRC
                0x00000000       0x24 ..\obj\stm32f4xx_spi.o
 .text.SPI_GetCRC
                0x00000000       0x34 ..\obj\stm32f4xx_spi.o
 .text.SPI_GetCRCPolynomial
                0x00000000       0x1c ..\obj\stm32f4xx_spi.o
 .text.SPI_I2S_DMACmd
                0x00000000       0x48 ..\obj\stm32f4xx_spi.o
 .text.SPI_I2S_ITConfig
                0x00000000       0x6c ..\obj\stm32f4xx_spi.o
 .text.SPI_I2S_ClearFlag
                0x00000000       0x24 ..\obj\stm32f4xx_spi.o
 .text.SPI_I2S_GetITStatus
                0x00000000       0x88 ..\obj\stm32f4xx_spi.o
 .text.SPI_I2S_ClearITPendingBit
                0x00000000       0x38 ..\obj\stm32f4xx_spi.o
 .text          0x00000000        0x0 ..\obj\event_groups.o
 .data          0x00000000        0x0 ..\obj\event_groups.o
 .bss           0x00000000        0x0 ..\obj\event_groups.o
 .text.xEventGroupCreate
                0x00000000       0x38 ..\obj\event_groups.o
 .text.xEventGroupSync
                0x00000000      0x12c ..\obj\event_groups.o
 .text.xEventGroupWaitBits
                0x00000000      0x158 ..\obj\event_groups.o
 .text.xEventGroupClearBits
                0x00000000       0x48 ..\obj\event_groups.o
 .text.xEventGroupClearBitsFromISR
                0x00000000       0x4c ..\obj\event_groups.o
 .text.xEventGroupSetBits
                0x00000000       0xfc ..\obj\event_groups.o
 .text.vEventGroupDelete
                0x00000000       0x58 ..\obj\event_groups.o
 .text.vEventGroupSetBitsCallback
                0x00000000       0x1c ..\obj\event_groups.o
 .text.prvTestWaitCondition
                0x00000000       0x4c ..\obj\event_groups.o
 .text.uxEventGroupGetNumber
                0x00000000       0x30 ..\obj\event_groups.o
 .debug_info    0x00000000      0x67a ..\obj\event_groups.o
 .debug_abbrev  0x00000000      0x137 ..\obj\event_groups.o
 .debug_loc     0x00000000      0x230 ..\obj\event_groups.o
 .debug_aranges
                0x00000000       0x68 ..\obj\event_groups.o
 .debug_ranges  0x00000000       0x58 ..\obj\event_groups.o
 .debug_line    0x00000000      0x33b ..\obj\event_groups.o
 .debug_str     0x00000000      0x485 ..\obj\event_groups.o
 .comment       0x00000000       0x71 ..\obj\event_groups.o
 .ARM.attributes
                0x00000000       0x3b ..\obj\event_groups.o
 .debug_frame   0x00000000      0x148 ..\obj\event_groups.o
 .text          0x00000000        0x0 ..\obj\stm32f4xx_i2c.o
 .data          0x00000000        0x0 ..\obj\stm32f4xx_i2c.o
 .bss           0x00000000        0x0 ..\obj\stm32f4xx_i2c.o
 .text.I2C_DeInit
                0x00000000       0x88 ..\obj\stm32f4xx_i2c.o
 .text.I2C_Init
                0x00000000      0x1ac ..\obj\stm32f4xx_i2c.o
 .text.I2C_StructInit
                0x00000000       0x44 ..\obj\stm32f4xx_i2c.o
 .text.I2C_Cmd  0x00000000       0x40 ..\obj\stm32f4xx_i2c.o
 .text.I2C_GenerateSTART
                0x00000000       0x40 ..\obj\stm32f4xx_i2c.o
 .text.I2C_GenerateSTOP
                0x00000000       0x40 ..\obj\stm32f4xx_i2c.o
 .text.I2C_Send7bitAddress
                0x00000000       0x3c ..\obj\stm32f4xx_i2c.o
 .text.I2C_AcknowledgeConfig
                0x00000000       0x40 ..\obj\stm32f4xx_i2c.o
 .text.I2C_OwnAddress2Config
                0x00000000       0x44 ..\obj\stm32f4xx_i2c.o
 .text.I2C_DualAddressCmd
                0x00000000       0x40 ..\obj\stm32f4xx_i2c.o
 .text.I2C_GeneralCallCmd
                0x00000000       0x40 ..\obj\stm32f4xx_i2c.o
 .text.I2C_SoftwareResetCmd
                0x00000000       0x48 ..\obj\stm32f4xx_i2c.o
 .text.I2C_StretchClockCmd
                0x00000000       0x40 ..\obj\stm32f4xx_i2c.o
 .text.I2C_FastModeDutyCycleConfig
                0x00000000       0x40 ..\obj\stm32f4xx_i2c.o
 .text.I2C_NACKPositionConfig
                0x00000000       0x40 ..\obj\stm32f4xx_i2c.o
 .text.I2C_SMBusAlertConfig
                0x00000000       0x40 ..\obj\stm32f4xx_i2c.o
 .text.I2C_ARPCmd
                0x00000000       0x40 ..\obj\stm32f4xx_i2c.o
 .text.I2C_SendData
                0x00000000       0x20 ..\obj\stm32f4xx_i2c.o
 .text.I2C_ReceiveData
                0x00000000       0x1c ..\obj\stm32f4xx_i2c.o
 .text.I2C_TransmitPEC
                0x00000000       0x40 ..\obj\stm32f4xx_i2c.o
 .text.I2C_PECPositionConfig
                0x00000000       0x40 ..\obj\stm32f4xx_i2c.o
 .text.I2C_CalculatePEC
                0x00000000       0x40 ..\obj\stm32f4xx_i2c.o
 .text.I2C_GetPEC
                0x00000000       0x24 ..\obj\stm32f4xx_i2c.o
 .text.I2C_DMACmd
                0x00000000       0x40 ..\obj\stm32f4xx_i2c.o
 .text.I2C_DMALastTransferCmd
                0x00000000       0x40 ..\obj\stm32f4xx_i2c.o
 .text.I2C_ReadRegister
                0x00000000       0x30 ..\obj\stm32f4xx_i2c.o
 .text.I2C_ITConfig
                0x00000000       0x48 ..\obj\stm32f4xx_i2c.o
 .text.I2C_CheckEvent
                0x00000000       0x70 ..\obj\stm32f4xx_i2c.o
 .text.I2C_GetLastEvent
                0x00000000       0x4c ..\obj\stm32f4xx_i2c.o
 .text.I2C_GetFlagStatus
                0x00000000       0x78 ..\obj\stm32f4xx_i2c.o
 .text.I2C_ClearFlag
                0x00000000       0x30 ..\obj\stm32f4xx_i2c.o
 .text.I2C_GetITStatus
                0x00000000       0x64 ..\obj\stm32f4xx_i2c.o
 .text.I2C_ClearITPendingBit
                0x00000000       0x30 ..\obj\stm32f4xx_i2c.o
 .debug_info    0x00000000      0xbab ..\obj\stm32f4xx_i2c.o
 .debug_abbrev  0x00000000      0x166 ..\obj\stm32f4xx_i2c.o
 .debug_loc     0x00000000      0x738 ..\obj\stm32f4xx_i2c.o
 .debug_aranges
                0x00000000      0x120 ..\obj\stm32f4xx_i2c.o
 .debug_ranges  0x00000000      0x110 ..\obj\stm32f4xx_i2c.o
 .debug_line    0x00000000      0x4b3 ..\obj\stm32f4xx_i2c.o
 .debug_str     0x00000000      0x609 ..\obj\stm32f4xx_i2c.o
 .comment       0x00000000       0x71 ..\obj\stm32f4xx_i2c.o
 .ARM.attributes
                0x00000000       0x3b ..\obj\stm32f4xx_i2c.o
 .debug_frame   0x00000000      0x3b4 ..\obj\stm32f4xx_i2c.o
 .text          0x00000000        0x0 ..\obj\MPU6050.o
 .data          0x00000000        0x0 ..\obj\MPU6050.o
 .bss           0x00000000        0x0 ..\obj\MPU6050.o
 .text.MPU6050_Initialize
                0x00000000       0x28 ..\obj\MPU6050.o
 .text.MPU6050_TestConnection
                0x00000000       0x1c ..\obj\MPU6050.o
 .text.MPU6050_GetDeviceID
                0x00000000       0x2c ..\obj\MPU6050.o
 .text.MPU6050_SetClockSource
                0x00000000       0x2c ..\obj\MPU6050.o
 .text.MPU6050_SetFullScaleGyroRange
                0x00000000       0x2c ..\obj\MPU6050.o
 .text.MPU6050_GetFullScaleGyroRange
                0x00000000       0x2c ..\obj\MPU6050.o
 .text.MPU6050_GetFullScaleAccelRange
                0x00000000       0x2c ..\obj\MPU6050.o
 .text.MPU6050_SetFullScaleAccelRange
                0x00000000       0x2c ..\obj\MPU6050.o
 .text.MPU6050_GetSleepModeStatus
                0x00000000       0x34 ..\obj\MPU6050.o
 .text.MPU6050_SetSleepModeStatus
                0x00000000       0x24 ..\obj\MPU6050.o
 .text.MPU6050_GetRawAccelGyro
                0x00000000       0xe8 ..\obj\MPU6050.o
 .text.MPU6050_WriteBits
                0x00000000       0x94 ..\obj\MPU6050.o
 .text.MPU6050_WriteBit
                0x00000000       0x7c ..\obj\MPU6050.o
 .text.MPU6050_ReadBits
                0x00000000       0x70 ..\obj\MPU6050.o
 .text.MPU6050_ReadBit
                0x00000000       0x4c ..\obj\MPU6050.o
 .text.MPU6050_I2C_Init
                0x00000000       0xd4 ..\obj\MPU6050.o
 .text.MPU6050_I2C_ByteWrite
                0x00000000       0xe0 ..\obj\MPU6050.o
 .text.MPU6050_I2C_BufferRead
                0x00000000      0x1a0 ..\obj\MPU6050.o
 .debug_info    0x00000000      0x8ed ..\obj\MPU6050.o
 .debug_abbrev  0x00000000      0x1eb ..\obj\MPU6050.o
 .debug_loc     0x00000000      0x3d8 ..\obj\MPU6050.o
 .debug_aranges
                0x00000000       0xa8 ..\obj\MPU6050.o
 .debug_ranges  0x00000000       0x98 ..\obj\MPU6050.o
 .debug_line    0x00000000      0x3e4 ..\obj\MPU6050.o
 .debug_str     0x00000000      0x65d ..\obj\MPU6050.o
 .comment       0x00000000       0x71 ..\obj\MPU6050.o
 .ARM.attributes
                0x00000000       0x3b ..\obj\MPU6050.o
 .debug_frame   0x00000000      0x248 ..\obj\MPU6050.o
 .text          0x00000000        0x0 ..\obj\stm32f4xx_tim.o
 .data          0x00000000        0x0 ..\obj\stm32f4xx_tim.o
 .bss           0x00000000        0x0 ..\obj\stm32f4xx_tim.o
 .text.TIM_DeInit
                0x00000000      0x238 ..\obj\stm32f4xx_tim.o
 .text.TIM_TimeBaseStructInit
                0x00000000       0x3c ..\obj\stm32f4xx_tim.o
 .text.TIM_PrescalerConfig
                0x00000000       0x28 ..\obj\stm32f4xx_tim.o
 .text.TIM_CounterModeConfig
                0x00000000       0x38 ..\obj\stm32f4xx_tim.o
 .text.TIM_SetCounter
                0x00000000       0x1c ..\obj\stm32f4xx_tim.o
 .text.TIM_SetAutoreload
                0x00000000       0x1c ..\obj\stm32f4xx_tim.o
 .text.TIM_GetCounter
                0x00000000       0x18 ..\obj\stm32f4xx_tim.o
 .text.TIM_GetPrescaler
                0x00000000       0x1c ..\obj\stm32f4xx_tim.o
 .text.TIM_UpdateDisableConfig
                0x00000000       0x40 ..\obj\stm32f4xx_tim.o
 .text.TIM_UpdateRequestConfig
                0x00000000       0x40 ..\obj\stm32f4xx_tim.o
 .text.TIM_ARRPreloadConfig
                0x00000000       0x40 ..\obj\stm32f4xx_tim.o
 .text.TIM_SelectOnePulseMode
                0x00000000       0x38 ..\obj\stm32f4xx_tim.o
 .text.TIM_SetClockDivision
                0x00000000       0x38 ..\obj\stm32f4xx_tim.o
 .text.TIM_OCStructInit
                0x00000000       0x54 ..\obj\stm32f4xx_tim.o
 .text.TIM_SelectOCxM
                0x00000000       0xc0 ..\obj\stm32f4xx_tim.o
 .text.TIM_SetCompare1
                0x00000000       0x1c ..\obj\stm32f4xx_tim.o
 .text.TIM_SetCompare2
                0x00000000       0x1c ..\obj\stm32f4xx_tim.o
 .text.TIM_SetCompare3
                0x00000000       0x1c ..\obj\stm32f4xx_tim.o
 .text.TIM_SetCompare4
                0x00000000       0x1c ..\obj\stm32f4xx_tim.o
 .text.TIM_ForcedOC1Config
                0x00000000       0x38 ..\obj\stm32f4xx_tim.o
 .text.TIM_ForcedOC2Config
                0x00000000       0x40 ..\obj\stm32f4xx_tim.o
 .text.TIM_ForcedOC3Config
                0x00000000       0x38 ..\obj\stm32f4xx_tim.o
 .text.TIM_ForcedOC4Config
                0x00000000       0x40 ..\obj\stm32f4xx_tim.o
 .text.TIM_OC1FastConfig
                0x00000000       0x38 ..\obj\stm32f4xx_tim.o
 .text.TIM_OC2FastConfig
                0x00000000       0x40 ..\obj\stm32f4xx_tim.o
 .text.TIM_OC3FastConfig
                0x00000000       0x38 ..\obj\stm32f4xx_tim.o
 .text.TIM_OC4FastConfig
                0x00000000       0x40 ..\obj\stm32f4xx_tim.o
 .text.TIM_ClearOC1Ref
                0x00000000       0x38 ..\obj\stm32f4xx_tim.o
 .text.TIM_ClearOC2Ref
                0x00000000       0x44 ..\obj\stm32f4xx_tim.o
 .text.TIM_ClearOC3Ref
                0x00000000       0x38 ..\obj\stm32f4xx_tim.o
 .text.TIM_ClearOC4Ref
                0x00000000       0x44 ..\obj\stm32f4xx_tim.o
 .text.TIM_OC1PolarityConfig
                0x00000000       0x38 ..\obj\stm32f4xx_tim.o
 .text.TIM_OC1NPolarityConfig
                0x00000000       0x38 ..\obj\stm32f4xx_tim.o
 .text.TIM_OC2PolarityConfig
                0x00000000       0x40 ..\obj\stm32f4xx_tim.o
 .text.TIM_OC2NPolarityConfig
                0x00000000       0x40 ..\obj\stm32f4xx_tim.o
 .text.TIM_OC3PolarityConfig
                0x00000000       0x40 ..\obj\stm32f4xx_tim.o
 .text.TIM_OC3NPolarityConfig
                0x00000000       0x40 ..\obj\stm32f4xx_tim.o
 .text.TIM_OC4PolarityConfig
                0x00000000       0x40 ..\obj\stm32f4xx_tim.o
 .text.TIM_CCxCmd
                0x00000000       0x5c ..\obj\stm32f4xx_tim.o
 .text.TIM_CCxNCmd
                0x00000000       0x5c ..\obj\stm32f4xx_tim.o
 .text.TIM_ICInit
                0x00000000       0xa8 ..\obj\stm32f4xx_tim.o
 .text.TIM_ICStructInit
                0x00000000       0x3c ..\obj\stm32f4xx_tim.o
 .text.TIM_PWMIConfig
                0x00000000       0xc4 ..\obj\stm32f4xx_tim.o
 .text.TIM_GetCapture1
                0x00000000       0x18 ..\obj\stm32f4xx_tim.o
 .text.TIM_GetCapture2
                0x00000000       0x18 ..\obj\stm32f4xx_tim.o
 .text.TIM_GetCapture3
                0x00000000       0x18 ..\obj\stm32f4xx_tim.o
 .text.TIM_GetCapture4
                0x00000000       0x18 ..\obj\stm32f4xx_tim.o
 .text.TIM_SetIC1Prescaler
                0x00000000       0x38 ..\obj\stm32f4xx_tim.o
 .text.TIM_SetIC2Prescaler
                0x00000000       0x3c ..\obj\stm32f4xx_tim.o
 .text.TIM_SetIC3Prescaler
                0x00000000       0x38 ..\obj\stm32f4xx_tim.o
 .text.TIM_SetIC4Prescaler
                0x00000000       0x3c ..\obj\stm32f4xx_tim.o
 .text.TIM_BDTRConfig
                0x00000000       0x50 ..\obj\stm32f4xx_tim.o
 .text.TIM_BDTRStructInit
                0x00000000       0x4c ..\obj\stm32f4xx_tim.o
 .text.TIM_CtrlPWMOutputs
                0x00000000       0x50 ..\obj\stm32f4xx_tim.o
 .text.TIM_SelectCOM
                0x00000000       0x40 ..\obj\stm32f4xx_tim.o
 .text.TIM_CCPreloadControl
                0x00000000       0x40 ..\obj\stm32f4xx_tim.o
 .text.TIM_ITConfig
                0x00000000       0x48 ..\obj\stm32f4xx_tim.o
 .text.TIM_GenerateEvent
                0x00000000       0x1c ..\obj\stm32f4xx_tim.o
 .text.TIM_GetFlagStatus
                0x00000000       0x40 ..\obj\stm32f4xx_tim.o
 .text.TIM_ClearFlag
                0x00000000       0x24 ..\obj\stm32f4xx_tim.o
 .text.TIM_GetITStatus
                0x00000000       0x60 ..\obj\stm32f4xx_tim.o
 .text.TIM_ClearITPendingBit
                0x00000000       0x24 ..\obj\stm32f4xx_tim.o
 .text.TIM_DMAConfig
                0x00000000       0x28 ..\obj\stm32f4xx_tim.o
 .text.TIM_DMACmd
                0x00000000       0x48 ..\obj\stm32f4xx_tim.o
 .text.TIM_SelectCCDMA
                0x00000000       0x40 ..\obj\stm32f4xx_tim.o
 .text.TIM_InternalClockConfig
                0x00000000       0x24 ..\obj\stm32f4xx_tim.o
 .text.TIM_ITRxExternalClockConfig
                0x00000000       0x30 ..\obj\stm32f4xx_tim.o
 .text.TIM_TIxExternalClockConfig
                0x00000000       0x58 ..\obj\stm32f4xx_tim.o
 .text.TIM_ETRClockMode1Config
                0x00000000       0x54 ..\obj\stm32f4xx_tim.o
 .text.TIM_ETRClockMode2Config
                0x00000000       0x34 ..\obj\stm32f4xx_tim.o
 .text.TIM_SelectInputTrigger
                0x00000000       0x38 ..\obj\stm32f4xx_tim.o
 .text.TIM_SelectOutputTrigger
                0x00000000       0x38 ..\obj\stm32f4xx_tim.o
 .text.TIM_SelectSlaveMode
                0x00000000       0x38 ..\obj\stm32f4xx_tim.o
 .text.TIM_SelectMasterSlaveMode
                0x00000000       0x38 ..\obj\stm32f4xx_tim.o
 .text.TIM_ETRConfig
                0x00000000       0x4c ..\obj\stm32f4xx_tim.o
 .text.TIM_EncoderInterfaceConfig
                0x00000000       0x94 ..\obj\stm32f4xx_tim.o
 .text.TIM_SelectHallSensor
                0x00000000       0x40 ..\obj\stm32f4xx_tim.o
 .text.TIM_RemapConfig
                0x00000000       0x20 ..\obj\stm32f4xx_tim.o
 .text.TI1_Config
                0x00000000       0x80 ..\obj\stm32f4xx_tim.o
 .text.TI2_Config
                0x00000000       0x9c ..\obj\stm32f4xx_tim.o
 .text.TI3_Config
                0x00000000       0x8c ..\obj\stm32f4xx_tim.o
 .text.TI4_Config
                0x00000000       0xa4 ..\obj\stm32f4xx_tim.o
 .text          0x00000000        0x0 ..\..\..\libm.a(lib_a-s_atan.o)
 .data          0x00000000        0x0 ..\..\..\libm.a(lib_a-s_atan.o)
 .bss           0x00000000        0x0 ..\..\..\libm.a(lib_a-s_atan.o)
 .text.atan     0x00000000      0x378 ..\..\..\libm.a(lib_a-s_atan.o)
 .rodata.atanlo
                0x00000000       0x20 ..\..\..\libm.a(lib_a-s_atan.o)
 .rodata.atanhi
                0x00000000       0x20 ..\..\..\libm.a(lib_a-s_atan.o)
 .ARM.attributes
                0x00000000       0x34 ..\..\..\libm.a(lib_a-s_atan.o)
 .debug_frame   0x00000000       0x38 ..\..\..\libm.a(lib_a-s_atan.o)
 .text          0x00000000        0x0 ..\..\..\libm.a(lib_a-s_fabs.o)
 .data          0x00000000        0x0 ..\..\..\libm.a(lib_a-s_fabs.o)
 .bss           0x00000000        0x0 ..\..\..\libm.a(lib_a-s_fabs.o)
 .text.fabs     0x00000000       0x14 ..\..\..\libm.a(lib_a-s_fabs.o)
 .ARM.attributes
                0x00000000       0x34 ..\..\..\libm.a(lib_a-s_fabs.o)
 .debug_frame   0x00000000       0x20 ..\..\..\libm.a(lib_a-s_fabs.o)
 .text          0x00000000        0x0 ..\..\..\libm.a(lib_a-w_pow.o)
 .data          0x00000000        0x0 ..\..\..\libm.a(lib_a-w_pow.o)
 .bss           0x00000000        0x0 ..\..\..\libm.a(lib_a-w_pow.o)
 .text.pow      0x00000000      0x340 ..\..\..\libm.a(lib_a-w_pow.o)
 .rodata.str1.4
                0x00000000        0x4 ..\..\..\libm.a(lib_a-w_pow.o)
 .ARM.attributes
                0x00000000       0x34 ..\..\..\libm.a(lib_a-w_pow.o)
 .debug_frame   0x00000000       0x40 ..\..\..\libm.a(lib_a-w_pow.o)
 .text          0x00000000        0x0 ..\..\..\libm.a(lib_a-w_sqrt.o)
 .data          0x00000000        0x0 ..\..\..\libm.a(lib_a-w_sqrt.o)
 .bss           0x00000000        0x0 ..\..\..\libm.a(lib_a-w_sqrt.o)
 .text.sqrt     0x00000000       0xbc ..\..\..\libm.a(lib_a-w_sqrt.o)
 .rodata.str1.4
                0x00000000        0x8 ..\..\..\libm.a(lib_a-w_sqrt.o)
 .ARM.attributes
                0x00000000       0x34 ..\..\..\libm.a(lib_a-w_sqrt.o)
 .debug_frame   0x00000000       0x38 ..\..\..\libm.a(lib_a-w_sqrt.o)
 .text          0x00000000        0x0 ..\..\..\libm.a(lib_a-e_pow.o)
 .data          0x00000000        0x0 ..\..\..\libm.a(lib_a-e_pow.o)
 .bss           0x00000000        0x0 ..\..\..\libm.a(lib_a-e_pow.o)
 .text.__ieee754_pow
                0x00000000      0xae8 ..\..\..\libm.a(lib_a-e_pow.o)
 .rodata.dp_h   0x00000000       0x10 ..\..\..\libm.a(lib_a-e_pow.o)
 .rodata.dp_l   0x00000000       0x10 ..\..\..\libm.a(lib_a-e_pow.o)
 .rodata.bp     0x00000000       0x10 ..\..\..\libm.a(lib_a-e_pow.o)
 .rodata.str1.4
                0x00000000        0x4 ..\..\..\libm.a(lib_a-e_pow.o)
 .ARM.attributes
                0x00000000       0x34 ..\..\..\libm.a(lib_a-e_pow.o)
 .debug_frame   0x00000000       0x44 ..\..\..\libm.a(lib_a-e_pow.o)
 .text          0x00000000        0x0 ..\..\..\libm.a(lib_a-e_sqrt.o)
 .data          0x00000000        0x0 ..\..\..\libm.a(lib_a-e_sqrt.o)
 .bss           0x00000000        0x0 ..\..\..\libm.a(lib_a-e_sqrt.o)
 .text.__ieee754_sqrt
                0x00000000      0x198 ..\..\..\libm.a(lib_a-e_sqrt.o)
 .ARM.attributes
                0x00000000       0x34 ..\..\..\libm.a(lib_a-e_sqrt.o)
 .debug_frame   0x00000000       0x3c ..\..\..\libm.a(lib_a-e_sqrt.o)
 .text          0x00000000        0x0 ..\..\..\libm.a(lib_a-s_finite.o)
 .data          0x00000000        0x0 ..\..\..\libm.a(lib_a-s_finite.o)
 .bss           0x00000000        0x0 ..\..\..\libm.a(lib_a-s_finite.o)
 .text.finite   0x00000000       0x10 ..\..\..\libm.a(lib_a-s_finite.o)
 .ARM.attributes
                0x00000000       0x34 ..\..\..\libm.a(lib_a-s_finite.o)
 .debug_frame   0x00000000       0x20 ..\..\..\libm.a(lib_a-s_finite.o)
 .text          0x00000000        0x0 ..\..\..\libm.a(lib_a-s_fpclassify.o)
 .data          0x00000000        0x0 ..\..\..\libm.a(lib_a-s_fpclassify.o)
 .bss           0x00000000        0x0 ..\..\..\libm.a(lib_a-s_fpclassify.o)
 .text.__fpclassifyd
                0x00000000       0x54 ..\..\..\libm.a(lib_a-s_fpclassify.o)
 .ARM.attributes
                0x00000000       0x34 ..\..\..\libm.a(lib_a-s_fpclassify.o)
 .debug_frame   0x00000000       0x28 ..\..\..\libm.a(lib_a-s_fpclassify.o)
 .text          0x00000000        0x0 ..\..\..\libm.a(lib_a-s_lib_ver.o)
 .data          0x00000000        0x0 ..\..\..\libm.a(lib_a-s_lib_ver.o)
 .bss           0x00000000        0x0 ..\..\..\libm.a(lib_a-s_lib_ver.o)
 .data.__fdlib_version
                0x00000000        0x1 ..\..\..\libm.a(lib_a-s_lib_ver.o)
 .ARM.attributes
                0x00000000       0x34 ..\..\..\libm.a(lib_a-s_lib_ver.o)
 .text          0x00000000        0x0 ..\..\..\libm.a(lib_a-s_matherr.o)
 .data          0x00000000        0x0 ..\..\..\libm.a(lib_a-s_matherr.o)
 .bss           0x00000000        0x0 ..\..\..\libm.a(lib_a-s_matherr.o)
 .text.matherr  0x00000000        0x4 ..\..\..\libm.a(lib_a-s_matherr.o)
 .ARM.attributes
                0x00000000       0x34 ..\..\..\libm.a(lib_a-s_matherr.o)
 .debug_frame   0x00000000       0x20 ..\..\..\libm.a(lib_a-s_matherr.o)
 .text          0x00000000        0x0 ..\..\..\libm.a(lib_a-s_nan.o)
 .data          0x00000000        0x0 ..\..\..\libm.a(lib_a-s_nan.o)
 .bss           0x00000000        0x0 ..\..\..\libm.a(lib_a-s_nan.o)
 .text.nan      0x00000000       0x10 ..\..\..\libm.a(lib_a-s_nan.o)
 .ARM.attributes
                0x00000000       0x34 ..\..\..\libm.a(lib_a-s_nan.o)
 .debug_frame   0x00000000       0x20 ..\..\..\libm.a(lib_a-s_nan.o)
 .text          0x00000000        0x0 ..\..\..\libm.a(lib_a-s_rint.o)
 .data          0x00000000        0x0 ..\..\..\libm.a(lib_a-s_rint.o)
 .bss           0x00000000        0x0 ..\..\..\libm.a(lib_a-s_rint.o)
 .text.rint     0x00000000      0x120 ..\..\..\libm.a(lib_a-s_rint.o)
 .rodata.TWO52  0x00000000       0x10 ..\..\..\libm.a(lib_a-s_rint.o)
 .ARM.attributes
                0x00000000       0x34 ..\..\..\libm.a(lib_a-s_rint.o)
 .debug_frame   0x00000000       0x30 ..\..\..\libm.a(lib_a-s_rint.o)
 .text          0x00000000        0x0 ..\..\..\libm.a(lib_a-s_scalbn.o)
 .data          0x00000000        0x0 ..\..\..\libm.a(lib_a-s_scalbn.o)
 .bss           0x00000000        0x0 ..\..\..\libm.a(lib_a-s_scalbn.o)
 .text.scalbn   0x00000000      0x120 ..\..\..\libm.a(lib_a-s_scalbn.o)
 .ARM.attributes
                0x00000000       0x34 ..\..\..\libm.a(lib_a-s_scalbn.o)
 .debug_frame   0x00000000       0x2c ..\..\..\libm.a(lib_a-s_scalbn.o)
 .text          0x00000000        0x0 ..\..\..\libm.a(lib_a-s_copysign.o)
 .data          0x00000000        0x0 ..\..\..\libm.a(lib_a-s_copysign.o)
 .bss           0x00000000        0x0 ..\..\..\libm.a(lib_a-s_copysign.o)
 .text.copysign
                0x00000000       0x24 ..\..\..\libm.a(lib_a-s_copysign.o)
 .ARM.attributes
                0x00000000       0x34 ..\..\..\libm.a(lib_a-s_copysign.o)
 .debug_frame   0x00000000       0x28 ..\..\..\libm.a(lib_a-s_copysign.o)
 .text          0x00000000      0x370 c:/program files (x86)/gnu tools arm embedded/4.7 2013q2/bin/../lib/gcc/arm-none-eabi/4.7.4/armv7e-m/fpu\libgcc.a(_arm_addsubdf3.o)
 .data          0x00000000        0x0 c:/program files (x86)/gnu tools arm embedded/4.7 2013q2/bin/../lib/gcc/arm-none-eabi/4.7.4/armv7e-m/fpu\libgcc.a(_arm_addsubdf3.o)
 .bss           0x00000000        0x0 c:/program files (x86)/gnu tools arm embedded/4.7 2013q2/bin/../lib/gcc/arm-none-eabi/4.7.4/armv7e-m/fpu\libgcc.a(_arm_addsubdf3.o)
 .ARM.attributes
                0x00000000       0x24 c:/program files (x86)/gnu tools arm embedded/4.7 2013q2/bin/../lib/gcc/arm-none-eabi/4.7.4/armv7e-m/fpu\libgcc.a(_arm_addsubdf3.o)
 .text          0x00000000      0x424 c:/program files (x86)/gnu tools arm embedded/4.7 2013q2/bin/../lib/gcc/arm-none-eabi/4.7.4/armv7e-m/fpu\libgcc.a(_arm_muldivdf3.o)
 .data          0x00000000        0x0 c:/program files (x86)/gnu tools arm embedded/4.7 2013q2/bin/../lib/gcc/arm-none-eabi/4.7.4/armv7e-m/fpu\libgcc.a(_arm_muldivdf3.o)
 .bss           0x00000000        0x0 c:/program files (x86)/gnu tools arm embedded/4.7 2013q2/bin/../lib/gcc/arm-none-eabi/4.7.4/armv7e-m/fpu\libgcc.a(_arm_muldivdf3.o)
 .ARM.attributes
                0x00000000       0x24 c:/program files (x86)/gnu tools arm embedded/4.7 2013q2/bin/../lib/gcc/arm-none-eabi/4.7.4/armv7e-m/fpu\libgcc.a(_arm_muldivdf3.o)
 .text          0x00000000      0x110 c:/program files (x86)/gnu tools arm embedded/4.7 2013q2/bin/../lib/gcc/arm-none-eabi/4.7.4/armv7e-m/fpu\libgcc.a(_arm_cmpdf2.o)
 .data          0x00000000        0x0 c:/program files (x86)/gnu tools arm embedded/4.7 2013q2/bin/../lib/gcc/arm-none-eabi/4.7.4/armv7e-m/fpu\libgcc.a(_arm_cmpdf2.o)
 .bss           0x00000000        0x0 c:/program files (x86)/gnu tools arm embedded/4.7 2013q2/bin/../lib/gcc/arm-none-eabi/4.7.4/armv7e-m/fpu\libgcc.a(_arm_cmpdf2.o)
 .ARM.attributes
                0x00000000       0x24 c:/program files (x86)/gnu tools arm embedded/4.7 2013q2/bin/../lib/gcc/arm-none-eabi/4.7.4/armv7e-m/fpu\libgcc.a(_arm_cmpdf2.o)
 .text          0x00000000       0x50 c:/program files (x86)/gnu tools arm embedded/4.7 2013q2/bin/../lib/gcc/arm-none-eabi/4.7.4/armv7e-m/fpu\libgcc.a(_arm_fixdfsi.o)
 .data          0x00000000        0x0 c:/program files (x86)/gnu tools arm embedded/4.7 2013q2/bin/../lib/gcc/arm-none-eabi/4.7.4/armv7e-m/fpu\libgcc.a(_arm_fixdfsi.o)
 .bss           0x00000000        0x0 c:/program files (x86)/gnu tools arm embedded/4.7 2013q2/bin/../lib/gcc/arm-none-eabi/4.7.4/armv7e-m/fpu\libgcc.a(_arm_fixdfsi.o)
 .ARM.attributes
                0x00000000       0x24 c:/program files (x86)/gnu tools arm embedded/4.7 2013q2/bin/../lib/gcc/arm-none-eabi/4.7.4/armv7e-m/fpu\libgcc.a(_arm_fixdfsi.o)
 .text          0x00000000       0x40 c:/program files (x86)/gnu tools arm embedded/4.7 2013q2/bin/../lib/gcc/arm-none-eabi/4.7.4/armv7e-m/fpu\libgcc.a(_arm_fixunsdfsi.o)
 .data          0x00000000        0x0 c:/program files (x86)/gnu tools arm embedded/4.7 2013q2/bin/../lib/gcc/arm-none-eabi/4.7.4/armv7e-m/fpu\libgcc.a(_arm_fixunsdfsi.o)
 .bss           0x00000000        0x0 c:/program files (x86)/gnu tools arm embedded/4.7 2013q2/bin/../lib/gcc/arm-none-eabi/4.7.4/armv7e-m/fpu\libgcc.a(_arm_fixunsdfsi.o)
 .ARM.attributes
                0x00000000       0x24 c:/program files (x86)/gnu tools arm embedded/4.7 2013q2/bin/../lib/gcc/arm-none-eabi/4.7.4/armv7e-m/fpu\libgcc.a(_arm_fixunsdfsi.o)
 .text          0x00000000        0x0 c:/program files (x86)/gnu tools arm embedded/4.7 2013q2/bin/../lib/gcc/arm-none-eabi/4.7.4/../../../../arm-none-eabi/lib/armv7e-m/fpu\libg.a(lib_a-errno.o)
 .data          0x00000000        0x0 c:/program files (x86)/gnu tools arm embedded/4.7 2013q2/bin/../lib/gcc/arm-none-eabi/4.7.4/../../../../arm-none-eabi/lib/armv7e-m/fpu\libg.a(lib_a-errno.o)
 .bss           0x00000000        0x0 c:/program files (x86)/gnu tools arm embedded/4.7 2013q2/bin/../lib/gcc/arm-none-eabi/4.7.4/../../../../arm-none-eabi/lib/armv7e-m/fpu\libg.a(lib_a-errno.o)
 .text.__errno  0x00000000        0xc c:/program files (x86)/gnu tools arm embedded/4.7 2013q2/bin/../lib/gcc/arm-none-eabi/4.7.4/../../../../arm-none-eabi/lib/armv7e-m/fpu\libg.a(lib_a-errno.o)
 .ARM.attributes
                0x00000000       0x36 c:/program files (x86)/gnu tools arm embedded/4.7 2013q2/bin/../lib/gcc/arm-none-eabi/4.7.4/../../../../arm-none-eabi/lib/armv7e-m/fpu\libg.a(lib_a-errno.o)
 .debug_frame   0x00000000       0x20 c:/program files (x86)/gnu tools arm embedded/4.7 2013q2/bin/../lib/gcc/arm-none-eabi/4.7.4/../../../../arm-none-eabi/lib/armv7e-m/fpu\libg.a(lib_a-errno.o)
 .text          0x00000000        0x0 c:/program files (x86)/gnu tools arm embedded/4.7 2013q2/bin/../lib/gcc/arm-none-eabi/4.7.4/../../../../arm-none-eabi/lib/armv7e-m/fpu\libg.a(lib_a-impure.o)
 .data          0x00000000        0x0 c:/program files (x86)/gnu tools arm embedded/4.7 2013q2/bin/../lib/gcc/arm-none-eabi/4.7.4/../../../../arm-none-eabi/lib/armv7e-m/fpu\libg.a(lib_a-impure.o)
 .bss           0x00000000        0x0 c:/program files (x86)/gnu tools arm embedded/4.7 2013q2/bin/../lib/gcc/arm-none-eabi/4.7.4/../../../../arm-none-eabi/lib/armv7e-m/fpu\libg.a(lib_a-impure.o)
 .data.impure_data
                0x00000000      0x428 c:/program files (x86)/gnu tools arm embedded/4.7 2013q2/bin/../lib/gcc/arm-none-eabi/4.7.4/../../../../arm-none-eabi/lib/armv7e-m/fpu\libg.a(lib_a-impure.o)
 .data._impure_ptr
                0x00000000        0x4 c:/program files (x86)/gnu tools arm embedded/4.7 2013q2/bin/../lib/gcc/arm-none-eabi/4.7.4/../../../../arm-none-eabi/lib/armv7e-m/fpu\libg.a(lib_a-impure.o)
 .rodata.str1.4
                0x00000000        0x4 c:/program files (x86)/gnu tools arm embedded/4.7 2013q2/bin/../lib/gcc/arm-none-eabi/4.7.4/../../../../arm-none-eabi/lib/armv7e-m/fpu\libg.a(lib_a-impure.o)
 .rodata._global_impure_ptr
                0x00000000        0x4 c:/program files (x86)/gnu tools arm embedded/4.7 2013q2/bin/../lib/gcc/arm-none-eabi/4.7.4/../../../../arm-none-eabi/lib/armv7e-m/fpu\libg.a(lib_a-impure.o)
 .ARM.attributes
                0x00000000       0x36 c:/program files (x86)/gnu tools arm embedded/4.7 2013q2/bin/../lib/gcc/arm-none-eabi/4.7.4/../../../../arm-none-eabi/lib/armv7e-m/fpu\libg.a(lib_a-impure.o)
 .text          0x00000000        0x0 c:/program files (x86)/gnu tools arm embedded/4.7 2013q2/bin/../lib/gcc/arm-none-eabi/4.7.4/../../../../arm-none-eabi/lib/armv7e-m/fpu\libg.a(lib_a-memcpy.o)
 .data          0x00000000        0x0 c:/program files (x86)/gnu tools arm embedded/4.7 2013q2/bin/../lib/gcc/arm-none-eabi/4.7.4/../../../../arm-none-eabi/lib/armv7e-m/fpu\libg.a(lib_a-memcpy.o)
 .bss           0x00000000        0x0 c:/program files (x86)/gnu tools arm embedded/4.7 2013q2/bin/../lib/gcc/arm-none-eabi/4.7.4/../../../../arm-none-eabi/lib/armv7e-m/fpu\libg.a(lib_a-memcpy.o)
 .text          0x00000000        0x0 c:/program files (x86)/gnu tools arm embedded/4.7 2013q2/bin/../lib/gcc/arm-none-eabi/4.7.4/../../../../arm-none-eabi/lib/armv7e-m/fpu\libg.a(lib_a-memset.o)
 .data          0x00000000        0x0 c:/program files (x86)/gnu tools arm embedded/4.7 2013q2/bin/../lib/gcc/arm-none-eabi/4.7.4/../../../../arm-none-eabi/lib/armv7e-m/fpu\libg.a(lib_a-memset.o)
 .bss           0x00000000        0x0 c:/program files (x86)/gnu tools arm embedded/4.7 2013q2/bin/../lib/gcc/arm-none-eabi/4.7.4/../../../../arm-none-eabi/lib/armv7e-m/fpu\libg.a(lib_a-memset.o)

Memory Configuration

Name             Origin             Length             Attributes
rom              0x08000000         0x00100000         xr
ram              0x20000000         0x00020000         xrw
ram1             0x10000000         0x00010000         xrw
*default*        0x00000000         0xffffffff

Linker script and memory map

                0x20020000                _eram = 0x20020000

.text           0x08000000     0x48e0
 *(.isr_vector)
 .isr_vector    0x08000000      0x188 ..\obj\startup_stm32f4xx.o
                0x08000000                g_pfnVectors
 *(.text*)
 .text.pvPortMalloc
                0x08000188      0x188 ..\obj\heap_4.o
                0x08000188                pvPortMalloc
 .text.vPortFree
                0x08000310       0xb8 ..\obj\heap_4.o
                0x08000310                vPortFree
 .text.prvHeapInit
                0x080003c8       0xf8 ..\obj\heap_4.o
 .text.prvInsertBlockIntoFreeList
                0x080004c0       0xbc ..\obj\heap_4.o
 .text.InitializeTimer
                0x0800057c       0x5c ..\obj\pwm.o
                0x0800057c                InitializeTimer
 .text.InitializePWMChannel_1
                0x080005d8       0x60 ..\obj\pwm.o
                0x080005d8                InitializePWMChannel_1
 .text.InitializePWMChannel_2
                0x08000638       0x60 ..\obj\pwm.o
                0x08000638                InitializePWMChannel_2
 .text.InitializePWMChannel_3
                0x08000698       0x60 ..\obj\pwm.o
                0x08000698                InitializePWMChannel_3
 .text.InitializePWMChannel_4
                0x080006f8       0x60 ..\obj\pwm.o
                0x080006f8                InitializePWMChannel_4
 .text.InitializeLEDs
                0x08000758       0x3c ..\obj\pwm.o
                0x08000758                InitializeLEDs
 .text.Default_Reset_Handler
                0x08000794       0x7c ..\obj\startup_stm32f4xx.o
                0x08000794                Default_Reset_Handler
                0x08000794                Reset_Handler
 .text.Default_Handler
                0x08000810        0x8 ..\obj\startup_stm32f4xx.o
                0x08000810                RTC_Alarm_IRQHandler
                0x08000810                HASH_RNG_IRQHandler
                0x08000810                EXTI2_IRQHandler
                0x08000810                TIM8_CC_IRQHandler
                0x08000810                DebugMon_Handler
                0x08000810                TIM1_CC_IRQHandler
                0x08000810                DMA2_Stream5_IRQHandler
                0x08000810                HardFault_Handler
                0x08000810                DMA1_Stream5_IRQHandler
                0x08000810                PVD_IRQHandler
                0x08000810                SDIO_IRQHandler
                0x08000810                TAMP_STAMP_IRQHandler
                0x08000810                NMI_Handler
                0x08000810                CAN2_RX1_IRQHandler
                0x08000810                EXTI3_IRQHandler
                0x08000810                TIM8_TRG_COM_TIM14_IRQHandler
                0x08000810                TIM1_UP_TIM10_IRQHandler
                0x08000810                TIM8_UP_TIM13_IRQHandler
                0x08000810                I2C3_ER_IRQHandler
                0x08000810                EXTI0_IRQHandler
                0x08000810                I2C2_EV_IRQHandler
                0x08000810                DMA1_Stream2_IRQHandler
                0x08000810                CAN1_RX0_IRQHandler
                0x08000810                FPU_IRQHandler
                0x08000810                OTG_HS_WKUP_IRQHandler
                0x08000810                UsageFault_Handler
                0x08000810                CAN2_SCE_IRQHandler
                0x08000810                DMA2_Stream2_IRQHandler
                0x08000810                SPI1_IRQHandler
                0x08000810                TIM6_DAC_IRQHandler
                0x08000810                TIM1_BRK_TIM9_IRQHandler
                0x08000810                DCMI_IRQHandler
                0x08000810                CAN2_RX0_IRQHandler
                0x08000810                DMA2_Stream3_IRQHandler
                0x08000810                USART6_IRQHandler
                0x08000810                USART3_IRQHandler
                0x08000810                CRYP_IRQHandler
                0x08000810                CAN1_RX1_IRQHandler
                0x08000810                UART5_IRQHandler
                0x08000810                DMA2_Stream0_IRQHandler
                0x08000810                TIM4_IRQHandler
                0x08000810                I2C1_EV_IRQHandler
                0x08000810                DMA1_Stream6_IRQHandler
                0x08000810                DMA1_Stream1_IRQHandler
                0x08000810                UART4_IRQHandler
                0x08000810                TIM3_IRQHandler
                0x08000810                RCC_IRQHandler
                0x08000810                TIM8_BRK_TIM12_IRQHandler
                0x08000810                EXTI15_10_IRQHandler
                0x08000810                ADC_IRQHandler
                0x08000810                DMA1_Stream7_IRQHandler
                0x08000810                TIM7_IRQHandler
                0x08000810                CAN2_TX_IRQHandler
                0x08000810                TIM5_IRQHandler
                0x08000810                DMA2_Stream7_IRQHandler
                0x08000810                I2C3_EV_IRQHandler
                0x08000810                EXTI9_5_IRQHandler
                0x08000810                RTC_WKUP_IRQHandler
                0x08000810                ETH_WKUP_IRQHandler
                0x08000810                SPI2_IRQHandler
                0x08000810                OTG_HS_EP1_IN_IRQHandler
                0x08000810                MemManage_Handler
                0x08000810                DMA1_Stream0_IRQHandler
                0x08000810                CAN1_TX_IRQHandler
                0x08000810                EXTI4_IRQHandler
                0x08000810                FSMC_IRQHandler
                0x08000810                ETH_IRQHandler
                0x08000810                OTG_HS_EP1_OUT_IRQHandler
                0x08000810                WWDG_IRQHandler
                0x08000810                TIM2_IRQHandler
                0x08000810                OTG_FS_WKUP_IRQHandler
                0x08000810                TIM1_TRG_COM_TIM11_IRQHandler
                0x08000810                OTG_HS_IRQHandler
                0x08000810                EXTI1_IRQHandler
                0x08000810                USART2_IRQHandler
                0x08000810                I2C2_ER_IRQHandler
                0x08000810                DMA2_Stream1_IRQHandler
                0x08000810                CAN1_SCE_IRQHandler
                0x08000810                FLASH_IRQHandler
                0x08000810                DMA2_Stream4_IRQHandler
                0x08000810                BusFault_Handler
                0x08000810                USART1_IRQHandler
                0x08000810                OTG_FS_IRQHandler
                0x08000810                SPI3_IRQHandler
                0x08000810                DMA1_Stream4_IRQHandler
                0x08000810                I2C1_ER_IRQHandler
                0x08000810                DMA2_Stream6_IRQHandler
                0x08000810                DMA1_Stream3_IRQHandler
 .text.RX_Mode  0x08000818       0xf0 ..\obj\nRF24L01P.o
                0x08000818                RX_Mode
 .text.nRF24L01_RxPacket
                0x08000908       0x9c ..\obj\nRF24L01P.o
                0x08000908                nRF24L01_RxPacket
 .text.SPI_RD_Reg
                0x080009a4       0x3c ..\obj\nRF24L01P.o
                0x080009a4                SPI_RD_Reg
 .text.SPI_WR_Reg
                0x080009e0       0x40 ..\obj\nRF24L01P.o
                0x080009e0                SPI_WR_Reg
 .text.SPI_Read_Buf
                0x08000a20       0x64 ..\obj\nRF24L01P.o
                0x08000a20                SPI_Read_Buf
 .text.SPI_Write_Buf
                0x08000a84       0x64 ..\obj\nRF24L01P.o
                0x08000a84                SPI_Write_Buf
 .text.nRF24L01_SPI_Send_Byte
                0x08000ae8       0x68 ..\obj\nRF24L01P.o
                0x08000ae8                nRF24L01_SPI_Send_Byte
 .text.nRF24L01_SPI_NSS_H
                0x08000b50       0x18 ..\obj\nRF24L01P.o
                0x08000b50                nRF24L01_SPI_NSS_H
 .text.nRF24L01_SPI_NSS_L
                0x08000b68       0x18 ..\obj\nRF24L01P.o
                0x08000b68                nRF24L01_SPI_NSS_L
 .text.nRF24L01_CE_L
                0x08000b80       0x18 ..\obj\nRF24L01P.o
                0x08000b80                nRF24L01_CE_L
 .text.nRF24L01_CE_H
                0x08000b98       0x18 ..\obj\nRF24L01P.o
                0x08000b98                nRF24L01_CE_H
 .text.nRF24L01_HW_Init
                0x08000bb0      0x198 ..\obj\nRF24L01P.o
                0x08000bb0                nRF24L01_HW_Init
 .text.nRF24L01_Delay_10us
                0x08000d48       0x18 ..\obj\nRF24L01P.o
                0x08000d48                nRF24L01_Delay_10us
 .text.Delay_ms
                0x08000d60       0x2c ..\obj\main.o
                0x08000d60                Delay_ms
 .text.vTaskPWM
                0x08000d8c      0x2cc ..\obj\main.o
                0x08000d8c                vTaskPWM
 .text.vTaskLCD
                0x08001058      0x100 ..\obj\main.o
                0x08001058                vTaskLCD
 .text.vTask_nRF24L01
                0x08001158      0x12c ..\obj\main.o
                0x08001158                vTask_nRF24L01
 .text.main     0x08001284       0xa8 ..\obj\main.o
                0x08001284                main
 .text.RCC_AHB1PeriphClockCmd
                0x0800132c       0x54 ..\obj\stm32f4xx_rcc.o
                0x0800132c                RCC_AHB1PeriphClockCmd
 .text.RCC_APB1PeriphClockCmd
                0x08001380       0x54 ..\obj\stm32f4xx_rcc.o
                0x08001380                RCC_APB1PeriphClockCmd
 .text.RCC_APB2PeriphClockCmd
                0x080013d4       0x54 ..\obj\stm32f4xx_rcc.o
                0x080013d4                RCC_APB2PeriphClockCmd
 .text.xTimerCreateTimerTask
                0x08001428       0x6c ..\obj\timers.o
                0x08001428                xTimerCreateTimerTask
 .text.xTimerGenericCommand
                0x08001494       0xac ..\obj\timers.o
                0x08001494                xTimerGenericCommand
 .text.prvProcessExpiredTimer
                0x08001540       0x7c ..\obj\timers.o
 .text.prvTimerTask
                0x080015bc       0x24 ..\obj\timers.o
 .text.prvProcessTimerOrBlockTask
                0x080015e0       0x74 ..\obj\timers.o
 .text.prvGetNextExpireTime
                0x08001654       0x54 ..\obj\timers.o
 .text.prvSampleTimeNow
                0x080016a8       0x4c ..\obj\timers.o
 .text.prvInsertTimerInActiveList
                0x080016f4       0x94 ..\obj\timers.o
 .text.prvProcessReceivedCommands
                0x08001788      0x124 ..\obj\timers.o
 .text.prvSwitchTimerLists
                0x080018ac       0xe4 ..\obj\timers.o
 .text.prvCheckForValidListAndQueue
                0x08001990       0xb0 ..\obj\timers.o
 .text.xTaskGenericCreate
                0x08001a40      0x1c0 ..\obj\tasks.o
                0x08001a40                xTaskGenericCreate
 .text.vTaskDelayUntil
                0x08001c00       0xd0 ..\obj\tasks.o
                0x08001c00                vTaskDelayUntil
 .text.vTaskStartScheduler
                0x08001cd0       0x88 ..\obj\tasks.o
                0x08001cd0                vTaskStartScheduler
 .text.vTaskSuspendAll
                0x08001d58       0x24 ..\obj\tasks.o
                0x08001d58                vTaskSuspendAll
 .text.xTaskResumeAll
                0x08001d7c      0x174 ..\obj\tasks.o
                0x08001d7c                xTaskResumeAll
 .text.xTaskGetTickCount
                0x08001ef0       0x28 ..\obj\tasks.o
                0x08001ef0                xTaskGetTickCount
 .text.xTaskIncrementTick
                0x08001f18      0x200 ..\obj\tasks.o
                0x08001f18                xTaskIncrementTick
 .text.vTaskSwitchContext
                0x08002118       0xe4 ..\obj\tasks.o
                0x08002118                vTaskSwitchContext
 .text.vTaskPlaceOnEventList
                0x080021fc       0x84 ..\obj\tasks.o
                0x080021fc                vTaskPlaceOnEventList
 .text.vTaskPlaceOnEventListRestricted
                0x08002280       0x60 ..\obj\tasks.o
                0x08002280                vTaskPlaceOnEventListRestricted
 .text.xTaskRemoveFromEventList
                0x080022e0       0xdc ..\obj\tasks.o
                0x080022e0                xTaskRemoveFromEventList
 .text.vTaskSetTimeOutState
                0x080023bc       0x38 ..\obj\tasks.o
                0x080023bc                vTaskSetTimeOutState
 .text.xTaskCheckForTimeOut
                0x080023f4       0xb0 ..\obj\tasks.o
                0x080023f4                xTaskCheckForTimeOut
 .text.vTaskMissedYield
                0x080024a4       0x18 ..\obj\tasks.o
                0x080024a4                vTaskMissedYield
 .text.prvIdleTask
                0x080024bc       0x24 ..\obj\tasks.o
 .text.prvInitialiseTCBVariables
                0x080024e0       0xa0 ..\obj\tasks.o
 .text.prvInitialiseTaskLists
                0x08002580       0xa4 ..\obj\tasks.o
 .text.prvCheckTasksWaitingTermination
                0x08002624       0x9c ..\obj\tasks.o
 .text.prvAddCurrentTaskToDelayedList
                0x080026c0       0x8c ..\obj\tasks.o
 .text.prvAllocateTCBAndStack
                0x0800274c       0x70 ..\obj\tasks.o
 .text.prvDeleteTCB
                0x080027bc       0x20 ..\obj\tasks.o
 .text.prvResetNextTaskUnblockTime
                0x080027dc       0x5c ..\obj\tasks.o
 .text.xTaskGetCurrentTaskHandle
                0x08002838       0x20 ..\obj\tasks.o
                0x08002838                xTaskGetCurrentTaskHandle
 .text.xTaskGetSchedulerState
                0x08002858       0x48 ..\obj\tasks.o
                0x08002858                xTaskGetSchedulerState
 .text.vTaskPriorityInherit
                0x080028a0       0xf0 ..\obj\tasks.o
                0x080028a0                vTaskPriorityInherit
 .text.vTaskPriorityDisinherit
                0x08002990       0x98 ..\obj\tasks.o
                0x08002990                vTaskPriorityDisinherit
 .text.GPIO_Init
                0x08002a28      0x144 ..\obj\stm32f4xx_gpio.o
                0x08002a28                GPIO_Init
 .text.GPIO_SetBits
                0x08002b6c       0x1c ..\obj\stm32f4xx_gpio.o
                0x08002b6c                GPIO_SetBits
 .text.GPIO_ResetBits
                0x08002b88       0x1c ..\obj\stm32f4xx_gpio.o
                0x08002b88                GPIO_ResetBits
 .text.GPIO_PinAFConfig
                0x08002ba4       0xa8 ..\obj\stm32f4xx_gpio.o
                0x08002ba4                GPIO_PinAFConfig
 .text.vListInitialise
                0x08002c4c       0x40 ..\obj\list.o
                0x08002c4c                vListInitialise
 .text.vListInitialiseItem
                0x08002c8c       0x1c ..\obj\list.o
                0x08002c8c                vListInitialiseItem
 .text.vListInsertEnd
                0x08002ca8       0x48 ..\obj\list.o
                0x08002ca8                vListInsertEnd
 .text.vListInsert
                0x08002cf0       0x74 ..\obj\list.o
                0x08002cf0                vListInsert
 .text.uxListRemove
                0x08002d64       0x58 ..\obj\list.o
                0x08002d64                uxListRemove
 .text.pxPortInitialiseStack
                0x08002dbc       0x74 ..\obj\port.o
                0x08002dbc                pxPortInitialiseStack
 .text.prvTaskExitError
                0x08002e30       0x20 ..\obj\port.o
 .text.SVC_Handler
                0x08002e50       0x20 ..\obj\port.o
                0x08002e50                SVC_Handler
 .text.prvPortStartFirstTask
                0x08002e70       0x1c ..\obj\port.o
 .text.xPortStartScheduler
                0x08002e8c      0x128 ..\obj\port.o
                0x08002e8c                xPortStartScheduler
 .text.vPortYield
                0x08002fb4       0x20 ..\obj\port.o
                0x08002fb4                vPortYield
 .text.vPortEnterCritical
                0x08002fd4       0x2c ..\obj\port.o
                0x08002fd4                vPortEnterCritical
 .text.vPortExitCritical
                0x08003000       0x48 ..\obj\port.o
                0x08003000                vPortExitCritical
 .text.ulPortSetInterruptMask
                0x08003048       0x14 ..\obj\port.o
                0x08003048                ulPortSetInterruptMask
 .text.vPortClearInterruptMask
                0x0800305c        0x8 ..\obj\port.o
                0x0800305c                vPortClearInterruptMask
 .text.PendSV_Handler
                0x08003064       0x58 ..\obj\port.o
                0x08003064                PendSV_Handler
 .text.SysTick_Handler
                0x080030bc       0x2c ..\obj\port.o
                0x080030bc                SysTick_Handler
 .text.vPortSetupTimerInterrupt
                0x080030e8       0x2c ..\obj\port.o
                0x080030e8                vPortSetupTimerInterrupt
 .text.vPortEnableVFP
                0x08003114       0x14 ..\obj\port.o
 .text.vPortValidateInterruptPriority
                0x08003128       0x64 ..\obj\port.o
                0x08003128                vPortValidateInterruptPriority
 .text.xQueueGenericReset
                0x0800318c       0xc0 ..\obj\queue.o
                0x0800318c                xQueueGenericReset
 .text.xQueueGenericCreate
                0x0800324c       0x90 ..\obj\queue.o
                0x0800324c                xQueueGenericCreate
 .text.xQueueGenericSend
                0x080032dc      0x19c ..\obj\queue.o
                0x080032dc                xQueueGenericSend
 .text.xQueueGenericSendFromISR
                0x08003478       0xe8 ..\obj\queue.o
                0x08003478                xQueueGenericSendFromISR
 .text.xQueueGenericReceive
                0x08003560      0x1dc ..\obj\queue.o
                0x08003560                xQueueGenericReceive
 .text.prvCopyDataToQueue
                0x0800373c       0xdc ..\obj\queue.o
 .text.prvCopyDataFromQueue
                0x08003818       0x50 ..\obj\queue.o
 .text.prvUnlockQueue
                0x08003868       0xa0 ..\obj\queue.o
 .text.prvIsQueueEmpty
                0x08003908       0x34 ..\obj\queue.o
 .text.prvIsQueueFull
                0x0800393c       0x38 ..\obj\queue.o
 .text.vQueueAddToRegistry
                0x08003974       0x64 ..\obj\queue.o
                0x08003974                vQueueAddToRegistry
 .text.vQueueWaitForMessageRestricted
                0x080039d8       0x60 ..\obj\queue.o
                0x080039d8                vQueueWaitForMessageRestricted
 .text.delay    0x08003a38       0x1c ..\obj\lcd.o
                0x08003a38                delay
 .text.lcd_write_dec_xxx
                0x08003a54       0xd0 ..\obj\lcd.o
                0x08003a54                lcd_write_dec_xxx
 .text.lcd_write_dec_xx
                0x08003b24       0xa8 ..\obj\lcd.o
                0x08003b24                lcd_write_dec_xx
 .text.lcd_init_gpio
                0x08003bcc       0x3c ..\obj\lcd.o
                0x08003bcc                lcd_init_gpio
 .text.lcd_write_data
                0x08003c08       0x64 ..\obj\lcd.o
                0x08003c08                lcd_write_data
 .text.lcd_init
                0x08003c6c       0xa4 ..\obj\lcd.o
                0x08003c6c                lcd_init
 .text.lcd_write_str
                0x08003d10       0x2c ..\obj\lcd.o
                0x08003d10                lcd_write_str
 .text.lcd_write_cmd
                0x08003d3c       0x94 ..\obj\lcd.o
                0x08003d3c                lcd_write_cmd
 .text.lcd_set_cursor
                0x08003dd0       0x34 ..\obj\lcd.o
                0x08003dd0                lcd_set_cursor
 .text.SPI_Init
                0x08003e04       0x88 ..\obj\stm32f4xx_spi.o
                0x08003e04                SPI_Init
 .text.SPI_Cmd  0x08003e8c       0x40 ..\obj\stm32f4xx_spi.o
                0x08003e8c                SPI_Cmd
 .text.SPI_SSOutputCmd
                0x08003ecc       0x40 ..\obj\stm32f4xx_spi.o
                0x08003ecc                SPI_SSOutputCmd
 .text.SPI_I2S_ReceiveData
                0x08003f0c       0x1c ..\obj\stm32f4xx_spi.o
                0x08003f0c                SPI_I2S_ReceiveData
 .text.SPI_I2S_SendData
                0x08003f28       0x1c ..\obj\stm32f4xx_spi.o
                0x08003f28                SPI_I2S_SendData
 .text.SPI_CalculateCRC
                0x08003f44       0x40 ..\obj\stm32f4xx_spi.o
                0x08003f44                SPI_CalculateCRC
 .text.SPI_I2S_GetFlagStatus
                0x08003f84       0x40 ..\obj\stm32f4xx_spi.o
                0x08003f84                SPI_I2S_GetFlagStatus
 .text.TIM_TimeBaseInit
                0x08003fc4       0xf4 ..\obj\stm32f4xx_tim.o
                0x08003fc4                TIM_TimeBaseInit
 .text.TIM_Cmd  0x080040b8       0x40 ..\obj\stm32f4xx_tim.o
                0x080040b8                TIM_Cmd
 .text.TIM_OC1Init
                0x080040f8       0xfc ..\obj\stm32f4xx_tim.o
                0x080040f8                TIM_OC1Init
 .text.TIM_OC2Init
                0x080041f4      0x128 ..\obj\stm32f4xx_tim.o
                0x080041f4                TIM_OC2Init
 .text.TIM_OC3Init
                0x0800431c      0x120 ..\obj\stm32f4xx_tim.o
                0x0800431c                TIM_OC3Init
 .text.TIM_OC4Init
                0x0800443c       0xe0 ..\obj\stm32f4xx_tim.o
                0x0800443c                TIM_OC4Init
 .text.TIM_OC1PreloadConfig
                0x0800451c       0x38 ..\obj\stm32f4xx_tim.o
                0x0800451c                TIM_OC1PreloadConfig
 .text.TIM_OC2PreloadConfig
                0x08004554       0x40 ..\obj\stm32f4xx_tim.o
                0x08004554                TIM_OC2PreloadConfig
 .text.TIM_OC3PreloadConfig
                0x08004594       0x38 ..\obj\stm32f4xx_tim.o
                0x08004594                TIM_OC3PreloadConfig
 .text.TIM_OC4PreloadConfig
                0x080045cc       0x40 ..\obj\stm32f4xx_tim.o
                0x080045cc                TIM_OC4PreloadConfig
 .text.memcpy   0x0800460c      0x144 c:/program files (x86)/gnu tools arm embedded/4.7 2013q2/bin/../lib/gcc/arm-none-eabi/4.7.4/../../../../arm-none-eabi/lib/armv7e-m/fpu\libg.a(lib_a-memcpy.o)
                0x0800460c                memcpy
 .text.memset   0x08004750      0x12c c:/program files (x86)/gnu tools arm embedded/4.7 2013q2/bin/../lib/gcc/arm-none-eabi/4.7.4/../../../../arm-none-eabi/lib/armv7e-m/fpu\libg.a(lib_a-memset.o)
                0x08004750                memset
 *(.init)
 *(.fini)
 *crtbegin.o(.ctors)
 *crtbegin?.o(.ctors)
 *(EXCLUDE_FILE(*crtend.o *crtend?.o) .ctors)
 *(SORT(.ctors.*))
 *(.ctors)
 *crtbegin.o(.dtors)
 *crtbegin?.o(.dtors)
 *(EXCLUDE_FILE(*crtend.o *crtend?.o) .dtors)
 *(SORT(.dtors.*))
 *(.dtors)
 *(.rodata*)
 .rodata        0x0800487c        0x8 ..\obj\heap_4.o
 .rodata        0x08004884       0x24 ..\obj\main.o
 .rodata        0x080048a8       0x10 ..\obj\timers.o
 .rodata        0x080048b8        0x8 ..\obj\tasks.o
 .rodata        0x080048c0        0x4 ..\obj\port.o
 .rodata        0x080048c4       0x1c ..\obj\lcd.o
                0x080048c4                lcd_2x16_decode
 *(.eh_fram e*)

.glue_7         0x080048e0        0x0
 .glue_7        0x00000000        0x0 linker stubs

.glue_7t        0x080048e0        0x0
 .glue_7t       0x00000000        0x0 linker stubs

.vfp11_veneer   0x080048e0        0x0
 .vfp11_veneer  0x00000000        0x0 linker stubs

.v4_bx          0x080048e0        0x0
 .v4_bx         0x00000000        0x0 linker stubs

.iplt           0x080048e0        0x0
 .iplt          0x00000000        0x0 ..\obj\heap_4.o

.rel.dyn        0x080048e0        0x0
 .rel.iplt      0x00000000        0x0 ..\obj\heap_4.o

.ARM.extab
 *(.ARM.extab* .gnu.linkonce.armextab.*)
                0x080048e0                __exidx_start = .

.ARM.exidx
 *(.ARM.exidx* .gnu.linkonce.armexidx.*)
                0x080048e0                __exidx_end = .
                0x080048e0                __etext = .
                0x080048e0                _sidata = __etext

.data           0x20000000       0x28 load address 0x080048e0
                0x20000000                __data_start__ = .
                0x20000000                _sdata = __data_start__
 *(vtable)
 *(.data*)
 .data          0x20000000        0x8 ..\obj\heap_4.o
 .data          0x20000008       0x10 ..\obj\nRF24L01P.o
                0x20000008                TX_ADDRESS
                0x20000010                RX_ADDRESS
 .data          0x20000018        0x8 ..\obj\main.o
                0x20000018                pwm_1_pulse
                0x2000001a                pwm_2_pulse
                0x2000001c                pwm_3_pulse
                0x2000001e                pwm_4_pulse
 .data          0x20000020        0x4 ..\obj\tasks.o
 .data          0x20000024        0x4 ..\obj\port.o
                0x20000028                . = ALIGN (0x4)
                0x20000028                PROVIDE (__preinit_array_start, .)
 *(.preinit_array)
                0x20000028                PROVIDE (__preinit_array_end, .)
                0x20000028                . = ALIGN (0x4)
                0x20000028                PROVIDE (__init_array_start, .)
 *(SORT(.init_array.*))
 *(.init_array)
                0x20000028                PROVIDE (__init_array_end, .)
                0x20000028                . = ALIGN (0x4)
                0x20000028                PROVIDE (__fini_array_start, .)
 *(SORT(.fini_array.*))
 *(.fini_array)
                0x20000028                PROVIDE (__fini_array_end, .)
 *(.jcr*)
                0x20000028                . = ALIGN (0x4)
                0x20000028                __data_end__ = .
                0x20000028                _edata = __data_end__

.igot.plt       0x20000028        0x0 load address 0x08004908
 .igot.plt      0x00000000        0x0 ..\obj\heap_4.o

.bss            0x20000028    0x12e2c load address 0x08004908
                0x20000028                . = ALIGN (0x4)
                0x20000028                __bss_start__ = .
                0x20000028                _sbss = __bss_start__
 *(.bss*)
 .bss           0x20000028    0x12c10 ..\obj\heap_4.o
 .bss           0x20012c38       0x88 ..\obj\main.o
                0x20012c38                Ix
                0x20012c40                dIx
                0x20012c48                Gx_Prev
                0x20012c50                Gx_Cur
                0x20012c58                Iy
                0x20012c60                dIy
                0x20012c68                Gy_Prev
                0x20012c70                Gy_Cur
                0x20012c78                t_Cur
                0x20012c80                t_Prev
                0x20012c88                h
                0x20012c90                ACCEL_XANGLE
                0x20012c98                ACCEL_YANGLE
                0x20012ca0                Cx
                0x20012ca8                Cy
                0x20012cb0                ADD
                0x20012cb3                pwm_1_incremented
                0x20012cb4                pwm_2_incremented
                0x20012cb5                pwm_3_incremented
                0x20012cb6                pwm_4_incremented
                0x20012cb7                pwm_1_decremented
                0x20012cb8                pwm_2_decremented
                0x20012cb9                pwm_3_decremented
                0x20012cba                pwm_4_decremented
 .bss           0x20012cc0       0x38 ..\obj\timers.o
 .bss           0x20012cf8       0xfc ..\obj\tasks.o
                0x20012cf8                pxCurrentTCB
 .bss           0x20012df4        0x8 ..\obj\port.o
 *(COMMON)
 COMMON         0x20012dfc       0x16 ..\obj\main.o
                0x20012dfc                received_byte
                0x20012dfe                AccY
                0x20012e00                GyrY
                0x20012e04                rx_buff
                0x20012e06                Temp
                0x20012e08                curstate
                0x20012e0a                AccZ
                0x20012e0c                GyrX
                0x20012e0e                AccX
                0x20012e10                GyrZ
 *fill*         0x20012e12        0x2 00
 COMMON         0x20012e14       0x40 ..\obj\queue.o
                0x20012e14                xQueueRegistry
                0x20012e54                . = ALIGN (0x4)
                0x20012e54                __bss_end__ = .
                0x20012e54                _ebss = __bss_end__

.heap           0x20012e54        0x0
                0x20012e54                __end__ = .
                0x20012e54                _end = __end__
                0x20012e54                end = __end__
 *(.heap*)
                0x20012e54                __HeapLimit = .

.co_stack       0x20012e54      0x804 load address 0x08017734
                0x20012e58                . = ALIGN (0x8)
 *fill*         0x20012e54        0x4 00
 *(.co_stack .co_stack.*)
 .co_stack      0x20012e58      0x800 ..\obj\startup_stm32f4xx.o
                0x20012e58                pulStack
                0x20020000                __StackTop = (ORIGIN (ram) + 0x20000)
                0x2001f7fc                __StackLimit = (__StackTop - SIZEOF (.co_stack))
                0x20020000                PROVIDE (__stack, __StackTop)
                0x00000001                ASSERT ((__StackLimit >= __HeapLimit), region ram  overflowed with stack)
LOAD ..\obj\heap_4.o
LOAD ..\obj\pwm.o
LOAD ..\obj\CompFilter.o
LOAD ..\obj\startup_stm32f4xx.o
LOAD ..\obj\nRF24L01P.o
LOAD ..\obj\main.o
LOAD ..\obj\stm32f4xx_rcc.o
LOAD ..\obj\timers.o
LOAD ..\obj\tasks.o
LOAD ..\obj\stm32f4xx_gpio.o
LOAD ..\obj\list.o
LOAD ..\obj\system_stm32f4xx.o
LOAD ..\obj\port.o
LOAD ..\obj\queue.o
LOAD ..\obj\croutine.o
LOAD ..\obj\lcd.o
LOAD ..\obj\stm32f4xx_spi.o
LOAD ..\obj\event_groups.o
LOAD ..\obj\stm32f4xx_i2c.o
LOAD ..\obj\MPU6050.o
LOAD ..\obj\stm32f4xx_tim.o
LOAD ..\..\..\libm.a
START GROUP
LOAD c:/program files (x86)/gnu tools arm embedded/4.7 2013q2/bin/../lib/gcc/arm-none-eabi/4.7.4/armv7e-m/fpu\libgcc.a
LOAD c:/program files (x86)/gnu tools arm embedded/4.7 2013q2/bin/../lib/gcc/arm-none-eabi/4.7.4/../../../../arm-none-eabi/lib/armv7e-m/fpu\libg.a
LOAD c:/program files (x86)/gnu tools arm embedded/4.7 2013q2/bin/../lib/gcc/arm-none-eabi/4.7.4/../../../../arm-none-eabi/lib/armv7e-m/fpu\libc.a
END GROUP
OUTPUT(QuadroFreeRTOS.elf elf32-littlearm)

.debug_info     0x00000000     0x897c
 .debug_info    0x00000000      0x31d ..\obj\heap_4.o
 .debug_info    0x0000031d      0x6c5 ..\obj\pwm.o
 .debug_info    0x000009e2      0x103 ..\obj\startup_stm32f4xx.o
 .debug_info    0x00000ae5      0x77a ..\obj\nRF24L01P.o
 .debug_info    0x0000125f      0x62f ..\obj\main.o
 .debug_info    0x0000188e      0xd49 ..\obj\stm32f4xx_rcc.o
 .debug_info    0x000025d7      0x801 ..\obj\timers.o
 .debug_info    0x00002dd8     0x12a6 ..\obj\tasks.o
 .debug_info    0x0000407e      0x640 ..\obj\stm32f4xx_gpio.o
 .debug_info    0x000046be      0x2c1 ..\obj\list.o
 .debug_info    0x0000497f      0x35c ..\obj\port.o
 .debug_info    0x00004cdb      0xc4a ..\obj\queue.o
 .debug_info    0x00005925      0x5fc ..\obj\lcd.o
 .debug_info    0x00005f21      0xbde ..\obj\stm32f4xx_spi.o
 .debug_info    0x00006aff     0x1e7d ..\obj\stm32f4xx_tim.o

.debug_abbrev   0x00000000     0x161a
 .debug_abbrev  0x00000000      0x170 ..\obj\heap_4.o
 .debug_abbrev  0x00000170      0x128 ..\obj\pwm.o
 .debug_abbrev  0x00000298       0xb2 ..\obj\startup_stm32f4xx.o
 .debug_abbrev  0x0000034a      0x1ae ..\obj\nRF24L01P.o
 .debug_abbrev  0x000004f8      0x161 ..\obj\main.o
 .debug_abbrev  0x00000659      0x1e5 ..\obj\stm32f4xx_rcc.o
 .debug_abbrev  0x0000083e      0x188 ..\obj\timers.o
 .debug_abbrev  0x000009c6      0x226 ..\obj\tasks.o
 .debug_abbrev  0x00000bec      0x1a5 ..\obj\stm32f4xx_gpio.o
 .debug_abbrev  0x00000d91       0xbe ..\obj\list.o
 .debug_abbrev  0x00000e4f      0x1a4 ..\obj\port.o
 .debug_abbrev  0x00000ff3      0x1ba ..\obj\queue.o
 .debug_abbrev  0x000011ad      0x17b ..\obj\lcd.o
 .debug_abbrev  0x00001328      0x169 ..\obj\stm32f4xx_spi.o
 .debug_abbrev  0x00001491      0x189 ..\obj\stm32f4xx_tim.o

.debug_loc      0x00000000     0x46f9
 .debug_loc     0x00000000      0x164 ..\obj\heap_4.o
 .debug_loc     0x00000164      0x150 ..\obj\pwm.o
 .debug_loc     0x000002b4       0x64 ..\obj\startup_stm32f4xx.o
 .debug_loc     0x00000318      0x2d4 ..\obj\nRF24L01P.o
 .debug_loc     0x000005ec      0x189 ..\obj\main.o
 .debug_loc     0x00000775      0x97c ..\obj\stm32f4xx_rcc.o
 .debug_loc     0x000010f1      0x304 ..\obj\timers.o
 .debug_loc     0x000013f5      0x9a8 ..\obj\tasks.o
 .debug_loc     0x00001d9d      0x310 ..\obj\stm32f4xx_gpio.o
 .debug_loc     0x000020ad      0x118 ..\obj\list.o
 .debug_loc     0x000021c5      0x1dc ..\obj\port.o
 .debug_loc     0x000023a1      0x620 ..\obj\queue.o
 .debug_loc     0x000029c1      0x3a0 ..\obj\lcd.o
 .debug_loc     0x00002d61      0x578 ..\obj\stm32f4xx_spi.o
 .debug_loc     0x000032d9     0x1420 ..\obj\stm32f4xx_tim.o

.debug_aranges  0x00000000      0xbe8
 .debug_aranges
                0x00000000       0x50 ..\obj\heap_4.o
 .debug_aranges
                0x00000050       0x48 ..\obj\pwm.o
 .debug_aranges
                0x00000098       0x28 ..\obj\startup_stm32f4xx.o
 .debug_aranges
                0x000000c0       0x88 ..\obj\nRF24L01P.o
 .debug_aranges
                0x00000148       0x50 ..\obj\main.o
 .debug_aranges
                0x00000198      0x178 ..\obj\stm32f4xx_rcc.o
 .debug_aranges
                0x00000310       0x88 ..\obj\timers.o
 .debug_aranges
                0x00000398      0x180 ..\obj\tasks.o
 .debug_aranges
                0x00000518       0x88 ..\obj\stm32f4xx_gpio.o
 .debug_aranges
                0x000005a0       0x40 ..\obj\list.o
 .debug_aranges
                0x000005e0       0x98 ..\obj\port.o
 .debug_aranges
                0x00000678       0xf8 ..\obj\queue.o
 .debug_aranges
                0x00000770       0xa0 ..\obj\lcd.o
 .debug_aranges
                0x00000810       0xe0 ..\obj\stm32f4xx_spi.o
 .debug_aranges
                0x000008f0      0x2f8 ..\obj\stm32f4xx_tim.o

.debug_ranges   0x00000000      0xaf8
 .debug_ranges  0x00000000       0x40 ..\obj\heap_4.o
 .debug_ranges  0x00000040       0x38 ..\obj\pwm.o
 .debug_ranges  0x00000078       0x18 ..\obj\startup_stm32f4xx.o
 .debug_ranges  0x00000090       0x78 ..\obj\nRF24L01P.o
 .debug_ranges  0x00000108       0x40 ..\obj\main.o
 .debug_ranges  0x00000148      0x168 ..\obj\stm32f4xx_rcc.o
 .debug_ranges  0x000002b0       0x78 ..\obj\timers.o
 .debug_ranges  0x00000328      0x170 ..\obj\tasks.o
 .debug_ranges  0x00000498       0x78 ..\obj\stm32f4xx_gpio.o
 .debug_ranges  0x00000510       0x30 ..\obj\list.o
 .debug_ranges  0x00000540       0x88 ..\obj\port.o
 .debug_ranges  0x000005c8       0xe8 ..\obj\queue.o
 .debug_ranges  0x000006b0       0x90 ..\obj\lcd.o
 .debug_ranges  0x00000740       0xd0 ..\obj\stm32f4xx_spi.o
 .debug_ranges  0x00000810      0x2e8 ..\obj\stm32f4xx_tim.o

.debug_line     0x00000000     0x407e
 .debug_line    0x00000000      0x266 ..\obj\heap_4.o
 .debug_line    0x00000266      0x24c ..\obj\pwm.o
 .debug_line    0x000004b2       0xa3 ..\obj\startup_stm32f4xx.o
 .debug_line    0x00000555      0x361 ..\obj\nRF24L01P.o
 .debug_line    0x000008b6      0x35e ..\obj\main.o
 .debug_line    0x00000c14      0x572 ..\obj\stm32f4xx_rcc.o
 .debug_line    0x00001186      0x369 ..\obj\timers.o
 .debug_line    0x000014ef      0xa7c ..\obj\tasks.o
 .debug_line    0x00001f6b      0x316 ..\obj\stm32f4xx_gpio.o
 .debug_line    0x00002281      0x1ba ..\obj\list.o
 .debug_line    0x0000243b      0x2da ..\obj\port.o
 .debug_line    0x00002715      0x7a5 ..\obj\queue.o
 .debug_line    0x00002eba      0x34a ..\obj\lcd.o
 .debug_line    0x00003204      0x42a ..\obj\stm32f4xx_spi.o
 .debug_line    0x0000362e      0xa50 ..\obj\stm32f4xx_tim.o

.debug_str      0x00000000     0x37e4
 .debug_str     0x00000000      0x2bd ..\obj\heap_4.o
                                0x2f6 (size before relaxing)
 .debug_str     0x000002bd      0x457 ..\obj\pwm.o
                                0x555 (size before relaxing)
 .debug_str     0x00000714       0xb1 ..\obj\startup_stm32f4xx.o
                                0x115 (size before relaxing)
 .debug_str     0x000007c5      0x22f ..\obj\nRF24L01P.o
                                0x537 (size before relaxing)
 .debug_str     0x000009f4      0x23d ..\obj\main.o
                                0x39b (size before relaxing)
 .debug_str     0x00000c31      0x642 ..\obj\stm32f4xx_rcc.o
                                0x7f4 (size before relaxing)
 .debug_str     0x00001273      0x47b ..\obj\timers.o
                                0x5e0 (size before relaxing)
 .debug_str     0x000016ee      0x95c ..\obj\tasks.o
                                0xb67 (size before relaxing)
 .debug_str     0x0000204a      0x1a4 ..\obj\stm32f4xx_gpio.o
                                0x447 (size before relaxing)
 .debug_str     0x000021ee       0xbb ..\obj\list.o
                                0x25c (size before relaxing)
 .debug_str     0x000022a9      0x242 ..\obj\port.o
                                0x385 (size before relaxing)
 .debug_str     0x000024eb      0x472 ..\obj\queue.o
                                0x6db (size before relaxing)
 .debug_str     0x0000295d      0x17d ..\obj\lcd.o
                                0x445 (size before relaxing)
 .debug_str     0x00002ada      0x30b ..\obj\stm32f4xx_spi.o
                                0x62e (size before relaxing)
 .debug_str     0x00002de5      0x9ff ..\obj\stm32f4xx_tim.o
                                0xd74 (size before relaxing)

.comment        0x00000000       0x70
 .comment       0x00000000       0x70 ..\obj\heap_4.o
                                 0x71 (size before relaxing)
 .comment       0x00000000       0x71 ..\obj\pwm.o
 .comment       0x00000000       0x71 ..\obj\startup_stm32f4xx.o
 .comment       0x00000000       0x71 ..\obj\nRF24L01P.o
 .comment       0x00000000       0x71 ..\obj\main.o
 .comment       0x00000000       0x71 ..\obj\stm32f4xx_rcc.o
 .comment       0x00000000       0x71 ..\obj\timers.o
 .comment       0x00000000       0x71 ..\obj\tasks.o
 .comment       0x00000000       0x71 ..\obj\stm32f4xx_gpio.o
 .comment       0x00000000       0x71 ..\obj\list.o
 .comment       0x00000000       0x71 ..\obj\port.o
 .comment       0x00000000       0x71 ..\obj\queue.o
 .comment       0x00000000       0x71 ..\obj\lcd.o
 .comment       0x00000000       0x71 ..\obj\stm32f4xx_spi.o
 .comment       0x00000000       0x71 ..\obj\stm32f4xx_tim.o

.ARM.attributes
                0x00000000       0x3b
 .ARM.attributes
                0x00000000       0x3b ..\obj\heap_4.o
 .ARM.attributes
                0x0000003b       0x3b ..\obj\pwm.o
 .ARM.attributes
                0x00000076       0x3b ..\obj\startup_stm32f4xx.o
 .ARM.attributes
                0x000000b1       0x3b ..\obj\nRF24L01P.o
 .ARM.attributes
                0x000000ec       0x3b ..\obj\main.o
 .ARM.attributes
                0x00000127       0x3b ..\obj\stm32f4xx_rcc.o
 .ARM.attributes
                0x00000162       0x3b ..\obj\timers.o
 .ARM.attributes
                0x0000019d       0x3b ..\obj\tasks.o
 .ARM.attributes
                0x000001d8       0x3b ..\obj\stm32f4xx_gpio.o
 .ARM.attributes
                0x00000213       0x3b ..\obj\list.o
 .ARM.attributes
                0x0000024e       0x3b ..\obj\port.o
 .ARM.attributes
                0x00000289       0x3b ..\obj\queue.o
 .ARM.attributes
                0x000002c4       0x3b ..\obj\lcd.o
 .ARM.attributes
                0x000002ff       0x3b ..\obj\stm32f4xx_spi.o
 .ARM.attributes
                0x0000033a       0x3b ..\obj\stm32f4xx_tim.o
 .ARM.attributes
                0x00000375       0x36 c:/program files (x86)/gnu tools arm embedded/4.7 2013q2/bin/../lib/gcc/arm-none-eabi/4.7.4/../../../../arm-none-eabi/lib/armv7e-m/fpu\libg.a(lib_a-memcpy.o)
 .ARM.attributes
                0x000003ab       0x36 c:/program files (x86)/gnu tools arm embedded/4.7 2013q2/bin/../lib/gcc/arm-none-eabi/4.7.4/../../../../arm-none-eabi/lib/armv7e-m/fpu\libg.a(lib_a-memset.o)

.debug_frame    0x00000000     0x2784
 .debug_frame   0x00000000       0xd4 ..\obj\heap_4.o
 .debug_frame   0x000000d4       0xd0 ..\obj\pwm.o
 .debug_frame   0x000001a4       0x48 ..\obj\startup_stm32f4xx.o
 .debug_frame   0x000001ec      0x1bc ..\obj\nRF24L01P.o
 .debug_frame   0x000003a8       0xf4 ..\obj\main.o
 .debug_frame   0x0000049c      0x4d8 ..\obj\stm32f4xx_rcc.o
 .debug_frame   0x00000974      0x1c4 ..\obj\timers.o
 .debug_frame   0x00000b38      0x578 ..\obj\tasks.o
 .debug_frame   0x000010b0      0x19c ..\obj\stm32f4xx_gpio.o
 .debug_frame   0x0000124c       0x9c ..\obj\list.o
 .debug_frame   0x000012e8      0x188 ..\obj\port.o
 .debug_frame   0x00001470      0x37c ..\obj\queue.o
 .debug_frame   0x000017ec      0x230 ..\obj\lcd.o
 .debug_frame   0x00001a1c      0x2d0 ..\obj\stm32f4xx_spi.o
 .debug_frame   0x00001cec      0xa3c ..\obj\stm32f4xx_tim.o
 .debug_frame   0x00002728       0x30 c:/program files (x86)/gnu tools arm embedded/4.7 2013q2/bin/../lib/gcc/arm-none-eabi/4.7.4/../../../../arm-none-eabi/lib/armv7e-m/fpu\libg.a(lib_a-memcpy.o)
 .debug_frame   0x00002758       0x2c c:/program files (x86)/gnu tools arm embedded/4.7 2013q2/bin/../lib/gcc/arm-none-eabi/4.7.4/../../../../arm-none-eabi/lib/armv7e-m/fpu\libg.a(lib_a-memset.o)
